******************************************************************************
             TMS320C2000 Linker PC v21.6.0                     
******************************************************************************
>> Linked Sat Jun 19 15:44:29 2021

OUTPUT FILE NAME:   <F280049_sci_flash_kernel.out>
ENTRY POINT SYMBOL: "code_start"  address: 00000000


MEMORY CONFIGURATION

         name            origin    length      used     unused   attr    fill
----------------------  --------  ---------  --------  --------  ----  --------
PAGE 0:
  BEGIN                 00000000   00000002  00000002  00000000  RWIX
  RAMM0                 000000f4   0000030c  00000068  000002a4  RWIX
  RAMLS0                00008000   00000800  00000800  00000000  RWIX
  RAMLS1                00008800   00000800  00000800  00000000  RWIX
  RAMLS2                00009000   00000800  00000800  00000000  RWIX
  RAMLS3                00009800   00000800  000006c8  00000138  RWIX
  RAMLS4                0000a000   00000800  00000000  00000800  RWIX
  FLASH_BANK0_SEC0      00080000   00001000  00000000  00001000  RWIX
  FLASH_BANK0_SEC1      00081000   00001000  00000000  00001000  RWIX
  FLASH_BANK0_SEC2      00082000   00001000  00000000  00001000  RWIX
  FLASH_BANK0_SEC3      00083000   00001000  00000000  00001000  RWIX
  FLASH_BANK0_SEC4      00084000   00001000  00000000  00001000  RWIX
  FLASH_BANK0_SEC5      00085000   00001000  00000000  00001000  RWIX
  FLASH_BANK0_SEC6      00086000   00001000  00000000  00001000  RWIX
  FLASH_BANK0_SEC7      00087000   00001000  00000000  00001000  RWIX
  FLASH_BANK0_SEC8      00088000   00001000  00000000  00001000  RWIX
  FLASH_BANK0_SEC9      00089000   00001000  00000000  00001000  RWIX
  FLASH_BANK0_SEC10     0008a000   00001000  00000000  00001000  RWIX
  FLASH_BANK0_SEC11     0008b000   00001000  00000000  00001000  RWIX
  FLASH_BANK0_SEC12     0008c000   00001000  00000000  00001000  RWIX
  FLASH_BANK0_SEC13     0008d000   00001000  00000000  00001000  RWIX
  FLASH_BANK0_SEC14     0008e000   00001000  00000000  00001000  RWIX
  FLASH_BANK0_SEC15     0008f000   00001000  00000000  00001000  RWIX
  FLASH_BANK1_SEC0      00090000   00001000  00000000  00001000  RWIX
  FLASH_BANK1_SEC1      00091000   00001000  00000000  00001000  RWIX
  FLASH_BANK1_SEC2      00092000   00001000  00000000  00001000  RWIX
  FLASH_BANK1_SEC3      00093000   00001000  00000000  00001000  RWIX
  FLASH_BANK1_SEC4      00094000   00001000  00000000  00001000  RWIX
  FLASH_BANK1_SEC5      00095000   00001000  00000000  00001000  RWIX
  FLASH_BANK1_SEC6      00096000   00001000  00000000  00001000  RWIX
  FLASH_BANK1_SEC7      00097000   00001000  00000000  00001000  RWIX
  FLASH_BANK1_SEC8      00098000   00001000  00000000  00001000  RWIX
  FLASH_BANK1_SEC9      00099000   00001000  00000000  00001000  RWIX
  FLASH_BANK1_SEC10     0009a000   00001000  00000000  00001000  RWIX
  FLASH_BANK1_SEC11     0009b000   00001000  00000000  00001000  RWIX
  FLASH_BANK1_SEC12     0009c000   00001000  00000000  00001000  RWIX
  FLASH_BANK1_SEC13     0009d000   00001000  00000000  00001000  RWIX
  FLASH_BANK1_SEC14     0009e000   00001000  00000000  00001000  RWIX
  FLASH_BANK1_SEC15     0009f000   00001000  00000000  00001000  RWIX
  RESET                 003fffc0   00000002  00000000  00000002  RWIX

PAGE 1:
  BOOT_RSVD             00000002   000000f1  00000000  000000f1  RWIX
  RAMM1                 00000400   000003f8  00000100  000002f8  RWIX
  RAMLS5                0000a800   00000800  00000465  0000039b  RWIX
  RAMLS6                0000b000   00000800  00000000  00000800  RWIX
  RAMLS7                0000b800   00000800  00000000  00000800  RWIX
  RAMGS0                0000c000   00002000  00000000  00002000  RWIX
  RAMGS1                0000e000   00002000  00000000  00002000  RWIX
  RAMGS2                00010000   00002000  00000000  00002000  RWIX
  RAMGS3                00012000   00001ff8  00000000  00001ff8  RWIX


SECTION ALLOCATION MAP

 output                                  attributes/
section   page    origin      length       input sections
--------  ----  ----------  ----------   ----------------
codestart 
*          0    00000000    00000002     
                  00000000    00000002     codestartbranch.obj (codestart)

.cinit     0    000000f4    00000047     
                  000000f4    00000023     boot.obj (.cinit:_erasedAlready)
                  00000117    0000000e     rts2800_fpu32.lib : exit.c.obj (.cinit)
                  00000125    0000000a     device.obj (.cinit)
                  0000012f    00000005     rts2800_fpu32.lib : _lock.c.obj (.cinit:__lock)
                  00000134    00000005                       : _lock.c.obj (.cinit:__unlock)
                  00000139    00000002     --HOLE-- [fill = 0]

.TI.ramfunc 
*          0    0000013b    00000021     
                  0000013b    0000001d     sci_flash_kernel.obj (.TI.ramfunc)
                  00000158    00000004     driverlib_coff.lib : sysctl.obj (.TI.ramfunc)

.reset     0    003fffc0    00000002     DSECT
                  003fffc0    00000002     rts2800_fpu32.lib : boot28.asm.obj (.reset)

.stack     1    00000400    00000100     UNINITIALIZED
                  00000400    00000100     --HOLE--

.pinit     0    000000f4    00000000     UNINITIALIZED

.econst    1    0000a800    00000425     
                  0000a800    000000ef     driverlib_coff.lib : gpio.obj (.econst:.string)
                  0000a8ef    00000001     --HOLE-- [fill = 0]
                  0000a8f0    000000ef                        : sysctl.obj (.econst:.string)
                  0000a9df    00000001     --HOLE-- [fill = 0]
                  0000a9e0    000000ec                        : sci.obj (.econst:.string)
                  0000aacc    0000007c                        : interrupt.obj (.econst:.string)
                  0000ab48    00000045     sci_flash_kernel.obj (.econst:.string)
                  0000ab8d    00000001     --HOLE-- [fill = 0]
                  0000ab8e    00000043     sci_get_function.obj (.econst:.string)
                  0000abd1    00000001     --HOLE-- [fill = 0]
                  0000abd2    00000040     erase.obj (.econst:_sectAddress)
                  0000ac12    00000013     device.obj (.econst:.string)

.ebss      1    0000ac26    00000040     UNINITIALIZED
                  0000ac26    0000000a     F021_API_F28004x_FPU32.lib : Init.obj (.ebss)
                  0000ac30    00000006     rts2800_fpu32.lib : exit.c.obj (.ebss)
                  0000ac36    00000006     sci_get_function.obj (.ebss)
                  0000ac3c    00000004     device.obj (.ebss)
                  0000ac40    00000020     boot.obj (.ebss:_erasedAlready)
                  0000ac60    00000002     rts2800_fpu32.lib : _lock.c.obj (.ebss:__lock)
                  0000ac62    00000002                       : _lock.c.obj (.ebss:__unlock)
                  0000ac64    00000002     boot.obj (.ebss)

.text.1    0    00008000    00000800     
                  00008000    00000495     boot.obj (.text)
                  00008495    00000294     F021_API_F28004x_FPU32.lib : FlashStateMachine.obj (.text:__Fapi_setupFlashStateMachine)
                  00008729    000000b6     driverlib_coff.lib : sysctl.obj (.text:_SysCtl_setClock)
                  000087df    00000020                        : interrupt.obj (.text:_Interrupt_initVectorTable)
                  000087ff    00000001     rts2800_fpu32.lib : startup.c.obj (.text)

.text.2    0    00008800    00000800     
                  00008800    0000047a     sci_get_function.obj (.text)
                  00008c7a    000001e0     F021_API_F28004x_FPU32.lib : Program.obj (.text:_Fapi_issueProgrammingCommand)
                  00008e5a    0000018f     verify.obj (.text)
                  00008fe9    00000017     driverlib_coff.lib : sysctl.obj (.text:_DCC_disableDoneSignal)

.text.3    0    00009000    00000800     
                  00009000    000001aa     device.obj (.text)
                  000091aa    000000b2     driverlib_coff.lib : sysctl.obj (.text:_SysCtl_isPLLValid)
                  0000925c    000000a7     F021_API_F28004x_FPU32.lib : Init.obj (.text:_Fapi_initializeAPI)
                  00009303    00000088     rts2800_fpu32.lib : fs_div28.asm.obj (.text)
                  0000938b    00000080     F021_API_F28004x_FPU32.lib : Read.obj (.text:__Fapi_loopRegionForValue)
                  0000940b    0000007a     driverlib_coff.lib : sysctl.obj (.text:_DCC_setCounterSeeds)
                  00009485    00000064     F021_API_F28004x_FPU32.lib : Async.obj (.text:_Fapi_issueAsyncCommandWithAddress)
                  000094e9    0000005c                                : FlashStateMachine.obj (.text:_Fapi_setupEepromSectorEnable)
                  00009545    0000005b     driverlib_coff.lib : sysctl.obj (.text:_SysCtl_selectOscSource)
                  000095a0    00000056     rts2800_fpu32.lib : boot28.asm.obj (.text)
                  000095f6    00000055     F021_API_F28004x_FPU32.lib : BlankCheck.obj (.text:_Fapi_doBlankCheck)
                  0000964b    00000053     erase.obj (.text)
                  0000969e    00000052     driverlib_coff.lib : dcsm.obj (.text:_DCSM_unlockZone1CSM)
                  000096f0    00000052                        : dcsm.obj (.text:_DCSM_unlockZone2CSM)
                  00009742    00000052                        : gpio.obj (.text:_GPIO_setPadConfig)
                  00009794    00000052     F021_API_F28004x_FPU32.lib : Read.obj (.text:__Fapi_checkRegionForValue)
                  000097e6    0000001a     driverlib_coff.lib : sysctl.obj (.text:_SysCtl_getLowSpeedClock)

.text.4    0    00009800    000006c8     
                  00009800    00000051     driverlib_coff.lib : sysctl.obj (.text:_SysCtl_getClock)
                  00009851    00000046                        : sci.obj (.text:_SCI_disableInterrupt)
                  00009897    00000042     sci_flash_kernel.obj (.text)
                  000098d9    0000003e     driverlib_coff.lib : sci.obj (.text:_SCI_setConfig)
                  00009917    0000003d                        : interrupt.obj (.text:_Interrupt_initModule)
                  00009954    0000003b                        : gpio.obj (.text:_GPIO_setAnalogMode)
                  0000998f    0000003a     sci_boot.obj (.text)
                  000099c9    00000038     driverlib_coff.lib : gpio.obj (.text:_GPIO_setMasterCore)
                  00009a01    00000038                        : gpio.obj (.text:_GPIO_setQualificationMode)
                  00009a39    00000037                        : gpio.obj (.text:_GPIO_setPinConfig)
                  00009a70    00000031                        : gpio.obj (.text:_GPIO_setDirectionMode)
                  00009aa1    00000030     F021_API_F28004x_FPU32.lib : FlashStateMachine.obj (.text:__Fapi_issueFsmCommand)
                  00009ad1    0000002f                                : FlashStateMachine.obj (.text:_Fapi_setActiveFlashBank)
                  00009b00    0000002c                                : Utilities.obj (.text:_Fapi_calculateFletcherChecksum)
                  00009b2c    0000002b                                : FlashStateMachine.obj (.text:__Fapi_setupSectorsForWrite)
                  00009b57    0000002a                                : Utilities.obj (.text:__Fapi_divideUnsignedLong)
                  00009b81    00000029     rts2800_fpu32.lib : exit.c.obj (.text)
                  00009baa    00000028     F021_API_F28004x_FPU32.lib : FlashStateMachine.obj (.text:_Fapi_setupBankSectorEnable)
                  00009bd2    00000026     driverlib_coff.lib : sysctl.obj (.text:_SysCtl_pollX1Counter)
                  00009bf8    00000025                        : sysctl.obj (.text:_DCC_enableSingleShotMode)
                  00009c1d    00000024                        : sysctl.obj (.text:_SysCtl_selectXTAL)
                  00009c41    00000024     rts2800_fpu32.lib : cpy_tbl.c.obj (.text)
                  00009c65    00000023     F021_API_F28004x_FPU32.lib : FlashStateMachine.obj (.text:_Fapi_isAddressEcc)
                  00009c88    00000022     codestartbranch.obj (.text)
                  00009caa    0000001f     driverlib_coff.lib : sysctl.obj (.text:_DCC_setCounter1ClkSource)
                  00009cc9    0000001d                        : sysctl.obj (.text:_DCC_setCounter0ClkSource)
                  00009ce6    0000001d     rts2800_fpu32.lib : memcpy.c.obj (.text)
                  00009d03    0000001a     driverlib_coff.lib : sysctl.obj (.text:_SysCtl_selectXTALSingleEnded)
                  00009d1d    00000019                        : sci.obj (.text:_SCI_disableModule)
                  00009d36    00000017                        : sysctl.obj (.text:_DCC_enableDoneSignal)
                  00009d4d    00000017                        : sysctl.obj (.text:_SysCtl_enablePeripheral)
                  00009d64    00000016                        : sysctl.obj (.text:_DCC_clearDoneFlag)
                  00009d7a    00000016                        : sysctl.obj (.text:_DCC_clearErrorFlag)
                  00009d90    00000016                        : sysctl.obj (.text:_DCC_disableErrorSignal)
                  00009da6    00000016                        : sysctl.obj (.text:_DCC_enableErrorSignal)
                  00009dbc    00000015                        : sci.obj (.text:_SCI_isBaseValid)
                  00009dd1    00000014                        : sysctl.obj (.text:_DCC_disableModule)
                  00009de5    00000014                        : sysctl.obj (.text:_DCC_enableModule)
                  00009df9    00000014                        : gpio.obj (.text:_GPIO_isPinValid)
                  00009e0d    00000014                        : sci.obj (.text:_SCI_enableModule)
                  00009e21    00000013     F021_API_F28004x_FPU32.lib : Read.obj (.text:_Fapi_flushPipeline)
                  00009e34    00000012     rts2800_fpu32.lib : args_main.c.obj (.text)
                  00009e46    00000010     driverlib_coff.lib : sysctl.obj (.text:_DCC_isBaseValid)
                  00009e56    0000000f     F021_API_F28004x_FPU32.lib : Verify.obj (.text:_Fapi_doVerify)
                  00009e65    0000000f                                : Utilities.obj (.text:__Fapi_scaleCycleValues)
                  00009e74    0000000e     driverlib_coff.lib : interrupt.obj (.text:_Interrupt_defaultHandler)
                  00009e82    0000000d                        : interrupt.obj (.text:_Interrupt_disableMaster)
                  00009e8f    0000000b     F021_API_F28004x_FPU32.lib : FlashStateMachine.obj (.text:_Fapi_checkFsmForReady)
                  00009e9a    0000000b     driverlib_coff.lib : sysctl.obj (.text:_SysCtl_isMCDClockFailureDetected)
                  00009ea5    0000000b     F021_API_F28004x_FPU32.lib : Utilities.obj (.text:__Fapi_calculateOtpChecksum)
                  00009eb0    00000009     rts2800_fpu32.lib : _lock.c.obj (.text)
                  00009eb9    00000007     driverlib_coff.lib : sysctl.obj (.text:_SysCtl_resetMCD)
                  00009ec0    00000002     F021_API_F28004x_FPU32.lib : FlashStateMachine.obj (.text:_Fapi_serviceWatchdogTimer)
                  00009ec2    00000002     driverlib_coff.lib : interrupt.obj (.text:_Interrupt_illegalOperationHandler)
                  00009ec4    00000002                        : interrupt.obj (.text:_Interrupt_nmiHandler)
                  00009ec6    00000002     rts2800_fpu32.lib : pre_init.c.obj (.text)

MODULE SUMMARY

       Module                  code   initialized data   uninitialized data
       ------                  ----   ----------------   ------------------
    .\
       boot.obj                1173   35                 34                
       sci_get_function.obj    1146   67                 6                 
       verify.obj              399    0                  0                 
       sci_flash_kernel.obj    95     69                 0                 
       erase.obj               83     64                 0                 
       sci_boot.obj            58     0                  0                 
       codestartbranch.obj     36     0                  0                 
    +--+-----------------------+------+------------------+--------------------+
       Total:                  2990   235                40                
                                                                           
    .\device\
       device.obj              426    29                 4                 
    +--+-----------------------+------+------------------+--------------------+
       Total:                  426    29                 4                 
                                                                           
    ../F021_API_F28004x_FPU32.lib
       FlashStateMachine.obj   978    0                  0                 
       Program.obj             480    0                  0                 
       Read.obj                229    0                  0                 
       Init.obj                167    0                  10                
       Utilities.obj           112    0                  0                 
       Async.obj               100    0                  0                 
       BlankCheck.obj          85     0                  0                 
       Verify.obj              15     0                  0                 
    +--+-----------------------+------+------------------+--------------------+
       Total:                  2166   0                  10                
                                                                           
    C:\ti\c2000\C2000Ware_3_04_00_00\driverlib\f28004x\driverlib\ccs\Debug\driverlib_coff.lib
       sysctl.obj              1112   239                0                 
       gpio.obj                377    239                0                 
       sci.obj                 198    236                0                 
       interrupt.obj           124    124                0                 
       dcsm.obj                164    0                  0                 
    +--+-----------------------+------+------------------+--------------------+
       Total:                  1975   838                0                 
                                                                           
    C:\ti\ccs1000\ccs\tools\compiler\ti-cgt-c2000_21.6.0.LTS\lib\rts2800_fpu32.lib
       fs_div28.asm.obj        136    0                  0                 
       boot28.asm.obj          86     0                  0                 
       exit.c.obj              41     14                 6                 
       cpy_tbl.c.obj           36     0                  0                 
       memcpy.c.obj            29     0                  0                 
       _lock.c.obj             9      10                 4                 
       args_main.c.obj         18     0                  0                 
       pre_init.c.obj          2      0                  0                 
       startup.c.obj           1      0                  0                 
    +--+-----------------------+------+------------------+--------------------+
       Total:                  358    24                 10                
                                                                           
       Stack:                  0      0                  256               
    +--+-----------------------+------+------------------+--------------------+
       Grand Total:            7915   1126               320               


GLOBAL DATA SYMBOLS: SORTED BY DATA PAGE

address     data page           name
--------    ----------------    ----
00000400      10 (00000400)     __stack

0000abd2     2af (0000abc0)     _sectAddress

0000ac26     2b0 (0000ac00)     _Fapi_GlobalInit
0000ac30     2b0 (0000ac00)     ___TI_enable_exit_profile_output
0000ac32     2b0 (0000ac00)     ___TI_cleanup_ptr
0000ac34     2b0 (0000ac00)     ___TI_dtors_ptr
0000ac36     2b0 (0000ac00)     _checksum
0000ac38     2b0 (0000ac00)     _statusCode
0000ac3c     2b0 (0000ac00)     _Example_PassCount
0000ac3e     2b0 (0000ac00)     _Example_Fail

0000ac40     2b1 (0000ac40)     _erasedAlready
0000ac60     2b1 (0000ac40)     __lock
0000ac62     2b1 (0000ac40)     __unlock
0000ac64     2b1 (0000ac40)     _getWordData


GLOBAL SYMBOLS: SORTED ALPHABETICALLY BY Name 

page  address   name                              
----  -------   ----                              
abs   ffffffff  .text                             
0     00009b81  C$$EXIT                           
0     00009303  FS$$DIV                           
0     0000969e  _DCSM_unlockZone1CSM              
0     000096f0  _DCSM_unlockZone2CSM              
0     000090b6  _Device_enableAllPeripherals      
0     00009065  _Device_init                      
0     00009193  _Device_initGPIO                  
0     00000152  _Error                            
1     0000ac3e  _Example_Fail                     
1     0000ac3c  _Example_PassCount                
0     00009c92  _ExitBoot                         
1     0000ac26  _Fapi_GlobalInit                  
0     00009b00  _Fapi_calculateFletcherChecksum   
0     00009e8f  _Fapi_checkFsmForReady            
0     000095f6  _Fapi_doBlankCheck                
0     00009e56  _Fapi_doVerify                    
0     00009e21  _Fapi_flushPipeline               
0     0000925c  _Fapi_initializeAPI               
0     00009c65  _Fapi_isAddressEcc                
0     00009485  _Fapi_issueAsyncCommandWithAddress
0     00008c7a  _Fapi_issueProgrammingCommand     
0     00009ec0  _Fapi_serviceWatchdogTimer        
0     00009ad1  _Fapi_setActiveFlashBank          
0     00009baa  _Fapi_setupBankSectorEnable       
0     000094e9  _Fapi_setupEepromSectorEnable     
0     00009954  _GPIO_setAnalogMode               
0     00009a70  _GPIO_setDirectionMode            
0     000099c9  _GPIO_setMasterCore               
0     00009742  _GPIO_setPadConfig                
0     00009a39  _GPIO_setPinConfig                
0     00009a01  _GPIO_setQualificationMode        
0     00009917  _Interrupt_initModule             
0     000087df  _Interrupt_initVectorTable        
0     00009851  _SCI_disableInterrupt             
0     000098d9  _SCI_setConfig                    
0     00000158  _SysCtl_delay                     
0     00009800  _SysCtl_getClock                  
0     000097e6  _SysCtl_getLowSpeedClock          
0     000091aa  _SysCtl_isPLLValid                
0     00009545  _SysCtl_selectOscSource           
0     00009c1d  _SysCtl_selectXTAL                
0     00009d03  _SysCtl_selectXTALSingleEnded     
0     00008729  _SysCtl_setClock                  
0     00009ea5  __Fapi_calculateOtpChecksum       
0     00009794  __Fapi_checkRegionForValue        
0     00009b57  __Fapi_divideUnsignedLong         
0     00009aa1  __Fapi_issueFsmCommand            
0     0000938b  __Fapi_loopRegionForValue         
0     00009e65  __Fapi_scaleCycleValues           
0     00009b2c  __Fapi_setupSectorsForWrite       
1     00000500  __STACK_END                       
abs   00000100  __STACK_SIZE                      
1     0000ac32  ___TI_cleanup_ptr                 
1     0000ac34  ___TI_dtors_ptr                   
1     0000ac30  ___TI_enable_exit_profile_output  
abs   ffffffff  ___TI_pprof_out_hndl              
abs   ffffffff  ___TI_prof_data_size              
abs   ffffffff  ___TI_prof_data_start             
abs   ffffffff  ___binit__                        
abs   ffffffff  ___c_args__                       
0     000000f4  ___cinit__                        
0     000091a3  ___error__                        
abs   ffffffff  ___etext__                        
abs   ffffffff  ___pinit__                        
abs   ffffffff  ___text__                         
0     00009e34  __args_main                       
1     0000ac60  __lock                            
0     00009eb8  __nop                             
0     00009eb4  __register_lock                   
0     00009eb0  __register_unlock                 
1     00000400  __stack                           
0     000087ff  __system_post_cinit               
0     00009ec6  __system_pre_init                 
1     0000ac62  __unlock                          
0     00009b81  _abort                            
0     000095a0  _c_int00                          
1     0000ac36  _checksum                         
0     00008000  _copyData                         
0     00009c41  _copy_in                          
1     0000ac40  _erasedAlready                    
0     00009b83  _exit                             
0     000081ea  _findSector                       
0     0000846d  _findSize                         
0     00008473  _getLongData                      
1     0000ac64  _getWordData                      
0     000098bd  _initFlashSectors                 
0     000098a7  _main                             
0     00009ce6  _memcpy                           
0     00008485  _readReservedFn                   
0     0000998f  _sciBoot                          
0     000089bb  _sciGetFunction                   
0     00008b57  _sciGetPacket                     
0     00008bb6  _sciPinmuxOption                  
0     00008aaa  _sciSendChecksum                  
0     00008a75  _sciSendPacket                    
0     00008ac8  _sciSendWord                      
0     00008bae  _sciaFlush                        
0     00008b3c  _sciaGetOnlyWordData              
0     00008b21  _sciaGetWordData                  
0     00008af0  _sciaInit                         
1     0000abd2  _sectAddress                      
0     00008b9c  _sendACK                          
0     00008ba5  _sendNAK                          
0     0000964b  _sharedErase                      
1     0000ac38  _statusCode                       
0     00008e5a  _verifyData                       
abs   ffffffff  binit                             
0     000000f4  cinit                             
0     00000000  code_start                        
abs   ffffffff  etext                             
abs   ffffffff  pinit                             


GLOBAL SYMBOLS: SORTED BY Symbol Address 

page  address   name                              
----  -------   ----                              
0     00000000  code_start                        
0     000000f4  ___cinit__                        
0     000000f4  cinit                             
0     00000152  _Error                            
0     00000158  _SysCtl_delay                     
0     00008000  _copyData                         
0     000081ea  _findSector                       
0     0000846d  _findSize                         
0     00008473  _getLongData                      
0     00008485  _readReservedFn                   
0     00008729  _SysCtl_setClock                  
0     000087df  _Interrupt_initVectorTable        
0     000087ff  __system_post_cinit               
0     000089bb  _sciGetFunction                   
0     00008a75  _sciSendPacket                    
0     00008aaa  _sciSendChecksum                  
0     00008ac8  _sciSendWord                      
0     00008af0  _sciaInit                         
0     00008b21  _sciaGetWordData                  
0     00008b3c  _sciaGetOnlyWordData              
0     00008b57  _sciGetPacket                     
0     00008b9c  _sendACK                          
0     00008ba5  _sendNAK                          
0     00008bae  _sciaFlush                        
0     00008bb6  _sciPinmuxOption                  
0     00008c7a  _Fapi_issueProgrammingCommand     
0     00008e5a  _verifyData                       
0     00009065  _Device_init                      
0     000090b6  _Device_enableAllPeripherals      
0     00009193  _Device_initGPIO                  
0     000091a3  ___error__                        
0     000091aa  _SysCtl_isPLLValid                
0     0000925c  _Fapi_initializeAPI               
0     00009303  FS$$DIV                           
0     0000938b  __Fapi_loopRegionForValue         
0     00009485  _Fapi_issueAsyncCommandWithAddress
0     000094e9  _Fapi_setupEepromSectorEnable     
0     00009545  _SysCtl_selectOscSource           
0     000095a0  _c_int00                          
0     000095f6  _Fapi_doBlankCheck                
0     0000964b  _sharedErase                      
0     0000969e  _DCSM_unlockZone1CSM              
0     000096f0  _DCSM_unlockZone2CSM              
0     00009742  _GPIO_setPadConfig                
0     00009794  __Fapi_checkRegionForValue        
0     000097e6  _SysCtl_getLowSpeedClock          
0     00009800  _SysCtl_getClock                  
0     00009851  _SCI_disableInterrupt             
0     000098a7  _main                             
0     000098bd  _initFlashSectors                 
0     000098d9  _SCI_setConfig                    
0     00009917  _Interrupt_initModule             
0     00009954  _GPIO_setAnalogMode               
0     0000998f  _sciBoot                          
0     000099c9  _GPIO_setMasterCore               
0     00009a01  _GPIO_setQualificationMode        
0     00009a39  _GPIO_setPinConfig                
0     00009a70  _GPIO_setDirectionMode            
0     00009aa1  __Fapi_issueFsmCommand            
0     00009ad1  _Fapi_setActiveFlashBank          
0     00009b00  _Fapi_calculateFletcherChecksum   
0     00009b2c  __Fapi_setupSectorsForWrite       
0     00009b57  __Fapi_divideUnsignedLong         
0     00009b81  C$$EXIT                           
0     00009b81  _abort                            
0     00009b83  _exit                             
0     00009baa  _Fapi_setupBankSectorEnable       
0     00009c1d  _SysCtl_selectXTAL                
0     00009c41  _copy_in                          
0     00009c65  _Fapi_isAddressEcc                
0     00009c92  _ExitBoot                         
0     00009ce6  _memcpy                           
0     00009d03  _SysCtl_selectXTALSingleEnded     
0     00009e21  _Fapi_flushPipeline               
0     00009e34  __args_main                       
0     00009e56  _Fapi_doVerify                    
0     00009e65  __Fapi_scaleCycleValues           
0     00009e8f  _Fapi_checkFsmForReady            
0     00009ea5  __Fapi_calculateOtpChecksum       
0     00009eb0  __register_unlock                 
0     00009eb4  __register_lock                   
0     00009eb8  __nop                             
0     00009ec0  _Fapi_serviceWatchdogTimer        
0     00009ec6  __system_pre_init                 
1     00000400  __stack                           
1     00000500  __STACK_END                       
1     0000abd2  _sectAddress                      
1     0000ac26  _Fapi_GlobalInit                  
1     0000ac30  ___TI_enable_exit_profile_output  
1     0000ac32  ___TI_cleanup_ptr                 
1     0000ac34  ___TI_dtors_ptr                   
1     0000ac36  _checksum                         
1     0000ac38  _statusCode                       
1     0000ac3c  _Example_PassCount                
1     0000ac3e  _Example_Fail                     
1     0000ac40  _erasedAlready                    
1     0000ac60  __lock                            
1     0000ac62  __unlock                          
1     0000ac64  _getWordData                      
abs   00000100  __STACK_SIZE                      
abs   ffffffff  .text                             
abs   ffffffff  ___TI_pprof_out_hndl              
abs   ffffffff  ___TI_prof_data_size              
abs   ffffffff  ___TI_prof_data_start             
abs   ffffffff  ___binit__                        
abs   ffffffff  ___c_args__                       
abs   ffffffff  ___etext__                        
abs   ffffffff  ___pinit__                        
abs   ffffffff  ___text__                         
abs   ffffffff  binit                             
abs   ffffffff  etext                             
abs   ffffffff  pinit                             

[112 symbols]
