******************************************************************************
             TMS320C2000 Linker PC v21.6.0                     
******************************************************************************
>> Linked Sat Jul  3 20:09:58 2021

OUTPUT FILE NAME:   <flashapi_ex2_sci_kernel.out>
ENTRY POINT SYMBOL: "_bankSelect"  address: 00080000


MEMORY CONFIGURATION

         name            origin    length      used     unused   attr    fill
----------------------  --------  ---------  --------  --------  ----  --------
PAGE 0:
  RAMM0                 000000f4   0000030c  00000000  0000030c  RWIX
  RAMLS0                00008000   00000800  00000136  000006ca  RWIX
  RAMLS1                00008800   00000800  00000000  00000800  RWIX
  RAMLS2                00009000   00000800  00000000  00000800  RWIX
  RAMLS3                00009800   00000800  00000000  00000800  RWIX
  RAMLS4                0000a000   00000800  00000000  00000800  RWIX
  BEGIN                 00080000   0000003b  00000036  00000005  RWIX
  FLASH_BANK0_SEC0      0008003b   00000fc5  00000fbf  00000006  RWIX
  BANK0_SEC1            00081000   00000017  00000012  00000005  RWIX
  FLASH_BANK0_SEC1      00081017   00000fe9  00000ec2  00000127  RWIX
  FLASH_BANK0_SEC2      00082000   00001000  00000000  00001000  RWIX
  FLASH_BANK0_SEC3      00083000   00001000  00000000  00001000  RWIX
  FLASH_BANK0_SEC4      00084000   00001000  00000000  00001000  RWIX
  FLASH_BANK0_SEC5      00085000   00001000  00000000  00001000  RWIX
  FLASH_BANK0_SEC6      00086000   00001000  00000000  00001000  RWIX
  FLASH_BANK0_SEC7      00087000   00001000  00000000  00001000  RWIX
  FLASH_BANK0_SEC8      00088000   00001000  00000000  00001000  RWIX
  FLASH_BANK0_SEC9      00089000   00001000  00000000  00001000  RWIX
  FLASH_BANK0_SEC10     0008a000   00001000  00000000  00001000  RWIX
  FLASH_BANK0_SEC11     0008b000   00001000  00000000  00001000  RWIX
  FLASH_BANK0_SEC12     0008c000   00001000  00000000  00001000  RWIX
  FLASH_BANK0_SEC13     0008d000   00001000  00000000  00001000  RWIX
  FLASH_BANK0_SEC14     0008e000   00001000  00000000  00001000  RWIX
  FLASH_BANK0_SEC15     0008f000   00001000  00000000  00001000  RWIX
  FLASH_BANK1_SEC0      00090000   00001000  00000000  00001000  RWIX
  FLASH_BANK1_SEC1      00091000   00001000  00000000  00001000  RWIX
  FLASH_BANK1_SEC2      00092000   00001000  00000000  00001000  RWIX
  FLASH_BANK1_SEC3      00093000   00001000  00000000  00001000  RWIX
  FLASH_BANK1_SEC4      00094000   00001000  00000000  00001000  RWIX
  FLASH_BANK1_SEC5      00095000   00001000  00000000  00001000  RWIX
  FLASH_BANK1_SEC6      00096000   00001000  00000000  00001000  RWIX
  FLASH_BANK1_SEC7      00097000   00001000  00000000  00001000  RWIX
  FLASH_BANK1_SEC8      00098000   00001000  00000000  00001000  RWIX
  FLASH_BANK1_SEC9      00099000   00001000  00000000  00001000  RWIX
  FLASH_BANK1_SEC10     0009a000   00001000  00000000  00001000  RWIX
  FLASH_BANK1_SEC11     0009b000   00001000  00000000  00001000  RWIX
  FLASH_BANK1_SEC12     0009c000   00001000  00000000  00001000  RWIX
  FLASH_BANK1_SEC13     0009d000   00001000  00000000  00001000  RWIX
  FLASH_BANK1_SEC14     0009e000   00001000  00000000  00001000  RWIX
  FLASH_BANK1_SEC15     0009f000   00000ff0  00000000  00000ff0  RWIX
  RESET                 003fffc0   00000002  00000000  00000002  RWIX

PAGE 1:
  BOOT_RSVD             00000002   000000f1  00000000  000000f1  RWIX
  RAMM1                 00000400   00000360  00000100  00000260  RWIX
  FLASH_API_ROM_RSVD    00000760   00000020  00000000  00000020  RWIX
  RAMLS5                0000a800   00000800  00000028  000007d8  RWIX
  RAMLS6                0000b000   00000800  00000000  00000800  RWIX
  RAMLS7                0000b800   00000800  00000000  00000800  RWIX
  RAMGS0                0000c000   00002000  00000000  00002000  RWIX
  RAMGS1                0000e000   00002000  00000000  00002000  RWIX
  RAMGS2                00010000   00002000  00000000  00002000  RWIX
  RAMGS3                00012000   00001ff8  00000000  00001ff8  RWIX


SECTION ALLOCATION MAP

 output                                  attributes/
section   page    origin      length       input sections
--------  ----  ----------  ----------   ----------------
codestart 
*          0    00080000    00000036     
                  00080000    00000034     flashapi_ex2_ldfu.obj (codestart)
                  00080034    00000002     f28004x_codestartbranch.obj (codestart)

.cinit     0    000805ec    00000029     
                  000805ec    0000000e     rts2800_fpu32.lib : exit.c.obj (.cinit)
                  000805fa    0000000a     device.obj (.cinit)
                  00080604    00000005     rts2800_fpu32.lib : _lock.c.obj (.cinit:__lock)
                  00080609    00000005                       : _lock.c.obj (.cinit:__unlock)
                  0008060e    00000005     flashapi_ex2_ldfu.obj (.cinit)
                  00080613    00000002     --HOLE-- [fill = 0]

.pinit     0    0008003c    00000000     UNINITIALIZED

.reset     0    003fffc0    00000002     DSECT
                  003fffc0    00000002     rts2800_fpu32.lib : boot28.asm.obj (.reset)

.stack     1    00000400    00000100     UNINITIALIZED
                  00000400    00000100     --HOLE--

.ebss      1    0000a800    00000028     UNINITIALIZED
                  0000a800    0000000a     F021_API_F28004x_FPU32.lib : Init.obj (.ebss)
                  0000a80a    00000006     flashapi_ex2_sci_get_function.obj (.ebss)
                  0000a810    00000006     rts2800_fpu32.lib : exit.c.obj (.ebss)
                  0000a816    00000005     flashapi_ex2_ldfu.obj (.ebss:_BUFF)
                  0000a81b    00000001     --HOLE--
                  0000a81c    00000004     device.obj (.ebss)
                  0000a820    00000004     flashapi_ex2_ldfu.obj (.ebss)
                  0000a824    00000002     rts2800_fpu32.lib : _lock.c.obj (.ebss:__lock)
                  0000a826    00000002                       : _lock.c.obj (.ebss:__unlock)

.econst    0    0008003c    00000478     
                  0008003c    000000f0     driverlib_coff.lib : flash.obj (.econst:.string)
                  0008012c    000000ef                        : gpio.obj (.econst:.string)
                  0008021b    00000001     --HOLE-- [fill = 0]
                  0008021c    000000ef                        : sysctl.obj (.econst:.string)
                  0008030b    00000001     --HOLE-- [fill = 0]
                  0008030c    000000ec                        : sci.obj (.econst:.string)
                  000803f8    0000007c                        : interrupt.obj (.econst:.string)
                  00080474    00000040     flashapi_ex2_ldfu.obj (.econst:_secAddress)

.TI.ramfunc 
*          0    000804b4    00000136     RUN ADDR = 00008000
                  000804b4    00000044     driverlib_coff.lib : flash.obj (.TI.ramfunc:_Flash_initModule)
                  000804f8    0000002d                        : flash.obj (.TI.ramfunc:_Flash_setBankPowerMode)
                  00080525    00000026                        : flash.obj (.TI.ramfunc:_Flash_setWaitstates)
                  0008054b    0000001e                        : flash.obj (.TI.ramfunc:_Flash_setPumpPowerMode)
                  00080569    0000001a                        : flash.obj (.TI.ramfunc:_Flash_disableCache)
                  00080583    0000001a                        : flash.obj (.TI.ramfunc:_Flash_disablePrefetch)
                  0008059d    00000019                        : flash.obj (.TI.ramfunc:_Flash_enableCache)
                  000805b6    00000019                        : flash.obj (.TI.ramfunc:_Flash_enablePrefetch)
                  000805cf    00000017                        : flash.obj (.TI.ramfunc:_Flash_enableECC)
                  000805e6    00000004                        : sysctl.obj (.TI.ramfunc)

LDFU_BANK0 
*          0    00081000    00000012     
                  00081000    00000012     flashapi_ex2_ldfu.obj (LDFU_BANK0)

.text.1    0    00080618    000009e8     
                  00080618    0000034a     flashapi_ex2_sci_get_function.obj (.text)
                  00080962    000002fb     flashapi_ex2_ldfu.obj (.text)
                  00080c5d    00000294     F021_API_F28004x_FPU32.lib : FlashStateMachine.obj (.text:__Fapi_setupFlashStateMachine)
                  00080ef1    000000b6     driverlib_coff.lib : sysctl.obj (.text:_SysCtl_setClock)
                  00080fa7    00000056     rts2800_fpu32.lib : boot28.asm.obj (.text)
                  00080ffd    00000002     F021_API_F28004x_FPU32.lib : FlashStateMachine.obj (.text:_Fapi_serviceWatchdogTimer)
                  00080fff    00000001     rts2800_fpu32.lib : startup.c.obj (.text)

.text.2    0    00081018    00000ec2     
                  00081018    000001e0     F021_API_F28004x_FPU32.lib : Program.obj (.text:_Fapi_issueProgrammingCommand)
                  000811f8    00000183     device.obj (.text)
                  0008137b    000000b2     driverlib_coff.lib : sysctl.obj (.text:_SysCtl_isPLLValid)
                  0008142d    000000a7     F021_API_F28004x_FPU32.lib : Init.obj (.text:_Fapi_initializeAPI)
                  000814d4    00000088     rts2800_fpu32.lib : fs_div28.asm.obj (.text)
                  0008155c    00000080     F021_API_F28004x_FPU32.lib : Read.obj (.text:__Fapi_loopRegionForValue)
                  000815dc    0000007a     driverlib_coff.lib : sysctl.obj (.text:_DCC_setCounterSeeds)
                  00081656    00000064     F021_API_F28004x_FPU32.lib : Async.obj (.text:_Fapi_issueAsyncCommandWithAddress)
                  000816ba    0000005c                                : FlashStateMachine.obj (.text:_Fapi_setupEepromSectorEnable)
                  00081716    0000005b     driverlib_coff.lib : sysctl.obj (.text:_SysCtl_selectOscSource)
                  00081771    00000055     F021_API_F28004x_FPU32.lib : BlankCheck.obj (.text:_Fapi_doBlankCheck)
                  000817c6    00000052     driverlib_coff.lib : gpio.obj (.text:_GPIO_setPadConfig)
                  00081818    00000052     F021_API_F28004x_FPU32.lib : Read.obj (.text:__Fapi_checkRegionForValue)
                  0008186a    00000046     driverlib_coff.lib : sci.obj (.text:_SCI_disableInterrupt)
                  000818b0    0000003e                        : sci.obj (.text:_SCI_setConfig)
                  000818ee    0000003d                        : interrupt.obj (.text:_Interrupt_initModule)
                  0008192b    0000003b                        : gpio.obj (.text:_GPIO_setAnalogMode)
                  00081966    00000038                        : gpio.obj (.text:_GPIO_setMasterCore)
                  0008199e    00000038                        : gpio.obj (.text:_GPIO_setQualificationMode)
                  000819d6    00000037                        : gpio.obj (.text:_GPIO_setPinConfig)
                  00081a0d    00000033     flashapi_ex2_sci_kernel.obj (.text)
                  00081a40    00000031     driverlib_coff.lib : gpio.obj (.text:_GPIO_setDirectionMode)
                  00081a71    00000030     F021_API_F28004x_FPU32.lib : FlashStateMachine.obj (.text:__Fapi_issueFsmCommand)
                  00081aa1    0000002f                                : FlashStateMachine.obj (.text:_Fapi_setActiveFlashBank)
                  00081ad0    0000002c                                : Utilities.obj (.text:_Fapi_calculateFletcherChecksum)
                  00081afc    0000002b                                : FlashStateMachine.obj (.text:__Fapi_setupSectorsForWrite)
                  00081b27    0000002a                                : Utilities.obj (.text:__Fapi_divideUnsignedLong)
                  00081b51    00000029     rts2800_fpu32.lib : exit.c.obj (.text)
                  00081b7a    00000028     F021_API_F28004x_FPU32.lib : FlashStateMachine.obj (.text:_Fapi_setupBankSectorEnable)
                  00081ba2    00000026     driverlib_coff.lib : sysctl.obj (.text:_SysCtl_pollX1Counter)
                  00081bc8    00000025                        : sysctl.obj (.text:_DCC_enableSingleShotMode)
                  00081bed    00000024                        : sysctl.obj (.text:_SysCtl_selectXTAL)
                  00081c11    00000024     rts2800_fpu32.lib : cpy_tbl.c.obj (.text)
                  00081c35    00000023     F021_API_F28004x_FPU32.lib : FlashStateMachine.obj (.text:_Fapi_isAddressEcc)
                  00081c58    00000020     driverlib_coff.lib : interrupt.obj (.text:_Interrupt_initVectorTable)
                  00081c78    0000001f                        : sysctl.obj (.text:_DCC_setCounter1ClkSource)
                  00081c97    0000001d                        : sysctl.obj (.text:_DCC_setCounter0ClkSource)
                  00081cb4    0000001d     rts2800_fpu32.lib : memcpy.c.obj (.text)
                  00081cd1    0000001a     driverlib_coff.lib : sysctl.obj (.text:_SysCtl_selectXTALSingleEnded)
                  00081ceb    00000019                        : sci.obj (.text:_SCI_disableModule)
                  00081d04    00000017                        : sysctl.obj (.text:_DCC_disableDoneSignal)
                  00081d1b    00000017                        : sysctl.obj (.text:_DCC_enableDoneSignal)
                  00081d32    00000017                        : sysctl.obj (.text:_SysCtl_enablePeripheral)
                  00081d49    00000016                        : sysctl.obj (.text:_DCC_clearDoneFlag)
                  00081d5f    00000016                        : sysctl.obj (.text:_DCC_clearErrorFlag)
                  00081d75    00000016                        : sysctl.obj (.text:_DCC_disableErrorSignal)
                  00081d8b    00000016                        : sysctl.obj (.text:_DCC_enableErrorSignal)
                  00081da1    00000015                        : sci.obj (.text:_SCI_isBaseValid)
                  00081db6    00000014                        : sysctl.obj (.text:_DCC_disableModule)
                  00081dca    00000014                        : sysctl.obj (.text:_DCC_enableModule)
                  00081dde    00000014                        : gpio.obj (.text:_GPIO_isPinValid)
                  00081df2    00000014                        : sci.obj (.text:_SCI_enableModule)
                  00081e06    00000013     F021_API_F28004x_FPU32.lib : Read.obj (.text:_Fapi_flushPipeline)
                  00081e19    00000012     rts2800_fpu32.lib : args_main.c.obj (.text)
                  00081e2b    00000010     driverlib_coff.lib : sysctl.obj (.text:_DCC_isBaseValid)
                  00081e3b    00000010                        : flash.obj (.text:_Flash_isCtrlBaseValid)
                  00081e4b    00000010                        : flash.obj (.text:_Flash_isECCBaseValid)
                  00081e5b    0000000f     F021_API_F28004x_FPU32.lib : Verify.obj (.text:_Fapi_doVerify)
                  00081e6a    0000000f                                : Utilities.obj (.text:__Fapi_scaleCycleValues)
                  00081e79    0000000e     driverlib_coff.lib : interrupt.obj (.text:_Interrupt_defaultHandler)
                  00081e87    0000000d                        : interrupt.obj (.text:_Interrupt_disableMaster)
                  00081e94    0000000b     F021_API_F28004x_FPU32.lib : FlashStateMachine.obj (.text:_Fapi_checkFsmForReady)
                  00081e9f    0000000b     driverlib_coff.lib : sysctl.obj (.text:_SysCtl_isMCDClockFailureDetected)
                  00081eaa    0000000b     F021_API_F28004x_FPU32.lib : Utilities.obj (.text:__Fapi_calculateOtpChecksum)
                  00081eb5    00000009     rts2800_fpu32.lib : _lock.c.obj (.text)
                  00081ebe    00000008     f28004x_codestartbranch.obj (.text)
                  00081ec6    00000007     F021_API_F28004x_FPU32.lib : FlashStateMachine.obj (.text:_Fapi_getFsmStatus)
                  00081ecd    00000007     driverlib_coff.lib : sysctl.obj (.text:_SysCtl_resetMCD)
                  00081ed4    00000002                        : interrupt.obj (.text:_Interrupt_illegalOperationHandler)
                  00081ed6    00000002                        : interrupt.obj (.text:_Interrupt_nmiHandler)
                  00081ed8    00000002     rts2800_fpu32.lib : pre_init.c.obj (.text)

MODULE SUMMARY

       Module                              code   initialized data   uninitialized data
       ------                              ----   ----------------   ------------------
    .\
       flashapi_ex2_ldfu.obj               833    69                 9                 
       flashapi_ex2_sci_get_function.obj   842    0                  6                 
       flashapi_ex2_sci_kernel.obj         51     0                  0                 
    +--+-----------------------------------+------+------------------+--------------------+
       Total:                              1726   69                 15                
                                                                                       
    .\device\
       device.obj                          387    10                 4                 
       f28004x_codestartbranch.obj         10     0                  0                 
    +--+-----------------------------------+------+------------------+--------------------+
       Total:                              397    10                 4                 
                                                                                       
    ../F021_API_F28004x_FPU32.lib
       FlashStateMachine.obj               985    0                  0                 
       Program.obj                         480    0                  0                 
       Read.obj                            229    0                  0                 
       Init.obj                            167    0                  10                
       Utilities.obj                       112    0                  0                 
       Async.obj                           100    0                  0                 
       BlankCheck.obj                      85     0                  0                 
       Verify.obj                          15     0                  0                 
    +--+-----------------------------------+------+------------------+--------------------+
       Total:                              2173   0                  10                
                                                                                       
    C:\ti\c2000\C2000Ware_3_04_00_00\driverlib\f28004x\driverlib\ccs\Debug\driverlib_coff.lib
       sysctl.obj                          1009   239                0                 
       flash.obj                           644    240                0                 
       gpio.obj                            377    239                0                 
       sci.obj                             198    236                0                 
       interrupt.obj                       124    124                0                 
    +--+-----------------------------------+------+------------------+--------------------+
       Total:                              2352   1078               0                 
                                                                                       
    C:\ti\ccs1000\ccs\tools\compiler\ti-cgt-c2000_21.6.0.LTS\lib\rts2800_fpu32.lib
       fs_div28.asm.obj                    136    0                  0                 
       boot28.asm.obj                      86     0                  0                 
       exit.c.obj                          41     14                 6                 
       cpy_tbl.c.obj                       36     0                  0                 
       memcpy.c.obj                        29     0                  0                 
       _lock.c.obj                         9      10                 4                 
       args_main.c.obj                     18     0                  0                 
       pre_init.c.obj                      2      0                  0                 
       startup.c.obj                       1      0                  0                 
    +--+-----------------------------------+------+------------------+--------------------+
       Total:                              358    24                 10                
                                                                                       
       Stack:                              0      0                  256               
    +--+-----------------------------------+------+------------------+--------------------+
       Grand Total:                        7006   1181               295               


GLOBAL DATA SYMBOLS: SORTED BY DATA PAGE

address     data page           name
--------    ----------------    ----
00000400      10 (00000400)     __stack

0000a800     2a0 (0000a800)     _Fapi_GlobalInit
0000a80a     2a0 (0000a800)     _checksum
0000a80c     2a0 (0000a800)     _statusCode
0000a810     2a0 (0000a800)     ___TI_enable_exit_profile_output
0000a812     2a0 (0000a800)     ___TI_cleanup_ptr
0000a814     2a0 (0000a800)     ___TI_dtors_ptr
0000a816     2a0 (0000a800)     _BUFF
0000a81c     2a0 (0000a800)     _Example_PassCount
0000a81e     2a0 (0000a800)     _Example_Fail
0000a820     2a0 (0000a800)     _Buffer32
0000a822     2a0 (0000a800)     _getWordData
0000a824     2a0 (0000a800)     __lock
0000a826     2a0 (0000a800)     __unlock

00080474    2011 (00080440)     _secAddress


GLOBAL SYMBOLS: SORTED ALPHABETICALLY BY Name 

page  address   name                              
----  -------   ----                              
abs   ffffffff  .text                             
0     00081b51  C$$EXIT                           
0     000814d4  FS$$DIV                           
1     0000a816  _BUFF                             
1     0000a820  _Buffer32                         
0     00081287  _Device_enableAllPeripherals      
0     00081249  _Device_init                      
0     00081364  _Device_initGPIO                  
1     0000a81e  _Example_Fail                     
1     0000a81c  _Example_PassCount                
1     0000a800  _Fapi_GlobalInit                  
0     00081ad0  _Fapi_calculateFletcherChecksum   
0     00081e94  _Fapi_checkFsmForReady            
0     00081771  _Fapi_doBlankCheck                
0     00081e5b  _Fapi_doVerify                    
0     00081e06  _Fapi_flushPipeline               
0     00081ec6  _Fapi_getFsmStatus                
0     0008142d  _Fapi_initializeAPI               
0     00081c35  _Fapi_isAddressEcc                
0     00081656  _Fapi_issueAsyncCommandWithAddress
0     00081018  _Fapi_issueProgrammingCommand     
0     00080ffd  _Fapi_serviceWatchdogTimer        
0     00081aa1  _Fapi_setActiveFlashBank          
0     00081b7a  _Fapi_setupBankSectorEnable       
0     000816ba  _Fapi_setupEepromSectorEnable     
0     00008000  _Flash_initModule                 
0     0008192b  _GPIO_setAnalogMode               
0     00081a40  _GPIO_setDirectionMode            
0     00081966  _GPIO_setMasterCore               
0     000817c6  _GPIO_setPadConfig                
0     000819d6  _GPIO_setPinConfig                
0     0008199e  _GPIO_setQualificationMode        
0     000818ee  _Interrupt_initModule             
0     00081c58  _Interrupt_initVectorTable        
abs   000805ea  _RamfuncsLoadEnd                  
abs   00000136  _RamfuncsLoadSize                 
abs   000804b4  _RamfuncsLoadStart                
abs   00008136  _RamfuncsRunEnd                   
abs   00000136  _RamfuncsRunSize                  
abs   00008000  _RamfuncsRunStart                 
0     0008186a  _SCI_disableInterrupt             
0     000818b0  _SCI_setConfig                    
0     00008132  _SysCtl_delay                     
0     0008137b  _SysCtl_isPLLValid                
0     00081716  _SysCtl_selectOscSource           
0     00081bed  _SysCtl_selectXTAL                
0     00081cd1  _SysCtl_selectXTALSingleEnded     
0     00080ef1  _SysCtl_setClock                  
0     00081eaa  __Fapi_calculateOtpChecksum       
0     00081818  __Fapi_checkRegionForValue        
0     00081b27  __Fapi_divideUnsignedLong         
0     00081a71  __Fapi_issueFsmCommand            
0     0008155c  __Fapi_loopRegionForValue         
0     00081e6a  __Fapi_scaleCycleValues           
0     00081afc  __Fapi_setupSectorsForWrite       
1     00000500  __STACK_END                       
abs   00000100  __STACK_SIZE                      
1     0000a812  ___TI_cleanup_ptr                 
1     0000a814  ___TI_dtors_ptr                   
1     0000a810  ___TI_enable_exit_profile_output  
abs   ffffffff  ___TI_pprof_out_hndl              
abs   ffffffff  ___TI_prof_data_size              
abs   ffffffff  ___TI_prof_data_start             
abs   ffffffff  ___binit__                        
abs   ffffffff  ___c_args__                       
0     000805ec  ___cinit__                        
0     00081374  ___error__                        
abs   ffffffff  ___etext__                        
abs   ffffffff  ___pinit__                        
abs   ffffffff  ___text__                         
0     00081e19  __args_main                       
1     0000a824  __lock                            
0     00081ebd  __nop                             
0     00081eb9  __register_lock                   
0     00081eb5  __register_unlock                 
1     00000400  __stack                           
0     00080fff  __system_post_cinit               
0     00081ed8  __system_pre_init                 
1     0000a826  __unlock                          
0     00081b51  _abort                            
0     00080000  _bankSelect                       
0     00080fa7  _c_int00                          
1     0000a80a  _checksum                         
0     00081c11  _copy_in                          
0     00081a3a  _exampleError                     
0     00081b53  _exit                             
0     00080c08  _findSize                         
0     00080962  _fmstatFail                       
0     00080c1e  _getLongData                      
1     0000a822  _getWordData                      
0     00081a23  _initFlashSectors                 
0     00080995  _ldfuCopyData                     
0     00080965  _ldfuLoad                         
0     00081000  _liveDFU                          
0     00081a0d  _main                             
0     00081cb4  _memcpy                           
0     00080c0e  _readReservedFn                   
0     00080c30  _revInit                          
0     00080715  _sciGetFunction                   
0     0008083f  _sciGetPacket                     
0     0008089e  _sciPinmuxOption                  
0     00080792  _sciSendChecksum                  
0     0008075d  _sciSendPacket                    
0     000807b0  _sciSendWord                      
0     00080896  _sciaFlush                        
0     00080824  _sciaGetOnlyWordData              
0     00080809  _sciaGetWordData                  
0     000807d8  _sciaInit                         
0     00080474  _secAddress                       
0     00080884  _sendACK                          
0     0008088d  _sendNAK                          
1     0000a80c  _statusCode                       
abs   ffffffff  binit                             
0     000805ec  cinit                             
0     00080034  code_start                        
abs   ffffffff  etext                             
abs   ffffffff  pinit                             


GLOBAL SYMBOLS: SORTED BY Symbol Address 

page  address   name                              
----  -------   ----                              
0     00008000  _Flash_initModule                 
0     00008132  _SysCtl_delay                     
0     00080000  _bankSelect                       
0     00080034  code_start                        
0     00080474  _secAddress                       
0     000805ec  ___cinit__                        
0     000805ec  cinit                             
0     00080715  _sciGetFunction                   
0     0008075d  _sciSendPacket                    
0     00080792  _sciSendChecksum                  
0     000807b0  _sciSendWord                      
0     000807d8  _sciaInit                         
0     00080809  _sciaGetWordData                  
0     00080824  _sciaGetOnlyWordData              
0     0008083f  _sciGetPacket                     
0     00080884  _sendACK                          
0     0008088d  _sendNAK                          
0     00080896  _sciaFlush                        
0     0008089e  _sciPinmuxOption                  
0     00080962  _fmstatFail                       
0     00080965  _ldfuLoad                         
0     00080995  _ldfuCopyData                     
0     00080c08  _findSize                         
0     00080c0e  _readReservedFn                   
0     00080c1e  _getLongData                      
0     00080c30  _revInit                          
0     00080ef1  _SysCtl_setClock                  
0     00080fa7  _c_int00                          
0     00080ffd  _Fapi_serviceWatchdogTimer        
0     00080fff  __system_post_cinit               
0     00081000  _liveDFU                          
0     00081018  _Fapi_issueProgrammingCommand     
0     00081249  _Device_init                      
0     00081287  _Device_enableAllPeripherals      
0     00081364  _Device_initGPIO                  
0     00081374  ___error__                        
0     0008137b  _SysCtl_isPLLValid                
0     0008142d  _Fapi_initializeAPI               
0     000814d4  FS$$DIV                           
0     0008155c  __Fapi_loopRegionForValue         
0     00081656  _Fapi_issueAsyncCommandWithAddress
0     000816ba  _Fapi_setupEepromSectorEnable     
0     00081716  _SysCtl_selectOscSource           
0     00081771  _Fapi_doBlankCheck                
0     000817c6  _GPIO_setPadConfig                
0     00081818  __Fapi_checkRegionForValue        
0     0008186a  _SCI_disableInterrupt             
0     000818b0  _SCI_setConfig                    
0     000818ee  _Interrupt_initModule             
0     0008192b  _GPIO_setAnalogMode               
0     00081966  _GPIO_setMasterCore               
0     0008199e  _GPIO_setQualificationMode        
0     000819d6  _GPIO_setPinConfig                
0     00081a0d  _main                             
0     00081a23  _initFlashSectors                 
0     00081a3a  _exampleError                     
0     00081a40  _GPIO_setDirectionMode            
0     00081a71  __Fapi_issueFsmCommand            
0     00081aa1  _Fapi_setActiveFlashBank          
0     00081ad0  _Fapi_calculateFletcherChecksum   
0     00081afc  __Fapi_setupSectorsForWrite       
0     00081b27  __Fapi_divideUnsignedLong         
0     00081b51  C$$EXIT                           
0     00081b51  _abort                            
0     00081b53  _exit                             
0     00081b7a  _Fapi_setupBankSectorEnable       
0     00081bed  _SysCtl_selectXTAL                
0     00081c11  _copy_in                          
0     00081c35  _Fapi_isAddressEcc                
0     00081c58  _Interrupt_initVectorTable        
0     00081cb4  _memcpy                           
0     00081cd1  _SysCtl_selectXTALSingleEnded     
0     00081e06  _Fapi_flushPipeline               
0     00081e19  __args_main                       
0     00081e5b  _Fapi_doVerify                    
0     00081e6a  __Fapi_scaleCycleValues           
0     00081e94  _Fapi_checkFsmForReady            
0     00081eaa  __Fapi_calculateOtpChecksum       
0     00081eb5  __register_unlock                 
0     00081eb9  __register_lock                   
0     00081ebd  __nop                             
0     00081ec6  _Fapi_getFsmStatus                
0     00081ed8  __system_pre_init                 
1     00000400  __stack                           
1     00000500  __STACK_END                       
1     0000a800  _Fapi_GlobalInit                  
1     0000a80a  _checksum                         
1     0000a80c  _statusCode                       
1     0000a810  ___TI_enable_exit_profile_output  
1     0000a812  ___TI_cleanup_ptr                 
1     0000a814  ___TI_dtors_ptr                   
1     0000a816  _BUFF                             
1     0000a81c  _Example_PassCount                
1     0000a81e  _Example_Fail                     
1     0000a820  _Buffer32                         
1     0000a822  _getWordData                      
1     0000a824  __lock                            
1     0000a826  __unlock                          
abs   00000100  __STACK_SIZE                      
abs   00000136  _RamfuncsLoadSize                 
abs   00000136  _RamfuncsRunSize                  
abs   00008000  _RamfuncsRunStart                 
abs   00008136  _RamfuncsRunEnd                   
abs   000804b4  _RamfuncsLoadStart                
abs   000805ea  _RamfuncsLoadEnd                  
abs   ffffffff  .text                             
abs   ffffffff  ___TI_pprof_out_hndl              
abs   ffffffff  ___TI_prof_data_size              
abs   ffffffff  ___TI_prof_data_start             
abs   ffffffff  ___binit__                        
abs   ffffffff  ___c_args__                       
abs   ffffffff  ___etext__                        
abs   ffffffff  ___pinit__                        
abs   ffffffff  ___text__                         
abs   ffffffff  binit                             
abs   ffffffff  etext                             
abs   ffffffff  pinit                             

[117 symbols]
