******************************************************************************
             TMS320C2000 Linker PC v21.6.0                     
******************************************************************************
>> Linked Sat Jul  3 11:37:27 2021

OUTPUT FILE NAME:   <F280049_can_kernel.out>
ENTRY POINT SYMBOL: "code_start"  address: 00000000


MEMORY CONFIGURATION

         name            origin    length      used     unused   attr    fill
----------------------  --------  ---------  --------  --------  ----  --------
PAGE 0:
  BEGIN                 00000000   00000002  00000002  00000000  RWIX
  RAMM0                 000000f4   0000030c  00000068  000002a4  RWIX
  RAMLS0                00008000   00000800  00000800  00000000  RWIX
  RAMLS1                00008800   00000800  00000800  00000000  RWIX
  RAMLS2                00009000   00000800  00000800  00000000  RWIX
  RAMLS3                00009800   00000800  00000800  00000000  RWIX
  RAMLS4                0000a000   00000800  000000be  00000742  RWIX
  FLASH_BANK0_SEC0      00080000   00001000  00000000  00001000  RWIX
  FLASH_BANK0_SEC1      00081000   00001000  00000000  00001000  RWIX
  FLASH_BANK0_SEC2      00082000   00001000  00000000  00001000  RWIX
  FLASH_BANK0_SEC3      00083000   00001000  00000000  00001000  RWIX
  FLASH_BANK0_SEC4      00084000   00001000  00000000  00001000  RWIX
  FLASH_BANK0_SEC5      00085000   00001000  00000000  00001000  RWIX
  FLASH_BANK0_SEC6      00086000   00001000  00000000  00001000  RWIX
  FLASH_BANK0_SEC7      00087000   00001000  00000000  00001000  RWIX
  FLASH_BANK0_SEC8      00088000   00001000  00000000  00001000  RWIX
  FLASH_BANK0_SEC9      00089000   00001000  00000000  00001000  RWIX
  FLASH_BANK0_SEC10     0008a000   00001000  00000000  00001000  RWIX
  FLASH_BANK0_SEC11     0008b000   00001000  00000000  00001000  RWIX
  FLASH_BANK0_SEC12     0008c000   00001000  00000000  00001000  RWIX
  FLASH_BANK0_SEC13     0008d000   00001000  00000000  00001000  RWIX
  FLASH_BANK0_SEC14     0008e000   00001000  00000000  00001000  RWIX
  FLASH_BANK0_SEC15     0008f000   00001000  00000000  00001000  RWIX
  FLASH_BANK1_SEC0      00090000   00001000  00000000  00001000  RWIX
  FLASH_BANK1_SEC1      00091000   00001000  00000000  00001000  RWIX
  FLASH_BANK1_SEC2      00092000   00001000  00000000  00001000  RWIX
  FLASH_BANK1_SEC3      00093000   00001000  00000000  00001000  RWIX
  FLASH_BANK1_SEC4      00094000   00001000  00000000  00001000  RWIX
  FLASH_BANK1_SEC5      00095000   00001000  00000000  00001000  RWIX
  FLASH_BANK1_SEC6      00096000   00001000  00000000  00001000  RWIX
  FLASH_BANK1_SEC7      00097000   00001000  00000000  00001000  RWIX
  FLASH_BANK1_SEC8      00098000   00001000  00000000  00001000  RWIX
  FLASH_BANK1_SEC9      00099000   00001000  00000000  00001000  RWIX
  FLASH_BANK1_SEC10     0009a000   00001000  00000000  00001000  RWIX
  FLASH_BANK1_SEC11     0009b000   00001000  00000000  00001000  RWIX
  FLASH_BANK1_SEC12     0009c000   00001000  00000000  00001000  RWIX
  FLASH_BANK1_SEC13     0009d000   00001000  00000000  00001000  RWIX
  FLASH_BANK1_SEC14     0009e000   00001000  00000000  00001000  RWIX
  FLASH_BANK1_SEC15     0009f000   00001000  00000000  00001000  RWIX
  RESET                 003fffc0   00000002  00000000  00000002  RWIX

PAGE 1:
  BOOT_RSVD             00000002   000000f1  00000000  000000f1  RWIX
  RAMM1                 00000400   000003f8  00000100  000002f8  RWIX
  RAMLS5                0000a800   00000800  000004b8  00000348  RWIX
  RAMLS6                0000b000   00000800  00000000  00000800  RWIX
  RAMLS7                0000b800   00000800  00000000  00000800  RWIX
  RAMGS0                0000c000   00002000  00000000  00002000  RWIX
  RAMGS1                0000e000   00002000  00000000  00002000  RWIX
  RAMGS2                00010000   00002000  00000000  00002000  RWIX
  RAMGS3                00012000   00001ff8  00000000  00001ff8  RWIX


SECTION ALLOCATION MAP

 output                                  attributes/
section   page    origin      length       input sections
--------  ----  ----------  ----------   ----------------
codestart 
*          0    00000000    00000002     
                  00000000    00000002     codestartbranch.obj (codestart)

.cinit     0    000000f4    00000047     
                  000000f4    00000023     boot.obj (.cinit:_erasedAlready)
                  00000117    0000000e     rts2800_fpu32.lib : exit.c.obj (.cinit)
                  00000125    0000000a     device.obj (.cinit)
                  0000012f    00000005     rts2800_fpu32.lib : _lock.c.obj (.cinit:__lock)
                  00000134    00000005                       : _lock.c.obj (.cinit:__unlock)
                  00000139    00000002     --HOLE-- [fill = 0]

.TI.ramfunc 
*          0    0000013b    00000021     
                  0000013b    0000001d     dfu_kernel.obj (.TI.ramfunc)
                  00000158    00000004     driverlib_coff.lib : sysctl.obj (.TI.ramfunc)

.reset     0    003fffc0    00000002     DSECT
                  003fffc0    00000002     rts2800_fpu32.lib : boot28.asm.obj (.reset)

.stack     1    00000400    00000100     UNINITIALIZED
                  00000400    00000100     --HOLE--

.pinit     0    000000f4    00000000     UNINITIALIZED

.econst    1    0000a800    0000046d     
                  0000a800    000000ef     driverlib_coff.lib : gpio.obj (.econst:.string)
                  0000a8ef    00000001     --HOLE-- [fill = 0]
                  0000a8f0    000000ef                        : sysctl.obj (.econst:.string)
                  0000a9df    00000001     --HOLE-- [fill = 0]
                  0000a9e0    000000ec                        : can.obj (.econst:.string)
                  0000aacc    0000008a     dfu_kernel.obj (.econst:.string)
                  0000ab56    0000007c     driverlib_coff.lib : interrupt.obj (.econst:.string)
                  0000abd2    00000043     can_get_function.obj (.econst:.string)
                  0000ac15    00000001     --HOLE-- [fill = 0]
                  0000ac16    00000040     erase.obj (.econst:_sectAddress)
                  0000ac56    00000013     device.obj (.econst:.string)
                  0000ac69    00000002     can_get_function.obj (.econst:_$P$T0$1)
                  0000ac6b    00000002     can_get_function.obj (.econst:_$P$T1$2)

.ebss      1    0000ac6e    0000004b     UNINITIALIZED
                  0000ac6e    0000000a     F021_API_F28004x_FPU32.lib : Init.obj (.ebss)
                  0000ac78    00000008     can_get_function.obj (.ebss:_rxMsgData)
                  0000ac80    00000020     boot.obj (.ebss:_erasedAlready)
                  0000aca0    00000008     can_get_function.obj (.ebss)
                  0000aca8    00000006     rts2800_fpu32.lib : exit.c.obj (.ebss)
                  0000acae    00000004     device.obj (.ebss)
                  0000acb2    00000002     rts2800_fpu32.lib : _lock.c.obj (.ebss:__lock)
                  0000acb4    00000002                       : _lock.c.obj (.ebss:__unlock)
                  0000acb6    00000002     boot.obj (.ebss)
                  0000acb8    00000001     dfu_kernel.obj (.ebss)

.text.1    0    00008000    00000800     
                  00008000    00000497     boot.obj (.text)
                  00008497    00000294     F021_API_F28004x_FPU32.lib : FlashStateMachine.obj (.text:__Fapi_setupFlashStateMachine)
                  0000872b    000000d1     dfu_kernel.obj (.text)
                  000087fc    00000002     F021_API_F28004x_FPU32.lib : FlashStateMachine.obj (.text:_Fapi_serviceWatchdogTimer)
                  000087fe    00000002     driverlib_coff.lib : interrupt.obj (.text:_Interrupt_illegalOperationHandler)

.text.2    0    00008800    00000800     
                  00008800    0000037c     can_get_function.obj (.text)
                  00008b7c    000001e0     F021_API_F28004x_FPU32.lib : Program.obj (.text:_Fapi_issueProgrammingCommand)
                  00008d5c    000001aa     device.obj (.text)
                  00008f06    000000e3     driverlib_coff.lib : can.obj (.text:_CAN_setupMessageObject)
                  00008fe9    00000017                        : sysctl.obj (.text:_DCC_disableDoneSignal)

.text.3    0    00009000    00000800     
                  00009000    0000018f     verify.obj (.text)
                  0000918f    000000b6     driverlib_coff.lib : sysctl.obj (.text:_SysCtl_setClock)
                  00009245    000000b2                        : sysctl.obj (.text:_SysCtl_isPLLValid)
                  000092f7    000000a7     F021_API_F28004x_FPU32.lib : Init.obj (.text:_Fapi_initializeAPI)
                  0000939e    00000088     rts2800_fpu32.lib : fs_div28.asm.obj (.text)
                  00009426    00000080     F021_API_F28004x_FPU32.lib : Read.obj (.text:__Fapi_loopRegionForValue)
                  000094a6    0000007b     driverlib_coff.lib : can.obj (.text:_CAN_sendMessage)
                  00009521    0000007a                        : sysctl.obj (.text:_DCC_setCounterSeeds)
                  0000959b    00000070                        : can.obj (.text:_CAN_readMessage)
                  0000960b    0000006a                        : can.obj (.text:_CAN_setBitTiming)
                  00009675    00000064     F021_API_F28004x_FPU32.lib : Async.obj (.text:_Fapi_issueAsyncCommandWithAddress)
                  000096d9    00000061     driverlib_coff.lib : can.obj (.text:_CAN_setBitRate)
                  0000973a    0000005c     F021_API_F28004x_FPU32.lib : FlashStateMachine.obj (.text:_Fapi_setupEepromSectorEnable)
                  00009796    0000005b     driverlib_coff.lib : sysctl.obj (.text:_SysCtl_selectOscSource)
                  000097f1    0000000f     F021_API_F28004x_FPU32.lib : Verify.obj (.text:_Fapi_doVerify)

.text.4    0    00009800    00000800     
                  00009800    00000056     rts2800_fpu32.lib : boot28.asm.obj (.text)
                  00009856    00000055     F021_API_F28004x_FPU32.lib : BlankCheck.obj (.text:_Fapi_doBlankCheck)
                  000098ab    00000053     erase.obj (.text)
                  000098fe    00000052     driverlib_coff.lib : dcsm.obj (.text:_DCSM_unlockZone1CSM)
                  00009950    00000052                        : dcsm.obj (.text:_DCSM_unlockZone2CSM)
                  000099a2    00000052                        : gpio.obj (.text:_GPIO_setPadConfig)
                  000099f4    00000052     F021_API_F28004x_FPU32.lib : Read.obj (.text:__Fapi_checkRegionForValue)
                  00009a46    00000051     driverlib_coff.lib : sysctl.obj (.text:_SysCtl_getClock)
                  00009a97    0000003d                        : interrupt.obj (.text:_Interrupt_initModule)
                  00009ad4    0000003c                        : gpio.obj (.text:_GPIO_setQualificationPeriod)
                  00009b10    0000003b                        : gpio.obj (.text:_GPIO_setAnalogMode)
                  00009b4b    0000003a     can_boot.obj (.text)
                  00009b85    00000038     driverlib_coff.lib : gpio.obj (.text:_GPIO_setQualificationMode)
                  00009bbd    00000037                        : gpio.obj (.text:_GPIO_setPinConfig)
                  00009bf4    00000031                        : gpio.obj (.text:_GPIO_setDirectionMode)
                  00009c25    00000030     F021_API_F28004x_FPU32.lib : FlashStateMachine.obj (.text:__Fapi_issueFsmCommand)
                  00009c55    0000002f                                : FlashStateMachine.obj (.text:_Fapi_setActiveFlashBank)
                  00009c84    0000002c                                : Utilities.obj (.text:_Fapi_calculateFletcherChecksum)
                  00009cb0    0000002b                                : FlashStateMachine.obj (.text:__Fapi_setupSectorsForWrite)
                  00009cdb    0000002a                                : Utilities.obj (.text:__Fapi_divideUnsignedLong)
                  00009d05    00000029     rts2800_fpu32.lib : exit.c.obj (.text)
                  00009d2e    00000028     F021_API_F28004x_FPU32.lib : FlashStateMachine.obj (.text:_Fapi_setupBankSectorEnable)
                  00009d56    00000026     driverlib_coff.lib : sysctl.obj (.text:_SysCtl_pollX1Counter)
                  00009d7c    00000025                        : sysctl.obj (.text:_DCC_enableSingleShotMode)
                  00009da1    00000024                        : sysctl.obj (.text:_SysCtl_selectXTAL)
                  00009dc5    00000024     rts2800_fpu32.lib : cpy_tbl.c.obj (.text)
                  00009de9    00000023     driverlib_coff.lib : can.obj (.text:_CAN_writeDataReg)
                  00009e0c    00000023     F021_API_F28004x_FPU32.lib : FlashStateMachine.obj (.text:_Fapi_isAddressEcc)
                  00009e2f    00000022     codestartbranch.obj (.text)
                  00009e51    00000020     driverlib_coff.lib : interrupt.obj (.text:_Interrupt_initVectorTable)
                  00009e71    0000001f                        : sysctl.obj (.text:_DCC_setCounter1ClkSource)
                  00009e90    0000001e                        : can.obj (.text:_CAN_initModule)
                  00009eae    0000001d                        : sysctl.obj (.text:_DCC_setCounter0ClkSource)
                  00009ecb    0000001d     rts2800_fpu32.lib : memcpy.c.obj (.text)
                  00009ee8    0000001b     driverlib_coff.lib : can.obj (.text:_CAN_initRAM)
                  00009f03    0000001b                        : can.obj (.text:_CAN_readDataReg)
                  00009f1e    0000001a                        : sysctl.obj (.text:_SysCtl_getLowSpeedClock)
                  00009f38    0000001a                        : sysctl.obj (.text:_SysCtl_selectXTALSingleEnded)
                  00009f52    00000017                        : sysctl.obj (.text:_DCC_enableDoneSignal)
                  00009f69    00000017                        : sysctl.obj (.text:_SysCtl_enablePeripheral)
                  00009f80    00000016                        : sysctl.obj (.text:_DCC_clearDoneFlag)
                  00009f96    00000016                        : sysctl.obj (.text:_DCC_clearErrorFlag)
                  00009fac    00000016                        : sysctl.obj (.text:_DCC_disableErrorSignal)
                  00009fc2    00000016                        : sysctl.obj (.text:_DCC_enableErrorSignal)
                  00009fd8    00000015                        : can.obj (.text:_CAN_isBaseValid)
                  00009fed    00000013     F021_API_F28004x_FPU32.lib : Read.obj (.text:_Fapi_flushPipeline)

.text.5    0    0000a000    000000be     
                  0000a000    00000014     driverlib_coff.lib : sysctl.obj (.text:_DCC_disableModule)
                  0000a014    00000014                        : sysctl.obj (.text:_DCC_enableModule)
                  0000a028    00000014                        : gpio.obj (.text:_GPIO_isPinValid)
                  0000a03c    00000012     rts2800_fpu32.lib : args_main.c.obj (.text)
                  0000a04e    00000010     driverlib_coff.lib : sysctl.obj (.text:_DCC_isBaseValid)
                  0000a05e    0000000f     F021_API_F28004x_FPU32.lib : Utilities.obj (.text:__Fapi_scaleCycleValues)
                  0000a06d    0000000e     driverlib_coff.lib : interrupt.obj (.text:_Interrupt_defaultHandler)
                  0000a07b    0000000d                        : interrupt.obj (.text:_Interrupt_disableMaster)
                  0000a088    0000000b     F021_API_F28004x_FPU32.lib : FlashStateMachine.obj (.text:_Fapi_checkFsmForReady)
                  0000a093    0000000b     driverlib_coff.lib : sysctl.obj (.text:_SysCtl_isMCDClockFailureDetected)
                  0000a09e    0000000b     F021_API_F28004x_FPU32.lib : Utilities.obj (.text:__Fapi_calculateOtpChecksum)
                  0000a0a9    00000009     rts2800_fpu32.lib : _lock.c.obj (.text)
                  0000a0b2    00000007     driverlib_coff.lib : sysctl.obj (.text:_SysCtl_resetMCD)
                  0000a0b9    00000002                        : interrupt.obj (.text:_Interrupt_nmiHandler)
                  0000a0bb    00000002     rts2800_fpu32.lib : pre_init.c.obj (.text)
                  0000a0bd    00000001                       : startup.c.obj (.text)

MODULE SUMMARY

       Module                  code   initialized data   uninitialized data
       ------                  ----   ----------------   ------------------
    .\
       boot.obj                1175   35                 34                
       can_get_function.obj    892    71                 16                
       verify.obj              399    0                  0                 
       dfu_kernel.obj          238    138                1                 
       erase.obj               83     64                 0                 
       can_boot.obj            58     0                  0                 
       codestartbranch.obj     36     0                  0                 
    +--+-----------------------+------+------------------+--------------------+
       Total:                  2881   308                51                
                                                                           
    .\device\
       device.obj              426    29                 4                 
    +--+-----------------------+------+------------------+--------------------+
       Total:                  426    29                 4                 
                                                                           
    ../F021_API_F28004x_FPU32.lib
       FlashStateMachine.obj   978    0                  0                 
       Program.obj             480    0                  0                 
       Read.obj                229    0                  0                 
       Init.obj                167    0                  10                
       Utilities.obj           112    0                  0                 
       Async.obj               100    0                  0                 
       BlankCheck.obj          85     0                  0                 
       Verify.obj              15     0                  0                 
    +--+-----------------------+------+------------------+--------------------+
       Total:                  2166   0                  10                
                                                                           
    C:\ti\c2000\C2000Ware_3_04_00_00\driverlib\f28004x\driverlib\ccs\Debug\driverlib_coff.lib
       sysctl.obj              1112   239                0                 
       can.obj                 805    236                0                 
       gpio.obj                381    239                0                 
       interrupt.obj           124    124                0                 
       dcsm.obj                164    0                  0                 
    +--+-----------------------+------+------------------+--------------------+
       Total:                  2586   838                0                 
                                                                           
    C:\ti\ccs1000\ccs\tools\compiler\ti-cgt-c2000_21.6.0.LTS\lib\rts2800_fpu32.lib
       fs_div28.asm.obj        136    0                  0                 
       boot28.asm.obj          86     0                  0                 
       exit.c.obj              41     14                 6                 
       cpy_tbl.c.obj           36     0                  0                 
       memcpy.c.obj            29     0                  0                 
       _lock.c.obj             9      10                 4                 
       args_main.c.obj         18     0                  0                 
       pre_init.c.obj          2      0                  0                 
       startup.c.obj           1      0                  0                 
    +--+-----------------------+------+------------------+--------------------+
       Total:                  358    24                 10                
                                                                           
       Stack:                  0      0                  256               
    +--+-----------------------+------+------------------+--------------------+
       Grand Total:            8417   1199               331               


GLOBAL DATA SYMBOLS: SORTED BY DATA PAGE

address     data page           name
--------    ----------------    ----
00000400      10 (00000400)     __stack

0000ac16     2b0 (0000ac00)     _sectAddress

0000ac6e     2b1 (0000ac40)     _Fapi_GlobalInit
0000ac78     2b1 (0000ac40)     _rxMsgData

0000ac80     2b2 (0000ac80)     _erasedAlready
0000aca0     2b2 (0000ac80)     _checksum
0000aca1     2b2 (0000ac80)     _rxMsg
0000aca2     2b2 (0000ac80)     _txMsg
0000aca4     2b2 (0000ac80)     _statusCode
0000aca8     2b2 (0000ac80)     ___TI_enable_exit_profile_output
0000acaa     2b2 (0000ac80)     ___TI_cleanup_ptr
0000acac     2b2 (0000ac80)     ___TI_dtors_ptr
0000acae     2b2 (0000ac80)     _Example_PassCount
0000acb0     2b2 (0000ac80)     _Example_Fail
0000acb2     2b2 (0000ac80)     __lock
0000acb4     2b2 (0000ac80)     __unlock
0000acb6     2b2 (0000ac80)     _getWordData
0000acb8     2b2 (0000ac80)     _u16_modeSw


GLOBAL SYMBOLS: SORTED ALPHABETICALLY BY Name 

page  address   name                              
----  -------   ----                              
abs   ffffffff  .text                             
0     00009d05  C$$EXIT                           
0     0000939e  FS$$DIV                           
0     00009e90  _CAN_initModule                   
0     0000959b  _CAN_readMessage                  
0     000094a6  _CAN_sendMessage                  
0     000096d9  _CAN_setBitRate                   
0     0000960b  _CAN_setBitTiming                 
0     00008f06  _CAN_setupMessageObject           
0     000098fe  _DCSM_unlockZone1CSM              
0     00009950  _DCSM_unlockZone2CSM              
0     00008e12  _Device_enableAllPeripherals      
0     00008dc1  _Device_init                      
0     00008eef  _Device_initGPIO                  
0     00000152  _Error                            
1     0000acb0  _Example_Fail                     
1     0000acae  _Example_PassCount                
0     00009e39  _ExitBoot                         
1     0000ac6e  _Fapi_GlobalInit                  
0     00009c84  _Fapi_calculateFletcherChecksum   
0     0000a088  _Fapi_checkFsmForReady            
0     00009856  _Fapi_doBlankCheck                
0     000097f1  _Fapi_doVerify                    
0     00009fed  _Fapi_flushPipeline               
0     000092f7  _Fapi_initializeAPI               
0     00009e0c  _Fapi_isAddressEcc                
0     00009675  _Fapi_issueAsyncCommandWithAddress
0     00008b7c  _Fapi_issueProgrammingCommand     
0     000087fc  _Fapi_serviceWatchdogTimer        
0     00009c55  _Fapi_setActiveFlashBank          
0     00009d2e  _Fapi_setupBankSectorEnable       
0     0000973a  _Fapi_setupEepromSectorEnable     
0     00009b10  _GPIO_setAnalogMode               
0     00009bf4  _GPIO_setDirectionMode            
0     000099a2  _GPIO_setPadConfig                
0     00009bbd  _GPIO_setPinConfig                
0     00009b85  _GPIO_setQualificationMode        
0     00009ad4  _GPIO_setQualificationPeriod      
0     00009a97  _Interrupt_initModule             
0     00009e51  _Interrupt_initVectorTable        
0     00000158  _SysCtl_delay                     
0     00009a46  _SysCtl_getClock                  
0     00009f1e  _SysCtl_getLowSpeedClock          
0     00009245  _SysCtl_isPLLValid                
0     00009796  _SysCtl_selectOscSource           
0     00009da1  _SysCtl_selectXTAL                
0     00009f38  _SysCtl_selectXTALSingleEnded     
0     0000918f  _SysCtl_setClock                  
0     0000a09e  __Fapi_calculateOtpChecksum       
0     000099f4  __Fapi_checkRegionForValue        
0     00009cdb  __Fapi_divideUnsignedLong         
0     00009c25  __Fapi_issueFsmCommand            
0     00009426  __Fapi_loopRegionForValue         
0     0000a05e  __Fapi_scaleCycleValues           
0     00009cb0  __Fapi_setupSectorsForWrite       
1     00000500  __STACK_END                       
abs   00000100  __STACK_SIZE                      
1     0000acaa  ___TI_cleanup_ptr                 
1     0000acac  ___TI_dtors_ptr                   
1     0000aca8  ___TI_enable_exit_profile_output  
abs   ffffffff  ___TI_pprof_out_hndl              
abs   ffffffff  ___TI_prof_data_size              
abs   ffffffff  ___TI_prof_data_start             
abs   ffffffff  ___binit__                        
abs   ffffffff  ___c_args__                       
0     000000f4  ___cinit__                        
0     00008eff  ___error__                        
abs   ffffffff  ___etext__                        
abs   ffffffff  ___pinit__                        
abs   ffffffff  ___text__                         
0     0000a03c  __args_main                       
1     0000acb2  __lock                            
0     0000a0b1  __nop                             
0     0000a0ad  __register_lock                   
0     0000a0a9  __register_unlock                 
1     00000400  __stack                           
0     0000a0bd  __system_post_cinit               
0     0000a0bb  __system_pre_init                 
1     0000acb4  __unlock                          
0     00009d05  _abort                            
0     00009800  _c_int00                          
0     00009b4b  _canBoot                          
0     00008a0f  _canCheck                         
0     00008b06  _canFlush                         
0     000088b1  _canGetFunction                   
0     00008996  _canGetOnlyWordData               
0     00008a5c  _canGetPacket                     
0     0000896e  _canGetWordData                   
0     000089be  _canInit                          
0     00008b55  _canKeyCheck                      
0     000089fe  _canPinmuxOption                  
0     00008a3c  _canReadMsg                       
0     00008b36  _canSendChecksum                  
0     00008aa5  _canSendPacket                    
0     00008b0e  _canSendWord                      
1     0000aca0  _checksum                         
0     00008000  _copyData                         
0     00009dc5  _copy_in                          
1     0000ac80  _erasedAlready                    
0     00009d07  _exit                             
0     000081ec  _findSector                       
0     0000846f  _findSize                         
0     00008475  _getLongData                      
1     0000acb6  _getWordData                      
0     000087e0  _initFlashSectors                 
0     0000879b  _main                             
0     00009ecb  _memcpy                           
0     00008487  _readReservedFn                   
1     0000aca1  _rxMsg                            
1     0000ac78  _rxMsgData                        
1     0000ac16  _sectAddress                      
0     00008aef  _sendACK                          
0     00008ad8  _sendNAK                          
0     000098ab  _sharedErase                      
1     0000aca4  _statusCode                       
1     0000aca2  _txMsg                            
1     0000acb8  _u16_modeSw                       
0     00009000  _verifyData                       
abs   ffffffff  binit                             
0     000000f4  cinit                             
0     00000000  code_start                        
abs   ffffffff  etext                             
abs   ffffffff  pinit                             


GLOBAL SYMBOLS: SORTED BY Symbol Address 

page  address   name                              
----  -------   ----                              
0     00000000  code_start                        
0     000000f4  ___cinit__                        
0     000000f4  cinit                             
0     00000152  _Error                            
0     00000158  _SysCtl_delay                     
0     00008000  _copyData                         
0     000081ec  _findSector                       
0     0000846f  _findSize                         
0     00008475  _getLongData                      
0     00008487  _readReservedFn                   
0     0000879b  _main                             
0     000087e0  _initFlashSectors                 
0     000087fc  _Fapi_serviceWatchdogTimer        
0     000088b1  _canGetFunction                   
0     0000896e  _canGetWordData                   
0     00008996  _canGetOnlyWordData               
0     000089be  _canInit                          
0     000089fe  _canPinmuxOption                  
0     00008a0f  _canCheck                         
0     00008a3c  _canReadMsg                       
0     00008a5c  _canGetPacket                     
0     00008aa5  _canSendPacket                    
0     00008ad8  _sendNAK                          
0     00008aef  _sendACK                          
0     00008b06  _canFlush                         
0     00008b0e  _canSendWord                      
0     00008b36  _canSendChecksum                  
0     00008b55  _canKeyCheck                      
0     00008b7c  _Fapi_issueProgrammingCommand     
0     00008dc1  _Device_init                      
0     00008e12  _Device_enableAllPeripherals      
0     00008eef  _Device_initGPIO                  
0     00008eff  ___error__                        
0     00008f06  _CAN_setupMessageObject           
0     00009000  _verifyData                       
0     0000918f  _SysCtl_setClock                  
0     00009245  _SysCtl_isPLLValid                
0     000092f7  _Fapi_initializeAPI               
0     0000939e  FS$$DIV                           
0     00009426  __Fapi_loopRegionForValue         
0     000094a6  _CAN_sendMessage                  
0     0000959b  _CAN_readMessage                  
0     0000960b  _CAN_setBitTiming                 
0     00009675  _Fapi_issueAsyncCommandWithAddress
0     000096d9  _CAN_setBitRate                   
0     0000973a  _Fapi_setupEepromSectorEnable     
0     00009796  _SysCtl_selectOscSource           
0     000097f1  _Fapi_doVerify                    
0     00009800  _c_int00                          
0     00009856  _Fapi_doBlankCheck                
0     000098ab  _sharedErase                      
0     000098fe  _DCSM_unlockZone1CSM              
0     00009950  _DCSM_unlockZone2CSM              
0     000099a2  _GPIO_setPadConfig                
0     000099f4  __Fapi_checkRegionForValue        
0     00009a46  _SysCtl_getClock                  
0     00009a97  _Interrupt_initModule             
0     00009ad4  _GPIO_setQualificationPeriod      
0     00009b10  _GPIO_setAnalogMode               
0     00009b4b  _canBoot                          
0     00009b85  _GPIO_setQualificationMode        
0     00009bbd  _GPIO_setPinConfig                
0     00009bf4  _GPIO_setDirectionMode            
0     00009c25  __Fapi_issueFsmCommand            
0     00009c55  _Fapi_setActiveFlashBank          
0     00009c84  _Fapi_calculateFletcherChecksum   
0     00009cb0  __Fapi_setupSectorsForWrite       
0     00009cdb  __Fapi_divideUnsignedLong         
0     00009d05  C$$EXIT                           
0     00009d05  _abort                            
0     00009d07  _exit                             
0     00009d2e  _Fapi_setupBankSectorEnable       
0     00009da1  _SysCtl_selectXTAL                
0     00009dc5  _copy_in                          
0     00009e0c  _Fapi_isAddressEcc                
0     00009e39  _ExitBoot                         
0     00009e51  _Interrupt_initVectorTable        
0     00009e90  _CAN_initModule                   
0     00009ecb  _memcpy                           
0     00009f1e  _SysCtl_getLowSpeedClock          
0     00009f38  _SysCtl_selectXTALSingleEnded     
0     00009fed  _Fapi_flushPipeline               
0     0000a03c  __args_main                       
0     0000a05e  __Fapi_scaleCycleValues           
0     0000a088  _Fapi_checkFsmForReady            
0     0000a09e  __Fapi_calculateOtpChecksum       
0     0000a0a9  __register_unlock                 
0     0000a0ad  __register_lock                   
0     0000a0b1  __nop                             
0     0000a0bb  __system_pre_init                 
0     0000a0bd  __system_post_cinit               
1     00000400  __stack                           
1     00000500  __STACK_END                       
1     0000ac16  _sectAddress                      
1     0000ac6e  _Fapi_GlobalInit                  
1     0000ac78  _rxMsgData                        
1     0000ac80  _erasedAlready                    
1     0000aca0  _checksum                         
1     0000aca1  _rxMsg                            
1     0000aca2  _txMsg                            
1     0000aca4  _statusCode                       
1     0000aca8  ___TI_enable_exit_profile_output  
1     0000acaa  ___TI_cleanup_ptr                 
1     0000acac  ___TI_dtors_ptr                   
1     0000acae  _Example_PassCount                
1     0000acb0  _Example_Fail                     
1     0000acb2  __lock                            
1     0000acb4  __unlock                          
1     0000acb6  _getWordData                      
1     0000acb8  _u16_modeSw                       
abs   00000100  __STACK_SIZE                      
abs   ffffffff  .text                             
abs   ffffffff  ___TI_pprof_out_hndl              
abs   ffffffff  ___TI_prof_data_size              
abs   ffffffff  ___TI_prof_data_start             
abs   ffffffff  ___binit__                        
abs   ffffffff  ___c_args__                       
abs   ffffffff  ___etext__                        
abs   ffffffff  ___pinit__                        
abs   ffffffff  ___text__                         
abs   ffffffff  binit                             
abs   ffffffff  etext                             
abs   ffffffff  pinit                             

[123 symbols]
