<?xml version="1.0" encoding="ISO-8859-1" ?>
<link_info>
   <banner>TMS320C2000 Linker PC v21.6.0.LTS</banner>
   <copyright>Copyright (c) 1996-2018 Texas Instruments Incorporated</copyright>
   <link_time>0x60cf1753</link_time>
   <link_errors>0x0</link_errors>
   <output_file>F280049_can_kernel.out</output_file>
   <entry_point>
      <name>code_start</name>
      <address>0x0</address>
   </entry_point>
   <input_file_list>
      <input_file id="fl-2">
         <path>.\</path>
         <kind>object</kind>
         <file>boot.obj</file>
         <name>boot.obj</name>
      </input_file>
      <input_file id="fl-3">
         <path>.\</path>
         <kind>object</kind>
         <file>can_boot.obj</file>
         <name>can_boot.obj</name>
      </input_file>
      <input_file id="fl-4">
         <path>.\</path>
         <kind>object</kind>
         <file>can_get_function.obj</file>
         <name>can_get_function.obj</name>
      </input_file>
      <input_file id="fl-5">
         <path>.\</path>
         <kind>object</kind>
         <file>codestartbranch.obj</file>
         <name>codestartbranch.obj</name>
      </input_file>
      <input_file id="fl-6">
         <path>.\</path>
         <kind>object</kind>
         <file>dfu_kernel.obj</file>
         <name>dfu_kernel.obj</name>
      </input_file>
      <input_file id="fl-7">
         <path>.\</path>
         <kind>object</kind>
         <file>erase.obj</file>
         <name>erase.obj</name>
      </input_file>
      <input_file id="fl-8">
         <path>.\</path>
         <kind>object</kind>
         <file>verify.obj</file>
         <name>verify.obj</name>
      </input_file>
      <input_file id="fl-9">
         <path>.\device\</path>
         <kind>object</kind>
         <file>device.obj</file>
         <name>device.obj</name>
      </input_file>
      <input_file id="fl-f">
         <kind>object</kind>
         <file>&lt;internal&gt;</file>
         <name>&lt;internal&gt;</name>
      </input_file>
      <input_file id="fl-10">
         <path>..\</path>
         <kind>archive</kind>
         <file>F021_API_F28004x_FPU32.lib</file>
         <name>Async.obj</name>
      </input_file>
      <input_file id="fl-11">
         <path>..\</path>
         <kind>archive</kind>
         <file>F021_API_F28004x_FPU32.lib</file>
         <name>BlankCheck.obj</name>
      </input_file>
      <input_file id="fl-12">
         <path>..\</path>
         <kind>archive</kind>
         <file>F021_API_F28004x_FPU32.lib</file>
         <name>Read.obj</name>
      </input_file>
      <input_file id="fl-13">
         <path>..\</path>
         <kind>archive</kind>
         <file>F021_API_F28004x_FPU32.lib</file>
         <name>Verify.obj</name>
      </input_file>
      <input_file id="fl-14">
         <path>..\</path>
         <kind>archive</kind>
         <file>F021_API_F28004x_FPU32.lib</file>
         <name>FlashStateMachine.obj</name>
      </input_file>
      <input_file id="fl-15">
         <path>..\</path>
         <kind>archive</kind>
         <file>F021_API_F28004x_FPU32.lib</file>
         <name>Init.obj</name>
      </input_file>
      <input_file id="fl-16">
         <path>..\</path>
         <kind>archive</kind>
         <file>F021_API_F28004x_FPU32.lib</file>
         <name>Utilities.obj</name>
      </input_file>
      <input_file id="fl-17">
         <path>..\</path>
         <kind>archive</kind>
         <file>F021_API_F28004x_FPU32.lib</file>
         <name>FlashStateMachine.obj</name>
      </input_file>
      <input_file id="fl-18">
         <path>..\</path>
         <kind>archive</kind>
         <file>F021_API_F28004x_FPU32.lib</file>
         <name>Program.obj</name>
      </input_file>
      <input_file id="fl-1c">
         <path>C:\ti\c2000\C2000Ware_3_04_00_00\driverlib\f28004x\driverlib\ccs\Debug\</path>
         <kind>archive</kind>
         <file>driverlib_coff.lib</file>
         <name>can.obj</name>
      </input_file>
      <input_file id="fl-1d">
         <path>C:\ti\c2000\C2000Ware_3_04_00_00\driverlib\f28004x\driverlib\ccs\Debug\</path>
         <kind>archive</kind>
         <file>driverlib_coff.lib</file>
         <name>dcsm.obj</name>
      </input_file>
      <input_file id="fl-1e">
         <path>C:\ti\c2000\C2000Ware_3_04_00_00\driverlib\f28004x\driverlib\ccs\Debug\</path>
         <kind>archive</kind>
         <file>driverlib_coff.lib</file>
         <name>gpio.obj</name>
      </input_file>
      <input_file id="fl-1f">
         <path>C:\ti\c2000\C2000Ware_3_04_00_00\driverlib\f28004x\driverlib\ccs\Debug\</path>
         <kind>archive</kind>
         <file>driverlib_coff.lib</file>
         <name>interrupt.obj</name>
      </input_file>
      <input_file id="fl-20">
         <path>C:\ti\c2000\C2000Ware_3_04_00_00\driverlib\f28004x\driverlib\ccs\Debug\</path>
         <kind>archive</kind>
         <file>driverlib_coff.lib</file>
         <name>sysctl.obj</name>
      </input_file>
      <input_file id="fl-2c">
         <path>C:\ti\ccs1000\ccs\tools\compiler\ti-cgt-c2000_21.6.0.LTS\lib\</path>
         <kind>archive</kind>
         <file>rts2800_fpu32.lib</file>
         <name>boot28.asm.obj</name>
      </input_file>
      <input_file id="fl-2d">
         <path>C:\ti\ccs1000\ccs\tools\compiler\ti-cgt-c2000_21.6.0.LTS\lib\</path>
         <kind>archive</kind>
         <file>rts2800_fpu32.lib</file>
         <name>fs_div28.asm.obj</name>
      </input_file>
      <input_file id="fl-2e">
         <path>C:\ti\ccs1000\ccs\tools\compiler\ti-cgt-c2000_21.6.0.LTS\lib\</path>
         <kind>archive</kind>
         <file>rts2800_fpu32.lib</file>
         <name>cpy_tbl.c.obj</name>
      </input_file>
      <input_file id="fl-2f">
         <path>C:\ti\ccs1000\ccs\tools\compiler\ti-cgt-c2000_21.6.0.LTS\lib\</path>
         <kind>archive</kind>
         <file>rts2800_fpu32.lib</file>
         <name>memcpy.c.obj</name>
      </input_file>
      <input_file id="fl-30">
         <path>C:\ti\ccs1000\ccs\tools\compiler\ti-cgt-c2000_21.6.0.LTS\lib\</path>
         <kind>archive</kind>
         <file>rts2800_fpu32.lib</file>
         <name>pre_init.c.obj</name>
      </input_file>
      <input_file id="fl-31">
         <path>C:\ti\ccs1000\ccs\tools\compiler\ti-cgt-c2000_21.6.0.LTS\lib\</path>
         <kind>archive</kind>
         <file>rts2800_fpu32.lib</file>
         <name>startup.c.obj</name>
      </input_file>
      <input_file id="fl-32">
         <path>C:\ti\ccs1000\ccs\tools\compiler\ti-cgt-c2000_21.6.0.LTS\lib\</path>
         <kind>archive</kind>
         <file>rts2800_fpu32.lib</file>
         <name>exit.c.obj</name>
      </input_file>
      <input_file id="fl-33">
         <path>C:\ti\ccs1000\ccs\tools\compiler\ti-cgt-c2000_21.6.0.LTS\lib\</path>
         <kind>archive</kind>
         <file>rts2800_fpu32.lib</file>
         <name>_lock.c.obj</name>
      </input_file>
      <input_file id="fl-34">
         <path>C:\ti\ccs1000\ccs\tools\compiler\ti-cgt-c2000_21.6.0.LTS\lib\</path>
         <kind>archive</kind>
         <file>rts2800_fpu32.lib</file>
         <name>args_main.c.obj</name>
      </input_file>
   </input_file_list>
   <object_component_list>
      <object_component id="oc-11">
         <name>codestart</name>
         <load_address>0x0</load_address>
         <run_address>0x0</run_address>
         <size>0x2</size>
         <input_file_ref idref="fl-5"/>
      </object_component>
      <object_component id="oc-cf">
         <name>.TI.ramfunc</name>
         <load_address>0x13b</load_address>
         <run_address>0x13b</run_address>
         <size>0x1d</size>
         <input_file_ref idref="fl-6"/>
      </object_component>
      <object_component id="oc-89">
         <name>.TI.ramfunc</name>
         <load_address>0x158</load_address>
         <run_address>0x158</run_address>
         <size>0x4</size>
         <input_file_ref idref="fl-20"/>
      </object_component>
      <object_component id="oc-f1">
         <name>.text</name>
         <load_address>0x8000</load_address>
         <run_address>0x8000</run_address>
         <size>0x495</size>
         <input_file_ref idref="fl-2"/>
      </object_component>
      <object_component id="oc-cd">
         <name>.text</name>
         <load_address>0x8495</load_address>
         <run_address>0x8495</run_address>
         <size>0x35c</size>
         <input_file_ref idref="fl-4"/>
      </object_component>
      <object_component id="oc-10f">
         <name>.text:_Fapi_doVerify</name>
         <load_address>0x87f1</load_address>
         <run_address>0x87f1</run_address>
         <size>0xf</size>
         <input_file_ref idref="fl-13"/>
      </object_component>
      <object_component id="oc-e9">
         <name>.text:__Fapi_setupFlashStateMachine</name>
         <load_address>0x8800</load_address>
         <run_address>0x8800</run_address>
         <size>0x294</size>
         <input_file_ref idref="fl-14"/>
      </object_component>
      <object_component id="oc-10e">
         <name>.text:_Fapi_issueProgrammingCommand</name>
         <load_address>0x8a94</load_address>
         <run_address>0x8a94</run_address>
         <size>0x1e0</size>
         <input_file_ref idref="fl-18"/>
      </object_component>
      <object_component id="oc-c6">
         <name>.text</name>
         <load_address>0x8c74</load_address>
         <run_address>0x8c74</run_address>
         <size>0x1aa</size>
         <input_file_ref idref="fl-9"/>
      </object_component>
      <object_component id="oc-e6">
         <name>.text:_CAN_setupMessageObject</name>
         <load_address>0x8e1e</load_address>
         <run_address>0x8e1e</run_address>
         <size>0xe3</size>
         <input_file_ref idref="fl-1c"/>
      </object_component>
      <object_component id="oc-c0">
         <name>.text</name>
         <load_address>0x8f01</load_address>
         <run_address>0x8f01</run_address>
         <size>0xd1</size>
         <input_file_ref idref="fl-6"/>
      </object_component>
      <object_component id="oc-114">
         <name>.text:_Fapi_calculateFletcherChecksum</name>
         <load_address>0x8fd2</load_address>
         <run_address>0x8fd2</run_address>
         <size>0x2c</size>
         <input_file_ref idref="fl-16"/>
      </object_component>
      <object_component id="oc-115">
         <name>.text:_Fapi_serviceWatchdogTimer</name>
         <load_address>0x8ffe</load_address>
         <run_address>0x8ffe</run_address>
         <size>0x2</size>
         <input_file_ref idref="fl-14"/>
      </object_component>
      <object_component id="oc-d4">
         <name>.text:_SysCtl_setClock</name>
         <load_address>0x9000</load_address>
         <run_address>0x9000</run_address>
         <size>0xb6</size>
         <input_file_ref idref="fl-20"/>
      </object_component>
      <object_component id="oc-ee">
         <name>.text:_SysCtl_isPLLValid</name>
         <load_address>0x90b6</load_address>
         <run_address>0x90b6</run_address>
         <size>0xb2</size>
         <input_file_ref idref="fl-20"/>
      </object_component>
      <object_component id="oc-ce">
         <name>.text:_Fapi_initializeAPI</name>
         <load_address>0x9168</load_address>
         <run_address>0x9168</run_address>
         <size>0xa7</size>
         <input_file_ref idref="fl-15"/>
      </object_component>
      <object_component id="oc-96">
         <name>.text</name>
         <load_address>0x920f</load_address>
         <run_address>0x920f</run_address>
         <size>0x88</size>
         <input_file_ref idref="fl-2d"/>
      </object_component>
      <object_component id="oc-113">
         <name>.text:__Fapi_loopRegionForValue</name>
         <load_address>0x9297</load_address>
         <run_address>0x9297</run_address>
         <size>0x80</size>
         <input_file_ref idref="fl-12"/>
      </object_component>
      <object_component id="oc-de">
         <name>.text:_CAN_sendMessage</name>
         <load_address>0x9317</load_address>
         <run_address>0x9317</run_address>
         <size>0x7b</size>
         <input_file_ref idref="fl-1c"/>
      </object_component>
      <object_component id="oc-107">
         <name>.text:_DCC_setCounterSeeds</name>
         <load_address>0x9392</load_address>
         <run_address>0x9392</run_address>
         <size>0x7a</size>
         <input_file_ref idref="fl-20"/>
      </object_component>
      <object_component id="oc-e3">
         <name>.text:_CAN_readMessage</name>
         <load_address>0x940c</load_address>
         <run_address>0x940c</run_address>
         <size>0x70</size>
         <input_file_ref idref="fl-1c"/>
      </object_component>
      <object_component id="oc-f8">
         <name>.text:_CAN_setBitTiming</name>
         <load_address>0x947c</load_address>
         <run_address>0x947c</run_address>
         <size>0x6a</size>
         <input_file_ref idref="fl-1c"/>
      </object_component>
      <object_component id="oc-f3">
         <name>.text:_Fapi_issueAsyncCommandWithAddress</name>
         <load_address>0x94e6</load_address>
         <run_address>0x94e6</run_address>
         <size>0x64</size>
         <input_file_ref idref="fl-10"/>
      </object_component>
      <object_component id="oc-e5">
         <name>.text:_CAN_setBitRate</name>
         <load_address>0x954a</load_address>
         <run_address>0x954a</run_address>
         <size>0x61</size>
         <input_file_ref idref="fl-1c"/>
      </object_component>
      <object_component id="oc-11a">
         <name>.text:_Fapi_setupEepromSectorEnable</name>
         <load_address>0x95ab</load_address>
         <run_address>0x95ab</run_address>
         <size>0x5c</size>
         <input_file_ref idref="fl-14"/>
      </object_component>
      <object_component id="oc-ed">
         <name>.text:_SysCtl_selectOscSource</name>
         <load_address>0x9607</load_address>
         <run_address>0x9607</run_address>
         <size>0x5b</size>
         <input_file_ref idref="fl-20"/>
      </object_component>
      <object_component id="oc-8f">
         <name>.text</name>
         <load_address>0x9662</load_address>
         <run_address>0x9662</run_address>
         <size>0x56</size>
         <input_file_ref idref="fl-2c"/>
      </object_component>
      <object_component id="oc-f5">
         <name>.text:_Fapi_doBlankCheck</name>
         <load_address>0x96b8</load_address>
         <run_address>0x96b8</run_address>
         <size>0x55</size>
         <input_file_ref idref="fl-11"/>
      </object_component>
      <object_component id="oc-e2">
         <name>.text</name>
         <load_address>0x970d</load_address>
         <run_address>0x970d</run_address>
         <size>0x53</size>
         <input_file_ref idref="fl-7"/>
      </object_component>
      <object_component id="oc-df">
         <name>.text:_DCSM_unlockZone1CSM</name>
         <load_address>0x9760</load_address>
         <run_address>0x9760</run_address>
         <size>0x52</size>
         <input_file_ref idref="fl-1d"/>
      </object_component>
      <object_component id="oc-cb">
         <name>.text:_Interrupt_initModule</name>
         <load_address>0x97b2</load_address>
         <run_address>0x97b2</run_address>
         <size>0x3d</size>
         <input_file_ref idref="fl-1f"/>
      </object_component>
      <object_component id="oc-118">
         <name>.text:_DCC_isBaseValid</name>
         <load_address>0x97ef</load_address>
         <run_address>0x97ef</run_address>
         <size>0x10</size>
         <input_file_ref idref="fl-20"/>
      </object_component>
      <object_component id="oc-c3">
         <name>.text</name>
         <load_address>0x97ff</load_address>
         <run_address>0x97ff</run_address>
         <size>0x1</size>
         <input_file_ref idref="fl-31"/>
      </object_component>
      <object_component id="oc-e0">
         <name>.text:_DCSM_unlockZone2CSM</name>
         <load_address>0x9800</load_address>
         <run_address>0x9800</run_address>
         <size>0x52</size>
         <input_file_ref idref="fl-1d"/>
      </object_component>
      <object_component id="oc-d7">
         <name>.text:_GPIO_setPadConfig</name>
         <load_address>0x9852</load_address>
         <run_address>0x9852</run_address>
         <size>0x52</size>
         <input_file_ref idref="fl-1e"/>
      </object_component>
      <object_component id="oc-119">
         <name>.text:__Fapi_checkRegionForValue</name>
         <load_address>0x98a4</load_address>
         <run_address>0x98a4</run_address>
         <size>0x52</size>
         <input_file_ref idref="fl-12"/>
      </object_component>
      <object_component id="oc-d5">
         <name>.text:_SysCtl_getClock</name>
         <load_address>0x98f6</load_address>
         <run_address>0x98f6</run_address>
         <size>0x51</size>
         <input_file_ref idref="fl-20"/>
      </object_component>
      <object_component id="oc-ca">
         <name>.text:_GPIO_setQualificationPeriod</name>
         <load_address>0x9947</load_address>
         <run_address>0x9947</run_address>
         <size>0x3c</size>
         <input_file_ref idref="fl-1e"/>
      </object_component>
      <object_component id="oc-d8">
         <name>.text:_GPIO_setAnalogMode</name>
         <load_address>0x9983</load_address>
         <run_address>0x9983</run_address>
         <size>0x3b</size>
         <input_file_ref idref="fl-1e"/>
      </object_component>
      <object_component id="oc-e1">
         <name>.text</name>
         <load_address>0x99be</load_address>
         <run_address>0x99be</run_address>
         <size>0x3a</size>
         <input_file_ref idref="fl-3"/>
      </object_component>
      <object_component id="oc-c8">
         <name>.text:_GPIO_setQualificationMode</name>
         <load_address>0x99f8</load_address>
         <run_address>0x99f8</run_address>
         <size>0x38</size>
         <input_file_ref idref="fl-1e"/>
      </object_component>
      <object_component id="oc-c9">
         <name>.text:_GPIO_setPinConfig</name>
         <load_address>0x9a30</load_address>
         <run_address>0x9a30</run_address>
         <size>0x37</size>
         <input_file_ref idref="fl-1e"/>
      </object_component>
      <object_component id="oc-c7">
         <name>.text:_GPIO_setDirectionMode</name>
         <load_address>0x9a67</load_address>
         <run_address>0x9a67</run_address>
         <size>0x31</size>
         <input_file_ref idref="fl-1e"/>
      </object_component>
      <object_component id="oc-110">
         <name>.text:__Fapi_issueFsmCommand</name>
         <load_address>0x9a98</load_address>
         <run_address>0x9a98</run_address>
         <size>0x30</size>
         <input_file_ref idref="fl-14"/>
      </object_component>
      <object_component id="oc-d0">
         <name>.text:_Fapi_setActiveFlashBank</name>
         <load_address>0x9ac8</load_address>
         <run_address>0x9ac8</run_address>
         <size>0x2f</size>
         <input_file_ref idref="fl-14"/>
      </object_component>
      <object_component id="oc-111">
         <name>.text:__Fapi_setupSectorsForWrite</name>
         <load_address>0x9af7</load_address>
         <run_address>0x9af7</run_address>
         <size>0x2b</size>
         <input_file_ref idref="fl-14"/>
      </object_component>
      <object_component id="oc-f9">
         <name>.text:__Fapi_divideUnsignedLong</name>
         <load_address>0x9b22</load_address>
         <run_address>0x9b22</run_address>
         <size>0x2a</size>
         <input_file_ref idref="fl-16"/>
      </object_component>
      <object_component id="oc-c5">
         <name>.text</name>
         <load_address>0x9b4c</load_address>
         <run_address>0x9b4c</run_address>
         <size>0x29</size>
         <input_file_ref idref="fl-32"/>
      </object_component>
      <object_component id="oc-11b">
         <name>.text:_Fapi_setupBankSectorEnable</name>
         <load_address>0x9b75</load_address>
         <run_address>0x9b75</run_address>
         <size>0x28</size>
         <input_file_ref idref="fl-14"/>
      </object_component>
      <object_component id="oc-116">
         <name>.text:_SysCtl_pollX1Counter</name>
         <load_address>0x9b9d</load_address>
         <run_address>0x9b9d</run_address>
         <size>0x26</size>
         <input_file_ref idref="fl-20"/>
      </object_component>
      <object_component id="oc-108">
         <name>.text:_DCC_enableSingleShotMode</name>
         <load_address>0x9bc3</load_address>
         <run_address>0x9bc3</run_address>
         <size>0x25</size>
         <input_file_ref idref="fl-20"/>
      </object_component>
      <object_component id="oc-fd">
         <name>.text:_SysCtl_selectXTAL</name>
         <load_address>0x9be8</load_address>
         <run_address>0x9be8</run_address>
         <size>0x24</size>
         <input_file_ref idref="fl-20"/>
      </object_component>
      <object_component id="oc-c2">
         <name>.text</name>
         <load_address>0x9c0c</load_address>
         <run_address>0x9c0c</run_address>
         <size>0x24</size>
         <input_file_ref idref="fl-2e"/>
      </object_component>
      <object_component id="oc-f0">
         <name>.text:_CAN_writeDataReg</name>
         <load_address>0x9c30</load_address>
         <run_address>0x9c30</run_address>
         <size>0x23</size>
         <input_file_ref idref="fl-1c"/>
      </object_component>
      <object_component id="oc-11c">
         <name>.text:_Fapi_isAddressEcc</name>
         <load_address>0x9c53</load_address>
         <run_address>0x9c53</run_address>
         <size>0x23</size>
         <input_file_ref idref="fl-17"/>
      </object_component>
      <object_component id="oc-24">
         <name>.text</name>
         <load_address>0x9c76</load_address>
         <run_address>0x9c76</run_address>
         <size>0x22</size>
         <input_file_ref idref="fl-5"/>
      </object_component>
      <object_component id="oc-cc">
         <name>.text:_Interrupt_initVectorTable</name>
         <load_address>0x9c98</load_address>
         <run_address>0x9c98</run_address>
         <size>0x20</size>
         <input_file_ref idref="fl-1f"/>
      </object_component>
      <object_component id="oc-106">
         <name>.text:_DCC_setCounter1ClkSource</name>
         <load_address>0x9cb8</load_address>
         <run_address>0x9cb8</run_address>
         <size>0x1f</size>
         <input_file_ref idref="fl-20"/>
      </object_component>
      <object_component id="oc-e4">
         <name>.text:_CAN_initModule</name>
         <load_address>0x9cd7</load_address>
         <run_address>0x9cd7</run_address>
         <size>0x1e</size>
         <input_file_ref idref="fl-1c"/>
      </object_component>
      <object_component id="oc-105">
         <name>.text:_DCC_setCounter0ClkSource</name>
         <load_address>0x9cf5</load_address>
         <run_address>0x9cf5</run_address>
         <size>0x1d</size>
         <input_file_ref idref="fl-20"/>
      </object_component>
      <object_component id="oc-d1">
         <name>.text</name>
         <load_address>0x9d12</load_address>
         <run_address>0x9d12</run_address>
         <size>0x1d</size>
         <input_file_ref idref="fl-2f"/>
      </object_component>
      <object_component id="oc-f7">
         <name>.text:_CAN_initRAM</name>
         <load_address>0x9d2f</load_address>
         <run_address>0x9d2f</run_address>
         <size>0x1b</size>
         <input_file_ref idref="fl-1c"/>
      </object_component>
      <object_component id="oc-f6">
         <name>.text:_CAN_readDataReg</name>
         <load_address>0x9d4a</load_address>
         <run_address>0x9d4a</run_address>
         <size>0x1b</size>
         <input_file_ref idref="fl-1c"/>
      </object_component>
      <object_component id="oc-d6">
         <name>.text:_SysCtl_getLowSpeedClock</name>
         <load_address>0x9d65</load_address>
         <run_address>0x9d65</run_address>
         <size>0x1a</size>
         <input_file_ref idref="fl-20"/>
      </object_component>
      <object_component id="oc-fe">
         <name>.text:_SysCtl_selectXTALSingleEnded</name>
         <load_address>0x9d7f</load_address>
         <run_address>0x9d7f</run_address>
         <size>0x1a</size>
         <input_file_ref idref="fl-20"/>
      </object_component>
      <object_component id="oc-104">
         <name>.text:_DCC_disableDoneSignal</name>
         <load_address>0x9d99</load_address>
         <run_address>0x9d99</run_address>
         <size>0x17</size>
         <input_file_ref idref="fl-20"/>
      </object_component>
      <object_component id="oc-10a">
         <name>.text:_DCC_enableDoneSignal</name>
         <load_address>0x9db0</load_address>
         <run_address>0x9db0</run_address>
         <size>0x17</size>
         <input_file_ref idref="fl-20"/>
      </object_component>
      <object_component id="oc-ff">
         <name>.text:_SysCtl_enablePeripheral</name>
         <load_address>0x9dc7</load_address>
         <run_address>0x9dc7</run_address>
         <size>0x17</size>
         <input_file_ref idref="fl-20"/>
      </object_component>
      <object_component id="oc-101">
         <name>.text:_DCC_clearDoneFlag</name>
         <load_address>0x9dde</load_address>
         <run_address>0x9dde</run_address>
         <size>0x16</size>
         <input_file_ref idref="fl-20"/>
      </object_component>
      <object_component id="oc-100">
         <name>.text:_DCC_clearErrorFlag</name>
         <load_address>0x9df4</load_address>
         <run_address>0x9df4</run_address>
         <size>0x16</size>
         <input_file_ref idref="fl-20"/>
      </object_component>
      <object_component id="oc-103">
         <name>.text:_DCC_disableErrorSignal</name>
         <load_address>0x9e0a</load_address>
         <run_address>0x9e0a</run_address>
         <size>0x16</size>
         <input_file_ref idref="fl-20"/>
      </object_component>
      <object_component id="oc-109">
         <name>.text:_DCC_enableErrorSignal</name>
         <load_address>0x9e20</load_address>
         <run_address>0x9e20</run_address>
         <size>0x16</size>
         <input_file_ref idref="fl-20"/>
      </object_component>
      <object_component id="oc-ef">
         <name>.text:_CAN_isBaseValid</name>
         <load_address>0x9e36</load_address>
         <run_address>0x9e36</run_address>
         <size>0x15</size>
         <input_file_ref idref="fl-1c"/>
      </object_component>
      <object_component id="oc-102">
         <name>.text:_DCC_disableModule</name>
         <load_address>0x9e4b</load_address>
         <run_address>0x9e4b</run_address>
         <size>0x14</size>
         <input_file_ref idref="fl-20"/>
      </object_component>
      <object_component id="oc-10b">
         <name>.text:_DCC_enableModule</name>
         <load_address>0x9e5f</load_address>
         <run_address>0x9e5f</run_address>
         <size>0x14</size>
         <input_file_ref idref="fl-20"/>
      </object_component>
      <object_component id="oc-d9">
         <name>.text:_GPIO_isPinValid</name>
         <load_address>0x9e73</load_address>
         <run_address>0x9e73</run_address>
         <size>0x14</size>
         <input_file_ref idref="fl-1e"/>
      </object_component>
      <object_component id="oc-112">
         <name>.text:_Fapi_flushPipeline</name>
         <load_address>0x9e87</load_address>
         <run_address>0x9e87</run_address>
         <size>0x13</size>
         <input_file_ref idref="fl-12"/>
      </object_component>
      <object_component id="oc-c4">
         <name>.text</name>
         <load_address>0x9e9a</load_address>
         <run_address>0x9e9a</run_address>
         <size>0x12</size>
         <input_file_ref idref="fl-34"/>
      </object_component>
      <object_component id="oc-fb">
         <name>.text:__Fapi_scaleCycleValues</name>
         <load_address>0x9eac</load_address>
         <run_address>0x9eac</run_address>
         <size>0xf</size>
         <input_file_ref idref="fl-16"/>
      </object_component>
      <object_component id="oc-db">
         <name>.text:_Interrupt_defaultHandler</name>
         <load_address>0x9ebb</load_address>
         <run_address>0x9ebb</run_address>
         <size>0xe</size>
         <input_file_ref idref="fl-1f"/>
      </object_component>
      <object_component id="oc-da">
         <name>.text:_Interrupt_disableMaster</name>
         <load_address>0x9ec9</load_address>
         <run_address>0x9ec9</run_address>
         <size>0xd</size>
         <input_file_ref idref="fl-1f"/>
      </object_component>
      <object_component id="oc-f4">
         <name>.text:_Fapi_checkFsmForReady</name>
         <load_address>0x9ed6</load_address>
         <run_address>0x9ed6</run_address>
         <size>0xb</size>
         <input_file_ref idref="fl-17"/>
      </object_component>
      <object_component id="oc-ec">
         <name>.text:_SysCtl_isMCDClockFailureDetected</name>
         <load_address>0x9ee1</load_address>
         <run_address>0x9ee1</run_address>
         <size>0xb</size>
         <input_file_ref idref="fl-20"/>
      </object_component>
      <object_component id="oc-fa">
         <name>.text:__Fapi_calculateOtpChecksum</name>
         <load_address>0x9eec</load_address>
         <run_address>0x9eec</run_address>
         <size>0xb</size>
         <input_file_ref idref="fl-16"/>
      </object_component>
      <object_component id="oc-ea">
         <name>.text</name>
         <load_address>0x9ef7</load_address>
         <run_address>0x9ef7</run_address>
         <size>0x9</size>
         <input_file_ref idref="fl-33"/>
      </object_component>
      <object_component id="oc-117">
         <name>.text:_SysCtl_resetMCD</name>
         <load_address>0x9f00</load_address>
         <run_address>0x9f00</run_address>
         <size>0x7</size>
         <input_file_ref idref="fl-20"/>
      </object_component>
      <object_component id="oc-dd">
         <name>.text:_Interrupt_illegalOperationHandler</name>
         <load_address>0x9f07</load_address>
         <run_address>0x9f07</run_address>
         <size>0x2</size>
         <input_file_ref idref="fl-1f"/>
      </object_component>
      <object_component id="oc-dc">
         <name>.text:_Interrupt_nmiHandler</name>
         <load_address>0x9f09</load_address>
         <run_address>0x9f09</run_address>
         <size>0x2</size>
         <input_file_ref idref="fl-1f"/>
      </object_component>
      <object_component id="oc-c1">
         <name>.text</name>
         <load_address>0x9f0b</load_address>
         <run_address>0x9f0b</run_address>
         <size>0x2</size>
         <input_file_ref idref="fl-30"/>
      </object_component>
      <object_component id="oc-10d">
         <name>.cinit:_erasedAlready</name>
         <load_address>0xf4</load_address>
         <run_address>0xf4</run_address>
         <size>0x23</size>
         <input_file_ref idref="fl-2"/>
      </object_component>
      <object_component id="oc-b0">
         <name>.cinit</name>
         <load_address>0x117</load_address>
         <run_address>0x117</run_address>
         <size>0xe</size>
         <input_file_ref idref="fl-32"/>
      </object_component>
      <object_component id="oc-3c">
         <name>.cinit</name>
         <load_address>0x125</load_address>
         <run_address>0x125</run_address>
         <size>0xa</size>
         <input_file_ref idref="fl-9"/>
      </object_component>
      <object_component id="oc-d3">
         <name>.cinit:__lock</name>
         <load_address>0x12f</load_address>
         <run_address>0x12f</run_address>
         <size>0x5</size>
         <input_file_ref idref="fl-33"/>
      </object_component>
      <object_component id="oc-eb">
         <name>.cinit:__unlock</name>
         <load_address>0x134</load_address>
         <run_address>0x134</run_address>
         <size>0x5</size>
         <input_file_ref idref="fl-33"/>
      </object_component>
      <object_component id="oc-91">
         <name>.reset</name>
         <load_address>0x3fffc0</load_address>
         <run_address>0x3fffc0</run_address>
         <size>0x2</size>
         <input_file_ref idref="fl-2c"/>
      </object_component>
      <object_component id="oc-25">
         <name>.stack</name>
         <uninitialized>true</uninitialized>
         <run_address>0x400</run_address>
         <size>0x0</size>
         <input_file_ref idref="fl-5"/>
      </object_component>
      <object_component id="oc-90">
         <name>.stack</name>
         <uninitialized>true</uninitialized>
         <run_address>0x400</run_address>
         <size>0x0</size>
         <input_file_ref idref="fl-2c"/>
      </object_component>
      <object_component id="oc-137">
         <name>.stack</name>
         <uninitialized>true</uninitialized>
         <run_address>0x400</run_address>
         <size>0x0</size>
      </object_component>
      <object_component id="oc-13">
         <name>.ebss</name>
         <uninitialized>true</uninitialized>
         <run_address>0xacac</run_address>
         <size>0x2</size>
         <input_file_ref idref="fl-2"/>
      </object_component>
      <object_component id="oc-10c">
         <name>.ebss:_erasedAlready</name>
         <uninitialized>true</uninitialized>
         <run_address>0xac80</run_address>
         <size>0x20</size>
         <input_file_ref idref="fl-2"/>
      </object_component>
      <object_component id="oc-1e">
         <name>.ebss</name>
         <uninitialized>true</uninitialized>
         <run_address>0xac78</run_address>
         <size>0x6</size>
         <input_file_ref idref="fl-4"/>
      </object_component>
      <object_component id="oc-2b">
         <name>.ebss</name>
         <uninitialized>true</uninitialized>
         <run_address>0xacae</run_address>
         <size>0x1</size>
         <input_file_ref idref="fl-6"/>
      </object_component>
      <object_component id="oc-3d">
         <name>.ebss</name>
         <uninitialized>true</uninitialized>
         <run_address>0xaca6</run_address>
         <size>0x4</size>
         <input_file_ref idref="fl-9"/>
      </object_component>
      <object_component id="oc-5d">
         <name>.ebss</name>
         <uninitialized>true</uninitialized>
         <run_address>0xac6e</run_address>
         <size>0xa</size>
         <input_file_ref idref="fl-15"/>
      </object_component>
      <object_component id="oc-b1">
         <name>.ebss</name>
         <uninitialized>true</uninitialized>
         <run_address>0xaca0</run_address>
         <size>0x6</size>
         <input_file_ref idref="fl-32"/>
      </object_component>
      <object_component id="oc-d2">
         <name>.ebss:__lock</name>
         <uninitialized>true</uninitialized>
         <run_address>0xac7e</run_address>
         <size>0x2</size>
         <input_file_ref idref="fl-33"/>
      </object_component>
      <object_component id="oc-fc">
         <name>.ebss:__unlock</name>
         <uninitialized>true</uninitialized>
         <run_address>0xacaa</run_address>
         <size>0x2</size>
         <input_file_ref idref="fl-33"/>
      </object_component>
      <object_component id="oc-7d">
         <name>.econst:.string</name>
         <load_address>0xa800</load_address>
         <run_address>0xa800</run_address>
         <size>0xef</size>
         <input_file_ref idref="fl-1e"/>
      </object_component>
      <object_component id="oc-8a">
         <name>.econst:.string</name>
         <load_address>0xa8f0</load_address>
         <run_address>0xa8f0</run_address>
         <size>0xef</size>
         <input_file_ref idref="fl-20"/>
      </object_component>
      <object_component id="oc-72">
         <name>.econst:.string</name>
         <load_address>0xa9e0</load_address>
         <run_address>0xa9e0</run_address>
         <size>0xec</size>
         <input_file_ref idref="fl-1c"/>
      </object_component>
      <object_component id="oc-2c">
         <name>.econst:.string</name>
         <load_address>0xaacc</load_address>
         <run_address>0xaacc</run_address>
         <size>0x8a</size>
         <input_file_ref idref="fl-6"/>
      </object_component>
      <object_component id="oc-83">
         <name>.econst:.string</name>
         <load_address>0xab56</load_address>
         <run_address>0xab56</run_address>
         <size>0x7c</size>
         <input_file_ref idref="fl-1f"/>
      </object_component>
      <object_component id="oc-1f">
         <name>.econst:.string</name>
         <load_address>0xabd2</load_address>
         <run_address>0xabd2</run_address>
         <size>0x43</size>
         <input_file_ref idref="fl-4"/>
      </object_component>
      <object_component id="oc-f2">
         <name>.econst:_sectAddress</name>
         <load_address>0xac16</load_address>
         <run_address>0xac16</run_address>
         <size>0x40</size>
         <input_file_ref idref="fl-7"/>
      </object_component>
      <object_component id="oc-3e">
         <name>.econst:.string</name>
         <load_address>0xac56</load_address>
         <run_address>0xac56</run_address>
         <size>0x13</size>
         <input_file_ref idref="fl-9"/>
      </object_component>
      <object_component id="oc-e7">
         <name>.econst:_$P$T0$1</name>
         <load_address>0xac69</load_address>
         <run_address>0xac69</run_address>
         <size>0x2</size>
         <input_file_ref idref="fl-4"/>
      </object_component>
      <object_component id="oc-e8">
         <name>.econst:_$P$T1$2</name>
         <load_address>0xac6b</load_address>
         <run_address>0xac6b</run_address>
         <size>0x2</size>
         <input_file_ref idref="fl-4"/>
      </object_component>
      <object_component id="oc-12">
         <name>.debug_info</name>
         <load_address>0x0</load_address>
         <run_address>0x0</run_address>
         <size>0xf5d</size>
         <input_file_ref idref="fl-2"/>
      </object_component>
      <object_component id="oc-18">
         <name>.debug_info</name>
         <load_address>0xf5d</load_address>
         <run_address>0xf5d</run_address>
         <size>0x586</size>
         <input_file_ref idref="fl-3"/>
      </object_component>
      <object_component id="oc-1d">
         <name>.debug_info</name>
         <load_address>0x14e3</load_address>
         <run_address>0x14e3</run_address>
         <size>0x21d4</size>
         <input_file_ref idref="fl-4"/>
      </object_component>
      <object_component id="oc-27">
         <name>.debug_info</name>
         <load_address>0x36b7</load_address>
         <run_address>0x36b7</run_address>
         <size>0x11d</size>
         <input_file_ref idref="fl-5"/>
      </object_component>
      <object_component id="oc-2a">
         <name>.debug_info</name>
         <load_address>0x37d4</load_address>
         <run_address>0x37d4</run_address>
         <size>0xd846</size>
         <input_file_ref idref="fl-6"/>
      </object_component>
      <object_component id="oc-31">
         <name>.debug_info</name>
         <load_address>0x1101a</load_address>
         <run_address>0x1101a</run_address>
         <size>0x9db</size>
         <input_file_ref idref="fl-7"/>
      </object_component>
      <object_component id="oc-36">
         <name>.debug_info</name>
         <load_address>0x119f5</load_address>
         <run_address>0x119f5</run_address>
         <size>0x84a</size>
         <input_file_ref idref="fl-8"/>
      </object_component>
      <object_component id="oc-3b">
         <name>.debug_info</name>
         <load_address>0x1223f</load_address>
         <run_address>0x1223f</run_address>
         <size>0x1ec6</size>
         <input_file_ref idref="fl-9"/>
      </object_component>
      <object_component id="oc-43">
         <name>.debug_info</name>
         <load_address>0x14105</load_address>
         <run_address>0x14105</run_address>
         <size>0xd0b2</size>
         <input_file_ref idref="fl-10"/>
      </object_component>
      <object_component id="oc-48">
         <name>.debug_info</name>
         <load_address>0x211b7</load_address>
         <run_address>0x211b7</run_address>
         <size>0xd164</size>
         <input_file_ref idref="fl-11"/>
      </object_component>
      <object_component id="oc-4d">
         <name>.debug_info</name>
         <load_address>0x2e31b</load_address>
         <run_address>0x2e31b</run_address>
         <size>0xd660</size>
         <input_file_ref idref="fl-12"/>
      </object_component>
      <object_component id="oc-52">
         <name>.debug_info</name>
         <load_address>0x3b97b</load_address>
         <run_address>0x3b97b</run_address>
         <size>0xa23</size>
         <input_file_ref idref="fl-13"/>
      </object_component>
      <object_component id="oc-57">
         <name>.debug_info</name>
         <load_address>0x3c39e</load_address>
         <run_address>0x3c39e</run_address>
         <size>0xe272</size>
         <input_file_ref idref="fl-14"/>
      </object_component>
      <object_component id="oc-5c">
         <name>.debug_info</name>
         <load_address>0x4a610</load_address>
         <run_address>0x4a610</run_address>
         <size>0xcf1e</size>
         <input_file_ref idref="fl-15"/>
      </object_component>
      <object_component id="oc-62">
         <name>.debug_info</name>
         <load_address>0x5752e</load_address>
         <run_address>0x5752e</run_address>
         <size>0xd4e7</size>
         <input_file_ref idref="fl-16"/>
      </object_component>
      <object_component id="oc-67">
         <name>.debug_info</name>
         <load_address>0x64a15</load_address>
         <run_address>0x64a15</run_address>
         <size>0xd021</size>
         <input_file_ref idref="fl-17"/>
      </object_component>
      <object_component id="oc-6c">
         <name>.debug_info</name>
         <load_address>0x71a36</load_address>
         <run_address>0x71a36</run_address>
         <size>0xd6d3</size>
         <input_file_ref idref="fl-18"/>
      </object_component>
      <object_component id="oc-71">
         <name>.debug_info</name>
         <load_address>0x7f109</load_address>
         <run_address>0x7f109</run_address>
         <size>0x1a7f</size>
         <input_file_ref idref="fl-1c"/>
      </object_component>
      <object_component id="oc-77">
         <name>.debug_info</name>
         <load_address>0x80b88</load_address>
         <run_address>0x80b88</run_address>
         <size>0xcf2</size>
         <input_file_ref idref="fl-1d"/>
      </object_component>
      <object_component id="oc-7c">
         <name>.debug_info</name>
         <load_address>0x8187a</load_address>
         <run_address>0x8187a</run_address>
         <size>0x13fd</size>
         <input_file_ref idref="fl-1e"/>
      </object_component>
      <object_component id="oc-82">
         <name>.debug_info</name>
         <load_address>0x82c77</load_address>
         <run_address>0x82c77</run_address>
         <size>0xc52</size>
         <input_file_ref idref="fl-1f"/>
      </object_component>
      <object_component id="oc-88">
         <name>.debug_info</name>
         <load_address>0x838c9</load_address>
         <run_address>0x838c9</run_address>
         <size>0x363d</size>
         <input_file_ref idref="fl-20"/>
      </object_component>
      <object_component id="oc-92">
         <name>.debug_info</name>
         <load_address>0x86f06</load_address>
         <run_address>0x86f06</run_address>
         <size>0x173</size>
         <input_file_ref idref="fl-2c"/>
      </object_component>
      <object_component id="oc-97">
         <name>.debug_info</name>
         <load_address>0x87079</load_address>
         <run_address>0x87079</run_address>
         <size>0x114</size>
         <input_file_ref idref="fl-2d"/>
      </object_component>
      <object_component id="oc-9b">
         <name>.debug_info</name>
         <load_address>0x8718d</load_address>
         <run_address>0x8718d</run_address>
         <size>0x561</size>
         <input_file_ref idref="fl-2e"/>
      </object_component>
      <object_component id="oc-a0">
         <name>.debug_info</name>
         <load_address>0x876ee</load_address>
         <run_address>0x876ee</run_address>
         <size>0x43a</size>
         <input_file_ref idref="fl-2f"/>
      </object_component>
      <object_component id="oc-a5">
         <name>.debug_info</name>
         <load_address>0x87b28</load_address>
         <run_address>0x87b28</run_address>
         <size>0x3ad</size>
         <input_file_ref idref="fl-30"/>
      </object_component>
      <object_component id="oc-aa">
         <name>.debug_info</name>
         <load_address>0x87ed5</load_address>
         <run_address>0x87ed5</run_address>
         <size>0x3aa</size>
         <input_file_ref idref="fl-31"/>
      </object_component>
      <object_component id="oc-af">
         <name>.debug_info</name>
         <load_address>0x8827f</load_address>
         <run_address>0x8827f</run_address>
         <size>0x544</size>
         <input_file_ref idref="fl-32"/>
      </object_component>
      <object_component id="oc-b6">
         <name>.debug_info</name>
         <load_address>0x887c3</load_address>
         <run_address>0x887c3</run_address>
         <size>0x4cc</size>
         <input_file_ref idref="fl-33"/>
      </object_component>
      <object_component id="oc-bb">
         <name>.debug_info</name>
         <load_address>0x88c8f</load_address>
         <run_address>0x88c8f</run_address>
         <size>0x467</size>
         <input_file_ref idref="fl-34"/>
      </object_component>
      <object_component id="oc-13c">
         <name>.debug_info</name>
         <load_address>0x890f6</load_address>
         <run_address>0x890f6</run_address>
         <size>0xa2</size>
      </object_component>
      <object_component id="oc-14">
         <name>.debug_frame</name>
         <load_address>0x0</load_address>
         <run_address>0x0</run_address>
         <size>0xcc</size>
         <input_file_ref idref="fl-2"/>
      </object_component>
      <object_component id="oc-19">
         <name>.debug_frame</name>
         <load_address>0xcc</load_address>
         <run_address>0xcc</run_address>
         <size>0x44</size>
         <input_file_ref idref="fl-3"/>
      </object_component>
      <object_component id="oc-20">
         <name>.debug_frame</name>
         <load_address>0x110</load_address>
         <run_address>0x110</run_address>
         <size>0x2a4</size>
         <input_file_ref idref="fl-4"/>
      </object_component>
      <object_component id="oc-2d">
         <name>.debug_frame</name>
         <load_address>0x3b4</load_address>
         <run_address>0x3b4</run_address>
         <size>0x108</size>
         <input_file_ref idref="fl-6"/>
      </object_component>
      <object_component id="oc-32">
         <name>.debug_frame</name>
         <load_address>0x4bc</load_address>
         <run_address>0x4bc</run_address>
         <size>0x44</size>
         <input_file_ref idref="fl-7"/>
      </object_component>
      <object_component id="oc-37">
         <name>.debug_frame</name>
         <load_address>0x500</load_address>
         <run_address>0x500</run_address>
         <size>0x28</size>
         <input_file_ref idref="fl-8"/>
      </object_component>
      <object_component id="oc-3f">
         <name>.debug_frame</name>
         <load_address>0x528</load_address>
         <run_address>0x528</run_address>
         <size>0x12c</size>
         <input_file_ref idref="fl-9"/>
      </object_component>
      <object_component id="oc-44">
         <name>.debug_frame</name>
         <load_address>0xe84</load_address>
         <run_address>0xe84</run_address>
         <size>0x4a</size>
         <input_file_ref idref="fl-10"/>
      </object_component>
      <object_component id="oc-49">
         <name>.debug_frame</name>
         <load_address>0xece</load_address>
         <run_address>0xece</run_address>
         <size>0x4a</size>
         <input_file_ref idref="fl-11"/>
      </object_component>
      <object_component id="oc-4e">
         <name>.debug_frame</name>
         <load_address>0xf18</load_address>
         <run_address>0xf18</run_address>
         <size>0x81</size>
         <input_file_ref idref="fl-12"/>
      </object_component>
      <object_component id="oc-53">
         <name>.debug_frame</name>
         <load_address>0xf99</load_address>
         <run_address>0xf99</run_address>
         <size>0x49</size>
         <input_file_ref idref="fl-13"/>
      </object_component>
      <object_component id="oc-58">
         <name>.debug_frame</name>
         <load_address>0xfe2</load_address>
         <run_address>0xfe2</run_address>
         <size>0xe5</size>
         <input_file_ref idref="fl-14"/>
      </object_component>
      <object_component id="oc-5e">
         <name>.debug_frame</name>
         <load_address>0x10c7</load_address>
         <run_address>0x10c7</run_address>
         <size>0x4a</size>
         <input_file_ref idref="fl-15"/>
      </object_component>
      <object_component id="oc-63">
         <name>.debug_frame</name>
         <load_address>0x1111</load_address>
         <run_address>0x1111</run_address>
         <size>0x9a</size>
         <input_file_ref idref="fl-16"/>
      </object_component>
      <object_component id="oc-68">
         <name>.debug_frame</name>
         <load_address>0x11ab</load_address>
         <run_address>0x11ab</run_address>
         <size>0x5e</size>
         <input_file_ref idref="fl-17"/>
      </object_component>
      <object_component id="oc-6d">
         <name>.debug_frame</name>
         <load_address>0x1209</load_address>
         <run_address>0x1209</run_address>
         <size>0x4b</size>
         <input_file_ref idref="fl-18"/>
      </object_component>
      <object_component id="oc-73">
         <name>.debug_frame</name>
         <load_address>0x654</load_address>
         <run_address>0x654</run_address>
         <size>0x140</size>
         <input_file_ref idref="fl-1c"/>
      </object_component>
      <object_component id="oc-78">
         <name>.debug_frame</name>
         <load_address>0x794</load_address>
         <run_address>0x794</run_address>
         <size>0x60</size>
         <input_file_ref idref="fl-1d"/>
      </object_component>
      <object_component id="oc-7e">
         <name>.debug_frame</name>
         <load_address>0x7f4</load_address>
         <run_address>0x7f4</run_address>
         <size>0xec</size>
         <input_file_ref idref="fl-1e"/>
      </object_component>
      <object_component id="oc-84">
         <name>.debug_frame</name>
         <load_address>0x8e0</load_address>
         <run_address>0x8e0</run_address>
         <size>0xbc</size>
         <input_file_ref idref="fl-1f"/>
      </object_component>
      <object_component id="oc-8b">
         <name>.debug_frame</name>
         <load_address>0x99c</load_address>
         <run_address>0x99c</run_address>
         <size>0x2b8</size>
         <input_file_ref idref="fl-20"/>
      </object_component>
      <object_component id="oc-9c">
         <name>.debug_frame</name>
         <load_address>0xc54</load_address>
         <run_address>0xc54</run_address>
         <size>0x60</size>
         <input_file_ref idref="fl-2e"/>
      </object_component>
      <object_component id="oc-a1">
         <name>.debug_frame</name>
         <load_address>0xcb4</load_address>
         <run_address>0xcb4</run_address>
         <size>0x40</size>
         <input_file_ref idref="fl-2f"/>
      </object_component>
      <object_component id="oc-a6">
         <name>.debug_frame</name>
         <load_address>0xcf4</load_address>
         <run_address>0xcf4</run_address>
         <size>0x40</size>
         <input_file_ref idref="fl-30"/>
      </object_component>
      <object_component id="oc-ab">
         <name>.debug_frame</name>
         <load_address>0xd34</load_address>
         <run_address>0xd34</run_address>
         <size>0x40</size>
         <input_file_ref idref="fl-31"/>
      </object_component>
      <object_component id="oc-b2">
         <name>.debug_frame</name>
         <load_address>0xd74</load_address>
         <run_address>0xd74</run_address>
         <size>0x60</size>
         <input_file_ref idref="fl-32"/>
      </object_component>
      <object_component id="oc-b7">
         <name>.debug_frame</name>
         <load_address>0xdd4</load_address>
         <run_address>0xdd4</run_address>
         <size>0x70</size>
         <input_file_ref idref="fl-33"/>
      </object_component>
      <object_component id="oc-bc">
         <name>.debug_frame</name>
         <load_address>0xe44</load_address>
         <run_address>0xe44</run_address>
         <size>0x40</size>
         <input_file_ref idref="fl-34"/>
      </object_component>
      <object_component id="oc-15">
         <name>.debug_line</name>
         <load_address>0x0</load_address>
         <run_address>0x0</run_address>
         <size>0x3cb</size>
         <input_file_ref idref="fl-2"/>
      </object_component>
      <object_component id="oc-1a">
         <name>.debug_line</name>
         <load_address>0x3cb</load_address>
         <run_address>0x3cb</run_address>
         <size>0x70</size>
         <input_file_ref idref="fl-3"/>
      </object_component>
      <object_component id="oc-21">
         <name>.debug_line</name>
         <load_address>0x43b</load_address>
         <run_address>0x43b</run_address>
         <size>0x55d</size>
         <input_file_ref idref="fl-4"/>
      </object_component>
      <object_component id="oc-26">
         <name>.debug_line</name>
         <load_address>0x998</load_address>
         <run_address>0x998</run_address>
         <size>0x74</size>
         <input_file_ref idref="fl-5"/>
      </object_component>
      <object_component id="oc-2e">
         <name>.debug_line</name>
         <load_address>0xa0c</load_address>
         <run_address>0xa0c</run_address>
         <size>0x1cb</size>
         <input_file_ref idref="fl-6"/>
      </object_component>
      <object_component id="oc-33">
         <name>.debug_line</name>
         <load_address>0xbd7</load_address>
         <run_address>0xbd7</run_address>
         <size>0x86</size>
         <input_file_ref idref="fl-7"/>
      </object_component>
      <object_component id="oc-38">
         <name>.debug_line</name>
         <load_address>0xc5d</load_address>
         <run_address>0xc5d</run_address>
         <size>0x2c</size>
         <input_file_ref idref="fl-8"/>
      </object_component>
      <object_component id="oc-40">
         <name>.debug_line</name>
         <load_address>0xc89</load_address>
         <run_address>0xc89</run_address>
         <size>0x282</size>
         <input_file_ref idref="fl-9"/>
      </object_component>
      <object_component id="oc-45">
         <name>.debug_line</name>
         <load_address>0xf0b</load_address>
         <run_address>0xf0b</run_address>
         <size>0xc2</size>
         <input_file_ref idref="fl-10"/>
      </object_component>
      <object_component id="oc-4a">
         <name>.debug_line</name>
         <load_address>0xfcd</load_address>
         <run_address>0xfcd</run_address>
         <size>0xbe</size>
         <input_file_ref idref="fl-11"/>
      </object_component>
      <object_component id="oc-4f">
         <name>.debug_line</name>
         <load_address>0x108b</load_address>
         <run_address>0x108b</run_address>
         <size>0x16e</size>
         <input_file_ref idref="fl-12"/>
      </object_component>
      <object_component id="oc-54">
         <name>.debug_line</name>
         <load_address>0x11f9</load_address>
         <run_address>0x11f9</run_address>
         <size>0x9b</size>
         <input_file_ref idref="fl-13"/>
      </object_component>
      <object_component id="oc-59">
         <name>.debug_line</name>
         <load_address>0x1294</load_address>
         <run_address>0x1294</run_address>
         <size>0x1dd</size>
         <input_file_ref idref="fl-14"/>
      </object_component>
      <object_component id="oc-5f">
         <name>.debug_line</name>
         <load_address>0x1471</load_address>
         <run_address>0x1471</run_address>
         <size>0x9f</size>
         <input_file_ref idref="fl-15"/>
      </object_component>
      <object_component id="oc-64">
         <name>.debug_line</name>
         <load_address>0x1510</load_address>
         <run_address>0x1510</run_address>
         <size>0x117</size>
         <input_file_ref idref="fl-16"/>
      </object_component>
      <object_component id="oc-69">
         <name>.debug_line</name>
         <load_address>0x1627</load_address>
         <run_address>0x1627</run_address>
         <size>0xd3</size>
         <input_file_ref idref="fl-17"/>
      </object_component>
      <object_component id="oc-6e">
         <name>.debug_line</name>
         <load_address>0x16fa</load_address>
         <run_address>0x16fa</run_address>
         <size>0x210</size>
         <input_file_ref idref="fl-18"/>
      </object_component>
      <object_component id="oc-74">
         <name>.debug_line</name>
         <load_address>0x190a</load_address>
         <run_address>0x190a</run_address>
         <size>0x37a</size>
         <input_file_ref idref="fl-1c"/>
      </object_component>
      <object_component id="oc-79">
         <name>.debug_line</name>
         <load_address>0x1c84</load_address>
         <run_address>0x1c84</run_address>
         <size>0x18c</size>
         <input_file_ref idref="fl-1d"/>
      </object_component>
      <object_component id="oc-7f">
         <name>.debug_line</name>
         <load_address>0x1e10</load_address>
         <run_address>0x1e10</run_address>
         <size>0x2c5</size>
         <input_file_ref idref="fl-1e"/>
      </object_component>
      <object_component id="oc-85">
         <name>.debug_line</name>
         <load_address>0x20d5</load_address>
         <run_address>0x20d5</run_address>
         <size>0x1ea</size>
         <input_file_ref idref="fl-1f"/>
      </object_component>
      <object_component id="oc-8c">
         <name>.debug_line</name>
         <load_address>0x22bf</load_address>
         <run_address>0x22bf</run_address>
         <size>0x627</size>
         <input_file_ref idref="fl-20"/>
      </object_component>
      <object_component id="oc-93">
         <name>.debug_line</name>
         <load_address>0x28e6</load_address>
         <run_address>0x28e6</run_address>
         <size>0x7e</size>
         <input_file_ref idref="fl-2c"/>
      </object_component>
      <object_component id="oc-98">
         <name>.debug_line</name>
         <load_address>0x2964</load_address>
         <run_address>0x2964</run_address>
         <size>0xad</size>
         <input_file_ref idref="fl-2d"/>
      </object_component>
      <object_component id="oc-9d">
         <name>.debug_line</name>
         <load_address>0x2a11</load_address>
         <run_address>0x2a11</run_address>
         <size>0x50</size>
         <input_file_ref idref="fl-2e"/>
      </object_component>
      <object_component id="oc-a2">
         <name>.debug_line</name>
         <load_address>0x2a61</load_address>
         <run_address>0x2a61</run_address>
         <size>0x62</size>
         <input_file_ref idref="fl-2f"/>
      </object_component>
      <object_component id="oc-a7">
         <name>.debug_line</name>
         <load_address>0x2ac3</load_address>
         <run_address>0x2ac3</run_address>
         <size>0x3e</size>
         <input_file_ref idref="fl-30"/>
      </object_component>
      <object_component id="oc-ac">
         <name>.debug_line</name>
         <load_address>0x2b01</load_address>
         <run_address>0x2b01</run_address>
         <size>0x3a</size>
         <input_file_ref idref="fl-31"/>
      </object_component>
      <object_component id="oc-b3">
         <name>.debug_line</name>
         <load_address>0x2b3b</load_address>
         <run_address>0x2b3b</run_address>
         <size>0x65</size>
         <input_file_ref idref="fl-32"/>
      </object_component>
      <object_component id="oc-b8">
         <name>.debug_line</name>
         <load_address>0x2ba0</load_address>
         <run_address>0x2ba0</run_address>
         <size>0x5e</size>
         <input_file_ref idref="fl-33"/>
      </object_component>
      <object_component id="oc-bd">
         <name>.debug_line</name>
         <load_address>0x2bfe</load_address>
         <run_address>0x2bfe</run_address>
         <size>0x4f</size>
         <input_file_ref idref="fl-34"/>
      </object_component>
      <object_component id="oc-16">
         <name>.debug_abbrev</name>
         <load_address>0x0</load_address>
         <run_address>0x0</run_address>
         <size>0x1be</size>
         <input_file_ref idref="fl-2"/>
      </object_component>
      <object_component id="oc-1b">
         <name>.debug_abbrev</name>
         <load_address>0x1be</load_address>
         <run_address>0x1be</run_address>
         <size>0xf3</size>
         <input_file_ref idref="fl-3"/>
      </object_component>
      <object_component id="oc-22">
         <name>.debug_abbrev</name>
         <load_address>0x2b1</load_address>
         <run_address>0x2b1</run_address>
         <size>0x202</size>
         <input_file_ref idref="fl-4"/>
      </object_component>
      <object_component id="oc-28">
         <name>.debug_abbrev</name>
         <load_address>0x4b3</load_address>
         <run_address>0x4b3</run_address>
         <size>0x4d</size>
         <input_file_ref idref="fl-5"/>
      </object_component>
      <object_component id="oc-2f">
         <name>.debug_abbrev</name>
         <load_address>0x500</load_address>
         <run_address>0x500</run_address>
         <size>0x206</size>
         <input_file_ref idref="fl-6"/>
      </object_component>
      <object_component id="oc-34">
         <name>.debug_abbrev</name>
         <load_address>0x706</load_address>
         <run_address>0x706</run_address>
         <size>0x142</size>
         <input_file_ref idref="fl-7"/>
      </object_component>
      <object_component id="oc-39">
         <name>.debug_abbrev</name>
         <load_address>0x848</load_address>
         <run_address>0x848</run_address>
         <size>0x150</size>
         <input_file_ref idref="fl-8"/>
      </object_component>
      <object_component id="oc-41">
         <name>.debug_abbrev</name>
         <load_address>0x998</load_address>
         <run_address>0x998</run_address>
         <size>0x160</size>
         <input_file_ref idref="fl-9"/>
      </object_component>
      <object_component id="oc-46">
         <name>.debug_abbrev</name>
         <load_address>0xaf8</load_address>
         <run_address>0xaf8</run_address>
         <size>0x14e</size>
         <input_file_ref idref="fl-10"/>
      </object_component>
      <object_component id="oc-4b">
         <name>.debug_abbrev</name>
         <load_address>0xc46</load_address>
         <run_address>0xc46</run_address>
         <size>0x15c</size>
         <input_file_ref idref="fl-11"/>
      </object_component>
      <object_component id="oc-50">
         <name>.debug_abbrev</name>
         <load_address>0xda2</load_address>
         <run_address>0xda2</run_address>
         <size>0x1e2</size>
         <input_file_ref idref="fl-12"/>
      </object_component>
      <object_component id="oc-55">
         <name>.debug_abbrev</name>
         <load_address>0xf84</load_address>
         <run_address>0xf84</run_address>
         <size>0x104</size>
         <input_file_ref idref="fl-13"/>
      </object_component>
      <object_component id="oc-5a">
         <name>.debug_abbrev</name>
         <load_address>0x1088</load_address>
         <run_address>0x1088</run_address>
         <size>0x1a7</size>
         <input_file_ref idref="fl-14"/>
      </object_component>
      <object_component id="oc-60">
         <name>.debug_abbrev</name>
         <load_address>0x122f</load_address>
         <run_address>0x122f</run_address>
         <size>0x135</size>
         <input_file_ref idref="fl-15"/>
      </object_component>
      <object_component id="oc-65">
         <name>.debug_abbrev</name>
         <load_address>0x1364</load_address>
         <run_address>0x1364</run_address>
         <size>0x14c</size>
         <input_file_ref idref="fl-16"/>
      </object_component>
      <object_component id="oc-6a">
         <name>.debug_abbrev</name>
         <load_address>0x14b0</load_address>
         <run_address>0x14b0</run_address>
         <size>0x127</size>
         <input_file_ref idref="fl-17"/>
      </object_component>
      <object_component id="oc-6f">
         <name>.debug_abbrev</name>
         <load_address>0x15d7</load_address>
         <run_address>0x15d7</run_address>
         <size>0x177</size>
         <input_file_ref idref="fl-18"/>
      </object_component>
      <object_component id="oc-75">
         <name>.debug_abbrev</name>
         <load_address>0x174e</load_address>
         <run_address>0x174e</run_address>
         <size>0x19d</size>
         <input_file_ref idref="fl-1c"/>
      </object_component>
      <object_component id="oc-7a">
         <name>.debug_abbrev</name>
         <load_address>0x18eb</load_address>
         <run_address>0x18eb</run_address>
         <size>0x17e</size>
         <input_file_ref idref="fl-1d"/>
      </object_component>
      <object_component id="oc-80">
         <name>.debug_abbrev</name>
         <load_address>0x1a69</load_address>
         <run_address>0x1a69</run_address>
         <size>0x1c8</size>
         <input_file_ref idref="fl-1e"/>
      </object_component>
      <object_component id="oc-86">
         <name>.debug_abbrev</name>
         <load_address>0x1c31</load_address>
         <run_address>0x1c31</run_address>
         <size>0x19c</size>
         <input_file_ref idref="fl-1f"/>
      </object_component>
      <object_component id="oc-8d">
         <name>.debug_abbrev</name>
         <load_address>0x1dcd</load_address>
         <run_address>0x1dcd</run_address>
         <size>0x1e6</size>
         <input_file_ref idref="fl-20"/>
      </object_component>
      <object_component id="oc-94">
         <name>.debug_abbrev</name>
         <load_address>0x1fb3</load_address>
         <run_address>0x1fb3</run_address>
         <size>0x46</size>
         <input_file_ref idref="fl-2c"/>
      </object_component>
      <object_component id="oc-99">
         <name>.debug_abbrev</name>
         <load_address>0x1ff9</load_address>
         <run_address>0x1ff9</run_address>
         <size>0x38</size>
         <input_file_ref idref="fl-2d"/>
      </object_component>
      <object_component id="oc-9e">
         <name>.debug_abbrev</name>
         <load_address>0x2031</load_address>
         <run_address>0x2031</run_address>
         <size>0xe3</size>
         <input_file_ref idref="fl-2e"/>
      </object_component>
      <object_component id="oc-a3">
         <name>.debug_abbrev</name>
         <load_address>0x2114</load_address>
         <run_address>0x2114</run_address>
         <size>0xa8</size>
         <input_file_ref idref="fl-2f"/>
      </object_component>
      <object_component id="oc-a8">
         <name>.debug_abbrev</name>
         <load_address>0x21bc</load_address>
         <run_address>0x21bc</run_address>
         <size>0x68</size>
         <input_file_ref idref="fl-30"/>
      </object_component>
      <object_component id="oc-ad">
         <name>.debug_abbrev</name>
         <load_address>0x2224</load_address>
         <run_address>0x2224</run_address>
         <size>0x66</size>
         <input_file_ref idref="fl-31"/>
      </object_component>
      <object_component id="oc-b4">
         <name>.debug_abbrev</name>
         <load_address>0x228a</load_address>
         <run_address>0x228a</run_address>
         <size>0x130</size>
         <input_file_ref idref="fl-32"/>
      </object_component>
      <object_component id="oc-b9">
         <name>.debug_abbrev</name>
         <load_address>0x23ba</load_address>
         <run_address>0x23ba</run_address>
         <size>0xb2</size>
         <input_file_ref idref="fl-33"/>
      </object_component>
      <object_component id="oc-be">
         <name>.debug_abbrev</name>
         <load_address>0x246c</load_address>
         <run_address>0x246c</run_address>
         <size>0xee</size>
         <input_file_ref idref="fl-34"/>
      </object_component>
      <object_component id="oc-13d">
         <name>.debug_abbrev</name>
         <load_address>0x255a</load_address>
         <run_address>0x255a</run_address>
         <size>0xf</size>
      </object_component>
      <object_component id="oc-17">
         <name>.debug_aranges</name>
         <load_address>0x0</load_address>
         <run_address>0x0</run_address>
         <size>0x40</size>
         <input_file_ref idref="fl-2"/>
      </object_component>
      <object_component id="oc-1c">
         <name>.debug_aranges</name>
         <load_address>0x40</load_address>
         <run_address>0x40</run_address>
         <size>0x20</size>
         <input_file_ref idref="fl-3"/>
      </object_component>
      <object_component id="oc-23">
         <name>.debug_aranges</name>
         <load_address>0x60</load_address>
         <run_address>0x60</run_address>
         <size>0xd0</size>
         <input_file_ref idref="fl-4"/>
      </object_component>
      <object_component id="oc-29">
         <name>.debug_aranges</name>
         <load_address>0x130</load_address>
         <run_address>0x130</run_address>
         <size>0x28</size>
         <input_file_ref idref="fl-5"/>
      </object_component>
      <object_component id="oc-30">
         <name>.debug_aranges</name>
         <load_address>0x158</load_address>
         <run_address>0x158</run_address>
         <size>0x58</size>
         <input_file_ref idref="fl-6"/>
      </object_component>
      <object_component id="oc-35">
         <name>.debug_aranges</name>
         <load_address>0x1b0</load_address>
         <run_address>0x1b0</run_address>
         <size>0x20</size>
         <input_file_ref idref="fl-7"/>
      </object_component>
      <object_component id="oc-3a">
         <name>.debug_aranges</name>
         <load_address>0x1d0</load_address>
         <run_address>0x1d0</run_address>
         <size>0x18</size>
         <input_file_ref idref="fl-8"/>
      </object_component>
      <object_component id="oc-42">
         <name>.debug_aranges</name>
         <load_address>0x1e8</load_address>
         <run_address>0x1e8</run_address>
         <size>0x68</size>
         <input_file_ref idref="fl-9"/>
      </object_component>
      <object_component id="oc-47">
         <name>.debug_aranges</name>
         <load_address>0x250</load_address>
         <run_address>0x250</run_address>
         <size>0x20</size>
         <input_file_ref idref="fl-10"/>
      </object_component>
      <object_component id="oc-4c">
         <name>.debug_aranges</name>
         <load_address>0x270</load_address>
         <run_address>0x270</run_address>
         <size>0x20</size>
         <input_file_ref idref="fl-11"/>
      </object_component>
      <object_component id="oc-51">
         <name>.debug_aranges</name>
         <load_address>0x290</load_address>
         <run_address>0x290</run_address>
         <size>0x30</size>
         <input_file_ref idref="fl-12"/>
      </object_component>
      <object_component id="oc-56">
         <name>.debug_aranges</name>
         <load_address>0x2c0</load_address>
         <run_address>0x2c0</run_address>
         <size>0x20</size>
         <input_file_ref idref="fl-13"/>
      </object_component>
      <object_component id="oc-5b">
         <name>.debug_aranges</name>
         <load_address>0x2e0</load_address>
         <run_address>0x2e0</run_address>
         <size>0x50</size>
         <input_file_ref idref="fl-14"/>
      </object_component>
      <object_component id="oc-61">
         <name>.debug_aranges</name>
         <load_address>0x330</load_address>
         <run_address>0x330</run_address>
         <size>0x20</size>
         <input_file_ref idref="fl-15"/>
      </object_component>
      <object_component id="oc-66">
         <name>.debug_aranges</name>
         <load_address>0x350</load_address>
         <run_address>0x350</run_address>
         <size>0x38</size>
         <input_file_ref idref="fl-16"/>
      </object_component>
      <object_component id="oc-6b">
         <name>.debug_aranges</name>
         <load_address>0x388</load_address>
         <run_address>0x388</run_address>
         <size>0x28</size>
         <input_file_ref idref="fl-17"/>
      </object_component>
      <object_component id="oc-70">
         <name>.debug_aranges</name>
         <load_address>0x3b0</load_address>
         <run_address>0x3b0</run_address>
         <size>0x20</size>
         <input_file_ref idref="fl-18"/>
      </object_component>
      <object_component id="oc-76">
         <name>.debug_aranges</name>
         <load_address>0x3d0</load_address>
         <run_address>0x3d0</run_address>
         <size>0x68</size>
         <input_file_ref idref="fl-1c"/>
      </object_component>
      <object_component id="oc-7b">
         <name>.debug_aranges</name>
         <load_address>0x438</load_address>
         <run_address>0x438</run_address>
         <size>0x28</size>
         <input_file_ref idref="fl-1d"/>
      </object_component>
      <object_component id="oc-81">
         <name>.debug_aranges</name>
         <load_address>0x460</load_address>
         <run_address>0x460</run_address>
         <size>0x50</size>
         <input_file_ref idref="fl-1e"/>
      </object_component>
      <object_component id="oc-87">
         <name>.debug_aranges</name>
         <load_address>0x4b0</load_address>
         <run_address>0x4b0</run_address>
         <size>0x48</size>
         <input_file_ref idref="fl-1f"/>
      </object_component>
      <object_component id="oc-8e">
         <name>.debug_aranges</name>
         <load_address>0x4f8</load_address>
         <run_address>0x4f8</run_address>
         <size>0xd8</size>
         <input_file_ref idref="fl-20"/>
      </object_component>
      <object_component id="oc-95">
         <name>.debug_aranges</name>
         <load_address>0x5d0</load_address>
         <run_address>0x5d0</run_address>
         <size>0x20</size>
         <input_file_ref idref="fl-2c"/>
      </object_component>
      <object_component id="oc-9a">
         <name>.debug_aranges</name>
         <load_address>0x5f0</load_address>
         <run_address>0x5f0</run_address>
         <size>0x20</size>
         <input_file_ref idref="fl-2d"/>
      </object_component>
      <object_component id="oc-9f">
         <name>.debug_aranges</name>
         <load_address>0x610</load_address>
         <run_address>0x610</run_address>
         <size>0x20</size>
         <input_file_ref idref="fl-2e"/>
      </object_component>
      <object_component id="oc-a4">
         <name>.debug_aranges</name>
         <load_address>0x630</load_address>
         <run_address>0x630</run_address>
         <size>0x20</size>
         <input_file_ref idref="fl-2f"/>
      </object_component>
      <object_component id="oc-a9">
         <name>.debug_aranges</name>
         <load_address>0x650</load_address>
         <run_address>0x650</run_address>
         <size>0x20</size>
         <input_file_ref idref="fl-30"/>
      </object_component>
      <object_component id="oc-ae">
         <name>.debug_aranges</name>
         <load_address>0x670</load_address>
         <run_address>0x670</run_address>
         <size>0x20</size>
         <input_file_ref idref="fl-31"/>
      </object_component>
      <object_component id="oc-b5">
         <name>.debug_aranges</name>
         <load_address>0x690</load_address>
         <run_address>0x690</run_address>
         <size>0x28</size>
         <input_file_ref idref="fl-32"/>
      </object_component>
      <object_component id="oc-ba">
         <name>.debug_aranges</name>
         <load_address>0x6b8</load_address>
         <run_address>0x6b8</run_address>
         <size>0x30</size>
         <input_file_ref idref="fl-33"/>
      </object_component>
      <object_component id="oc-bf">
         <name>.debug_aranges</name>
         <load_address>0x6e8</load_address>
         <run_address>0x6e8</run_address>
         <size>0x20</size>
         <input_file_ref idref="fl-34"/>
      </object_component>
   </object_component_list>
   <logical_group_list>
      <logical_group id="lg-2" display="no" color="cyan">
         <name>codestart</name>
         <load_address>0x0</load_address>
         <run_address>0x0</run_address>
         <size>0x2</size>
         <contents>
            <object_component_ref idref="oc-11"/>
         </contents>
      </logical_group>
      <logical_group id="lg-3" display="no" color="cyan">
         <name>.TI.ramfunc</name>
         <load_address>0x13b</load_address>
         <run_address>0x13b</run_address>
         <size>0x21</size>
         <contents>
            <object_component_ref idref="oc-cf"/>
            <object_component_ref idref="oc-89"/>
         </contents>
      </logical_group>
      <logical_group id="lg-138" display="no" color="cyan">
         <name>.text.1</name>
         <load_address>0x8000</load_address>
         <run_address>0x8000</run_address>
         <size>0x800</size>
         <contents>
            <object_component_ref idref="oc-f1"/>
            <object_component_ref idref="oc-cd"/>
            <object_component_ref idref="oc-10f"/>
         </contents>
      </logical_group>
      <logical_group id="lg-139" display="no" color="cyan">
         <name>.text.2</name>
         <load_address>0x8800</load_address>
         <run_address>0x8800</run_address>
         <size>0x800</size>
         <contents>
            <object_component_ref idref="oc-e9"/>
            <object_component_ref idref="oc-10e"/>
            <object_component_ref idref="oc-c6"/>
            <object_component_ref idref="oc-e6"/>
            <object_component_ref idref="oc-c0"/>
            <object_component_ref idref="oc-114"/>
            <object_component_ref idref="oc-115"/>
         </contents>
      </logical_group>
      <logical_group id="lg-13a" display="no" color="cyan">
         <name>.text.3</name>
         <load_address>0x9000</load_address>
         <run_address>0x9000</run_address>
         <size>0x800</size>
         <contents>
            <object_component_ref idref="oc-d4"/>
            <object_component_ref idref="oc-ee"/>
            <object_component_ref idref="oc-ce"/>
            <object_component_ref idref="oc-96"/>
            <object_component_ref idref="oc-113"/>
            <object_component_ref idref="oc-de"/>
            <object_component_ref idref="oc-107"/>
            <object_component_ref idref="oc-e3"/>
            <object_component_ref idref="oc-f8"/>
            <object_component_ref idref="oc-f3"/>
            <object_component_ref idref="oc-e5"/>
            <object_component_ref idref="oc-11a"/>
            <object_component_ref idref="oc-ed"/>
            <object_component_ref idref="oc-8f"/>
            <object_component_ref idref="oc-f5"/>
            <object_component_ref idref="oc-e2"/>
            <object_component_ref idref="oc-df"/>
            <object_component_ref idref="oc-cb"/>
            <object_component_ref idref="oc-118"/>
            <object_component_ref idref="oc-c3"/>
         </contents>
      </logical_group>
      <logical_group id="lg-13b" display="no" color="cyan">
         <name>.text.4</name>
         <load_address>0x9800</load_address>
         <run_address>0x9800</run_address>
         <size>0x70d</size>
         <contents>
            <object_component_ref idref="oc-e0"/>
            <object_component_ref idref="oc-d7"/>
            <object_component_ref idref="oc-119"/>
            <object_component_ref idref="oc-d5"/>
            <object_component_ref idref="oc-ca"/>
[...]
         <name>RAMLS7</name>
         <page_id>0x1</page_id>
         <origin>0xb800</origin>
         <length>0x800</length>
         <used_space>0x0</used_space>
         <unused_space>0x800</unused_space>
         <attributes>RWIX</attributes>
         <usage_details>
         </usage_details>
      </memory_area>
      <memory_area display="yes" color="green">
         <name>RAMGS0</name>
         <page_id>0x1</page_id>
         <origin>0xc000</origin>
         <length>0x2000</length>
         <used_space>0x0</used_space>
         <unused_space>0x2000</unused_space>
         <attributes>RWIX</attributes>
         <usage_details>
         </usage_details>
      </memory_area>
      <memory_area display="yes" color="green">
         <name>RAMGS1</name>
         <page_id>0x1</page_id>
         <origin>0xe000</origin>
         <length>0x2000</length>
         <used_space>0x0</used_space>
         <unused_space>0x2000</unused_space>
         <attributes>RWIX</attributes>
         <usage_details>
         </usage_details>
      </memory_area>
      <memory_area display="yes" color="green">
         <name>RAMGS2</name>
         <page_id>0x1</page_id>
         <origin>0x10000</origin>
         <length>0x2000</length>
         <used_space>0x0</used_space>
         <unused_space>0x2000</unused_space>
         <attributes>RWIX</attributes>
         <usage_details>
         </usage_details>
      </memory_area>
      <memory_area display="yes" color="green">
         <name>RAMGS3</name>
         <page_id>0x1</page_id>
         <origin>0x12000</origin>
         <length>0x1ff8</length>
         <used_space>0x0</used_space>
         <unused_space>0x1ff8</unused_space>
         <attributes>RWIX</attributes>
         <usage_details>
         </usage_details>
      </memory_area>
   </placement_map>
   <symbol_table>
      <symbol id="sm-0">
         <name>cinit</name>
         <value>0xf4</value>
      </symbol>
      <symbol id="sm-1">
         <name>___cinit__</name>
         <value>0xf4</value>
      </symbol>
      <symbol id="sm-2">
         <name>pinit</name>
         <value>0xffffffff</value>
      </symbol>
      <symbol id="sm-3">
         <name>___pinit__</name>
         <value>0xffffffff</value>
      </symbol>
      <symbol id="sm-4">
         <name>binit</name>
         <value>0xffffffff</value>
      </symbol>
      <symbol id="sm-5">
         <name>___binit__</name>
         <value>0xffffffff</value>
      </symbol>
      <symbol id="sm-6">
         <name>__STACK_SIZE</name>
         <value>0x100</value>
      </symbol>
      <symbol id="sm-7">
         <name>__STACK_END</name>
         <value>0x500</value>
      </symbol>
      <symbol id="sm-8">
         <name>___c_args__</name>
         <value>0xffffffff</value>
      </symbol>
      <symbol id="sm-9">
         <name>.text</name>
         <value>0xffffffff</value>
      </symbol>
      <symbol id="sm-a">
         <name>___text__</name>
         <value>0xffffffff</value>
      </symbol>
      <symbol id="sm-b">
         <name>etext</name>
         <value>0xffffffff</value>
      </symbol>
      <symbol id="sm-c">
         <name>___etext__</name>
         <value>0xffffffff</value>
      </symbol>
      <symbol id="sm-d">
         <name>___TI_pprof_out_hndl</name>
         <value>0xffffffff</value>
      </symbol>
      <symbol id="sm-e">
         <name>___TI_prof_data_start</name>
         <value>0xffffffff</value>
      </symbol>
      <symbol id="sm-f">
         <name>___TI_prof_data_size</name>
         <value>0xffffffff</value>
      </symbol>
      <symbol id="sm-90">
         <name>_copyData</name>
         <value>0x8000</value>
         <object_component_ref idref="oc-f1"/>
      </symbol>
      <symbol id="sm-92">
         <name>_getWordData</name>
         <value>0xacac</value>
         <object_component_ref idref="oc-13"/>
      </symbol>
      <symbol id="sm-93">
         <name>_readReservedFn</name>
         <value>0x8485</value>
         <object_component_ref idref="oc-f1"/>
      </symbol>
      <symbol id="sm-95">
         <name>_findSector</name>
         <value>0x81ea</value>
         <object_component_ref idref="oc-f1"/>
      </symbol>
      <symbol id="sm-97">
         <name>_erasedAlready</name>
         <value>0xac80</value>
         <object_component_ref idref="oc-10c"/>
      </symbol>
      <symbol id="sm-98">
         <name>_getLongData</name>
         <value>0x8473</value>
         <object_component_ref idref="oc-f1"/>
      </symbol>
      <symbol id="sm-9a">
         <name>_findSize</name>
         <value>0x846d</value>
         <object_component_ref idref="oc-f1"/>
      </symbol>
      <symbol id="sm-ac">
         <name>_canBoot</name>
         <value>0x99be</value>
         <object_component_ref idref="oc-e1"/>
      </symbol>
      <symbol id="sm-f8">
         <name>_sendACK</name>
         <value>0x8767</value>
         <object_component_ref idref="oc-cd"/>
      </symbol>
      <symbol id="sm-fa">
         <name>_canSendChecksum</name>
         <value>0x87bb</value>
         <object_component_ref idref="oc-cd"/>
      </symbol>
      <symbol id="sm-fc">
         <name>_sciSendPacket</name>
         <value>0x871b</value>
         <object_component_ref idref="oc-cd"/>
      </symbol>
      <symbol id="sm-fe">
         <name>_canGetFunction</name>
         <value>0x8546</value>
         <object_component_ref idref="oc-cd"/>
      </symbol>
      <symbol id="sm-100">
         <name>_canGetWordData</name>
         <value>0x85f3</value>
         <object_component_ref idref="oc-cd"/>
      </symbol>
      <symbol id="sm-102">
         <name>_canSendWord</name>
         <value>0x8786</value>
         <object_component_ref idref="oc-cd"/>
      </symbol>
      <symbol id="sm-104">
         <name>_statusCode</name>
         <value>0xac7a</value>
         <object_component_ref idref="oc-1e"/>
      </symbol>
      <symbol id="sm-105">
         <name>_canCheck</name>
         <value>0x8688</value>
         <object_component_ref idref="oc-cd"/>
      </symbol>
      <symbol id="sm-107">
         <name>_canPinmuxOption</name>
         <value>0x8677</value>
         <object_component_ref idref="oc-cd"/>
      </symbol>
      <symbol id="sm-109">
         <name>_sendNAK</name>
         <value>0x8750</value>
         <object_component_ref idref="oc-cd"/>
      </symbol>
      <symbol id="sm-10b">
         <name>_canReadMsg</name>
         <value>0x86b6</value>
         <object_component_ref idref="oc-cd"/>
      </symbol>
      <symbol id="sm-10d">
         <name>_canGetPacket</name>
         <value>0x86d6</value>
         <object_component_ref idref="oc-cd"/>
      </symbol>
      <symbol id="sm-10f">
         <name>_canInit</name>
         <value>0x8637</value>
         <object_component_ref idref="oc-cd"/>
      </symbol>
      <symbol id="sm-111">
         <name>_canFlush</name>
         <value>0x877e</value>
         <object_component_ref idref="oc-cd"/>
      </symbol>
      <symbol id="sm-113">
         <name>_canGetOnlyWordData</name>
         <value>0x8615</value>
         <object_component_ref idref="oc-cd"/>
      </symbol>
      <symbol id="sm-115">
         <name>_checksum</name>
         <value>0xac78</value>
         <object_component_ref idref="oc-1e"/>
      </symbol>
      <symbol id="sm-128">
         <name>_ExitBoot</name>
         <value>0x9c80</value>
         <object_component_ref idref="oc-24"/>
      </symbol>
      <symbol id="sm-129">
         <name>code_start</name>
         <value>0x0</value>
         <object_component_ref idref="oc-11"/>
      </symbol>
      <symbol id="sm-150">
         <name>_main</name>
         <value>0x8f71</value>
         <object_component_ref idref="oc-c0"/>
      </symbol>
      <symbol id="sm-152">
         <name>_initFlashSectors</name>
         <value>0x8fb6</value>
         <object_component_ref idref="oc-c0"/>
      </symbol>
      <symbol id="sm-154">
         <name>_Error</name>
         <value>0x152</value>
         <object_component_ref idref="oc-cf"/>
      </symbol>
      <symbol id="sm-156">
         <name>_u16_modeSw</name>
         <value>0xacae</value>
         <object_component_ref idref="oc-2b"/>
      </symbol>
      <symbol id="sm-16a">
         <name>_sharedErase</name>
         <value>0x970d</value>
         <object_component_ref idref="oc-e2"/>
      </symbol>
      <symbol id="sm-16c">
         <name>_sectAddress</name>
         <value>0xac16</value>
         <object_component_ref idref="oc-f2"/>
      </symbol>
      <symbol id="sm-190">
         <name>_Example_Fail</name>
         <value>0xaca8</value>
         <object_component_ref idref="oc-3d"/>
      </symbol>
      <symbol id="sm-191">
         <name>_Device_initGPIO</name>
         <value>0x8e07</value>
         <object_component_ref idref="oc-c6"/>
      </symbol>
      <symbol id="sm-193">
         <name>___error__</name>
         <value>0x8e17</value>
         <object_component_ref idref="oc-c6"/>
      </symbol>
      <symbol id="sm-195">
         <name>_Device_init</name>
         <value>0x8cd9</value>
         <object_component_ref idref="oc-c6"/>
      </symbol>
      <symbol id="sm-197">
         <name>_Example_PassCount</name>
         <value>0xaca6</value>
         <object_component_ref idref="oc-3d"/>
      </symbol>
      <symbol id="sm-198">
         <name>_Device_enableAllPeripherals</name>
         <value>0x8d2a</value>
         <object_component_ref idref="oc-c6"/>
      </symbol>
      <symbol id="sm-1ad">
         <name>_Fapi_issueAsyncCommandWithAddress</name>
         <value>0x94e6</value>
         <object_component_ref idref="oc-f3"/>
      </symbol>
      <symbol id="sm-1ba">
         <name>_Fapi_doBlankCheck</name>
         <value>0x96b8</value>
         <object_component_ref idref="oc-f5"/>
      </symbol>
      <symbol id="sm-1d9">
         <name>__Fapi_checkRegionForValue</name>
         <value>0x98a4</value>
         <object_component_ref idref="oc-119"/>
      </symbol>
      <symbol id="sm-1da">
         <name>_Fapi_flushPipeline</name>
         <value>0x9e87</value>
         <object_component_ref idref="oc-112"/>
      </symbol>
      <symbol id="sm-1db">
         <name>__Fapi_loopRegionForValue</name>
         <value>0x9297</value>
         <object_component_ref idref="oc-113"/>
      </symbol>
      <symbol id="sm-1e7">
         <name>_Fapi_doVerify</name>
         <value>0x87f1</value>
         <object_component_ref idref="oc-10f"/>
      </symbol>
      <symbol id="sm-20e">
         <name>_Fapi_serviceWatchdogTimer</name>
         <value>0x8ffe</value>
         <object_component_ref idref="oc-115"/>
      </symbol>
      <symbol id="sm-20f">
         <name>__Fapi_issueFsmCommand</name>
         <value>0x9a98</value>
         <object_component_ref idref="oc-110"/>
      </symbol>
      <symbol id="sm-210">
         <name>_Fapi_setupEepromSectorEnable</name>
         <value>0x95ab</value>
         <object_component_ref idref="oc-11a"/>
      </symbol>
      <symbol id="sm-211">
         <name>_Fapi_setActiveFlashBank</name>
         <value>0x9ac8</value>
         <object_component_ref idref="oc-d0"/>
      </symbol>
      <symbol id="sm-212">
         <name>__Fapi_setupSectorsForWrite</name>
         <value>0x9af7</value>
         <object_component_ref idref="oc-111"/>
      </symbol>
      <symbol id="sm-213">
         <name>_Fapi_setupBankSectorEnable</name>
         <value>0x9b75</value>
         <object_component_ref idref="oc-11b"/>
      </symbol>
      <symbol id="sm-225">
         <name>_Fapi_initializeAPI</name>
         <value>0x9168</value>
         <object_component_ref idref="oc-ce"/>
      </symbol>
      <symbol id="sm-226">
         <name>_Fapi_GlobalInit</name>
         <value>0xac6e</value>
         <object_component_ref idref="oc-5d"/>
      </symbol>
      <symbol id="sm-23e">
         <name>_Fapi_calculateFletcherChecksum</name>
         <value>0x8fd2</value>
         <object_component_ref idref="oc-114"/>
      </symbol>
      <symbol id="sm-23f">
         <name>__Fapi_calculateOtpChecksum</name>
         <value>0x9eec</value>
         <object_component_ref idref="oc-fa"/>
      </symbol>
      <symbol id="sm-240">
         <name>__Fapi_divideUnsignedLong</name>
         <value>0x9b22</value>
         <object_component_ref idref="oc-f9"/>
      </symbol>
      <symbol id="sm-241">
         <name>__Fapi_scaleCycleValues</name>
         <value>0x9eac</value>
         <object_component_ref idref="oc-fb"/>
      </symbol>
      <symbol id="sm-256">
         <name>_Fapi_checkFsmForReady</name>
         <value>0x9ed6</value>
         <object_component_ref idref="oc-f4"/>
      </symbol>
      <symbol id="sm-257">
         <name>_Fapi_isAddressEcc</name>
         <value>0x9c53</value>
         <object_component_ref idref="oc-11c"/>
      </symbol>
      <symbol id="sm-287">
         <name>_Fapi_issueProgrammingCommand</name>
         <value>0x8a94</value>
         <object_component_ref idref="oc-10e"/>
      </symbol>
      <symbol id="sm-2e8">
         <name>_CAN_readMessage</name>
         <value>0x940c</value>
         <object_component_ref idref="oc-e3"/>
      </symbol>
      <symbol id="sm-2e9">
         <name>_CAN_sendMessage</name>
         <value>0x9317</value>
         <object_component_ref idref="oc-de"/>
      </symbol>
      <symbol id="sm-2ea">
         <name>_CAN_setBitTiming</name>
         <value>0x947c</value>
         <object_component_ref idref="oc-f8"/>
      </symbol>
      <symbol id="sm-2eb">
         <name>_CAN_setupMessageObject</name>
         <value>0x8e1e</value>
         <object_component_ref idref="oc-e6"/>
      </symbol>
      <symbol id="sm-2ec">
         <name>_CAN_initModule</name>
         <value>0x9cd7</value>
         <object_component_ref idref="oc-e4"/>
      </symbol>
      <symbol id="sm-2ed">
         <name>_CAN_setBitRate</name>
         <value>0x954a</value>
         <object_component_ref idref="oc-e5"/>
      </symbol>
      <symbol id="sm-303">
         <name>_DCSM_unlockZone2CSM</name>
         <value>0x9800</value>
         <object_component_ref idref="oc-e0"/>
      </symbol>
      <symbol id="sm-304">
         <name>_DCSM_unlockZone1CSM</name>
         <value>0x9760</value>
         <object_component_ref idref="oc-df"/>
      </symbol>
      <symbol id="sm-336">
         <name>_GPIO_setAnalogMode</name>
         <value>0x9983</value>
         <object_component_ref idref="oc-d8"/>
      </symbol>
      <symbol id="sm-337">
         <name>_GPIO_setQualificationPeriod</name>
         <value>0x9947</value>
         <object_component_ref idref="oc-ca"/>
      </symbol>
      <symbol id="sm-338">
         <name>_GPIO_setPinConfig</name>
         <value>0x9a30</value>
         <object_component_ref idref="oc-c9"/>
      </symbol>
      <symbol id="sm-339">
         <name>_GPIO_setDirectionMode</name>
         <value>0x9a67</value>
         <object_component_ref idref="oc-c7"/>
      </symbol>
      <symbol id="sm-33a">
         <name>_GPIO_setQualificationMode</name>
         <value>0x99f8</value>
         <object_component_ref idref="oc-c8"/>
      </symbol>
      <symbol id="sm-33b">
         <name>_GPIO_setPadConfig</name>
         <value>0x9852</value>
         <object_component_ref idref="oc-d7"/>
      </symbol>
      <symbol id="sm-361">
         <name>_Interrupt_initVectorTable</name>
         <value>0x9c98</value>
         <object_component_ref idref="oc-cc"/>
      </symbol>
      <symbol id="sm-362">
         <name>_Interrupt_initModule</name>
         <value>0x97b2</value>
         <object_component_ref idref="oc-cb"/>
      </symbol>
      <symbol id="sm-402">
         <name>_SysCtl_selectXTALSingleEnded</name>
         <value>0x9d7f</value>
         <object_component_ref idref="oc-fe"/>
      </symbol>
      <symbol id="sm-403">
         <name>_SysCtl_selectXTAL</name>
         <value>0x9be8</value>
         <object_component_ref idref="oc-fd"/>
      </symbol>
      <symbol id="sm-404">
         <name>_SysCtl_delay</name>
         <value>0x158</value>
         <object_component_ref idref="oc-89"/>
      </symbol>
      <symbol id="sm-405">
         <name>_SysCtl_selectOscSource</name>
         <value>0x9607</value>
         <object_component_ref idref="oc-ed"/>
      </symbol>
      <symbol id="sm-406">
         <name>_SysCtl_isPLLValid</name>
         <value>0x90b6</value>
         <object_component_ref idref="oc-ee"/>
      </symbol>
      <symbol id="sm-407">
         <name>_SysCtl_setClock</name>
         <value>0x9000</value>
         <object_component_ref idref="oc-d4"/>
      </symbol>
      <symbol id="sm-408">
         <name>_SysCtl_getLowSpeedClock</name>
         <value>0x9d65</value>
         <object_component_ref idref="oc-d6"/>
      </symbol>
      <symbol id="sm-409">
         <name>_SysCtl_getClock</name>
         <value>0x98f6</value>
         <object_component_ref idref="oc-d5"/>
      </symbol>
      <symbol id="sm-424">
         <name>_c_int00</name>
         <value>0x9662</value>
         <object_component_ref idref="oc-8f"/>
      </symbol>
      <symbol id="sm-425">
         <name>__stack</name>
         <value>0x400</value>
         <object_component_ref idref="oc-90"/>
      </symbol>
      <symbol id="sm-436">
         <name>FS$$DIV</name>
         <value>0x920f</value>
         <object_component_ref idref="oc-96"/>
      </symbol>
      <symbol id="sm-445">
         <name>_copy_in</name>
         <value>0x9c0c</value>
         <object_component_ref idref="oc-c2"/>
      </symbol>
      <symbol id="sm-457">
         <name>_memcpy</name>
         <value>0x9d12</value>
         <object_component_ref idref="oc-d1"/>
      </symbol>
      <symbol id="sm-464">
         <name>__system_pre_init</name>
         <value>0x9f0b</value>
         <object_component_ref idref="oc-c1"/>
      </symbol>
      <symbol id="sm-472">
         <name>__system_post_cinit</name>
         <value>0x97ff</value>
         <object_component_ref idref="oc-c3"/>
      </symbol>
      <symbol id="sm-487">
         <name>C$$EXIT</name>
         <value>0x9b4c</value>
         <object_component_ref idref="oc-c5"/>
      </symbol>
      <symbol id="sm-488">
         <name>_exit</name>
         <value>0x9b4e</value>
         <object_component_ref idref="oc-c5"/>
      </symbol>
      <symbol id="sm-48a">
         <name>___TI_cleanup_ptr</name>
         <value>0xaca2</value>
         <object_component_ref idref="oc-b1"/>
      </symbol>
      <symbol id="sm-48b">
         <name>___TI_enable_exit_profile_output</name>
         <value>0xaca0</value>
         <object_component_ref idref="oc-b1"/>
      </symbol>
      <symbol id="sm-48c">
         <name>_abort</name>
         <value>0x9b4c</value>
         <object_component_ref idref="oc-c5"/>
      </symbol>
      <symbol id="sm-48e">
         <name>___TI_dtors_ptr</name>
         <value>0xaca4</value>
         <object_component_ref idref="oc-b1"/>
      </symbol>
      <symbol id="sm-4a2">
         <name>__unlock</name>
         <value>0xacaa</value>
         <object_component_ref idref="oc-fc"/>
      </symbol>
      <symbol id="sm-4a3">
         <name>__lock</name>
         <value>0xac7e</value>
         <object_component_ref idref="oc-d2"/>
      </symbol>
      <symbol id="sm-4a4">
         <name>__register_lock</name>
         <value>0x9efb</value>
         <object_component_ref idref="oc-ea"/>
      </symbol>
      <symbol id="sm-4a6">
         <name>__nop</name>
         <value>0x9eff</value>
         <object_component_ref idref="oc-ea"/>
      </symbol>
      <symbol id="sm-4a8">
         <name>__register_unlock</name>
         <value>0x9ef7</value>
         <object_component_ref idref="oc-ea"/>
      </symbol>
      <symbol id="sm-4b8">
         <name>__args_main</name>
         <value>0x9e9a</value>
         <object_component_ref idref="oc-c4"/>
      </symbol>
   </symbol_table>
   <title>Link successful</title>
</link_info>
