******************************************************************************
             TMS320C2000 Linker PC v21.6.0                     
******************************************************************************
>> Linked Sat Jul  3 20:12:58 2021

OUTPUT FILE NAME:   <flashapi_ex2_sci_kernel.out>
ENTRY POINT SYMBOL: "code_start"  address: 00090000


MEMORY CONFIGURATION

         name            origin    length      used     unused   attr    fill
----------------------  --------  ---------  --------  --------  ----  --------
PAGE 0:
  RAMM0                 000000f4   0000030c  00000000  0000030c  RWIX
  RAMLS0                00008000   00000800  00000148  000006b8  RWIX
  RAMLS1                00008800   00000800  00000000  00000800  RWIX
  RAMLS2                00009000   00000800  00000000  00000800  RWIX
  RAMLS3                00009800   00000800  00000000  00000800  RWIX
  RAMLS4                0000a000   00000800  00000000  00000800  RWIX
  FLASH_BANK0_SEC0      00080000   00001000  00000000  00001000  RWIX
  FLASH_BANK0_SEC1      00081000   00001000  00000000  00001000  RWIX
  FLASH_BANK0_SEC2      00082000   00001000  00000000  00001000  RWIX
  FLASH_BANK0_SEC3      00083000   00001000  00000000  00001000  RWIX
  FLASH_BANK0_SEC4      00084000   00001000  00000000  00001000  RWIX
  FLASH_BANK0_SEC5      00085000   00001000  00000000  00001000  RWIX
  FLASH_BANK0_SEC6      00086000   00001000  00000000  00001000  RWIX
  FLASH_BANK0_SEC7      00087000   00001000  00000000  00001000  RWIX
  FLASH_BANK0_SEC8      00088000   00001000  00000000  00001000  RWIX
  FLASH_BANK0_SEC9      00089000   00001000  00000000  00001000  RWIX
  FLASH_BANK0_SEC10     0008a000   00001000  00000000  00001000  RWIX
  FLASH_BANK0_SEC11     0008b000   00001000  00000000  00001000  RWIX
  FLASH_BANK0_SEC12     0008c000   00001000  00000000  00001000  RWIX
  FLASH_BANK0_SEC13     0008d000   00001000  00000000  00001000  RWIX
  FLASH_BANK0_SEC14     0008e000   00001000  00000000  00001000  RWIX
  FLASH_BANK0_SEC15     0008f000   00001000  00000000  00001000  RWIX
  BEGIN                 00090000   00000002  00000002  00000000  RWIX
  FLASH_BANK1_SEC0      00090002   00000ffe  00000ffb  00000003  RWIX
  FLASH_BANK1_SEC1      00091000   00001000  00001000  00000000  RWIX
  FLASH_BANK1_SEC2      00092000   00001000  000003c5  00000c3b  RWIX
  FLASH_BANK1_SEC3      00093000   00001000  00000000  00001000  RWIX
  FLASH_BANK1_SEC4      00094000   00001000  00000000  00001000  RWIX
  FLASH_BANK1_SEC5      00095000   00001000  00000000  00001000  RWIX
  FLASH_BANK1_SEC6      00096000   00001000  00000000  00001000  RWIX
  FLASH_BANK1_SEC7      00097000   00001000  00000000  00001000  RWIX
  FLASH_BANK1_SEC8      00098000   00001000  00000000  00001000  RWIX
  FLASH_BANK1_SEC9      00099000   00001000  00000000  00001000  RWIX
  FLASH_BANK1_SEC10     0009a000   00001000  00000000  00001000  RWIX
  FLASH_BANK1_SEC11     0009b000   00001000  00000000  00001000  RWIX
  FLASH_BANK1_SEC12     0009c000   00001000  00000000  00001000  RWIX
  FLASH_BANK1_SEC13     0009d000   00001000  00000000  00001000  RWIX
  FLASH_BANK1_SEC14     0009e000   00001000  00000000  00001000  RWIX
  FLASH_BANK1_SEC15     0009f000   00000ff0  00000000  00000ff0  RWIX
  RESET                 003fffc0   00000002  00000000  00000002  RWIX

PAGE 1:
  BOOT_RSVD             00000002   000000f1  00000000  000000f1  RWIX
  RAMM1                 00000400   00000360  00000100  00000260  RWIX
  FLASH_API_ROM_RSVD    00000760   00000020  00000000  00000020  RWIX
  RAMLS5                0000a800   00000800  00000040  000007c0  RWIX
  RAMLS6                0000b000   00000800  00000000  00000800  RWIX
  RAMLS7                0000b800   00000800  00000000  00000800  RWIX
  RAMGS0                0000c000   00002000  00000000  00002000  RWIX
  RAMGS1                0000e000   00002000  00000000  00002000  RWIX
  RAMGS2                00010000   00002000  00000000  00002000  RWIX
  RAMGS3                00012000   00001ff8  00000000  00001ff8  RWIX


SECTION ALLOCATION MAP

 output                                  attributes/
section   page    origin      length       input sections
--------  ----  ----------  ----------   ----------------
codestart 
*          0    00090000    00000002     
                  00090000    00000002     f28004x_codestartbranch.obj (codestart)

.cinit     0    000905c4    00000047     
                  000905c4    00000023     flashapi_ex2_boot.obj (.cinit:_erasedAlready)
                  000905e7    0000000e     rts2800_fpu32.lib : exit.c.obj (.cinit)
                  000905f5    0000000a     device.obj (.cinit)
                  000905ff    00000005     rts2800_fpu32.lib : _lock.c.obj (.cinit:__lock)
                  00090604    00000005                       : _lock.c.obj (.cinit:__unlock)
                  00090609    00000002     --HOLE-- [fill = 0]

.pinit     0    00090004    00000000     UNINITIALIZED

.reset     0    003fffc0    00000002     DSECT
                  003fffc0    00000002     rts2800_fpu32.lib : boot28.asm.obj (.reset)

.stack     1    00000400    00000100     UNINITIALIZED
                  00000400    00000100     --HOLE--

.ebss      1    0000a800    00000040     UNINITIALIZED
                  0000a800    00000020     flashapi_ex2_boot.obj (.ebss:_erasedAlready)
                  0000a820    0000000a     F021_API_F28004x_FPU32.lib : Init.obj (.ebss)
                  0000a82a    00000006     flashapi_ex2_sci_get_function.obj (.ebss)
                  0000a830    00000006     rts2800_fpu32.lib : exit.c.obj (.ebss)
                  0000a836    00000004     device.obj (.ebss)
                  0000a83a    00000002     rts2800_fpu32.lib : _lock.c.obj (.ebss:__lock)
                  0000a83c    00000002                       : _lock.c.obj (.ebss:__unlock)
                  0000a83e    00000002     flashapi_ex2_boot.obj (.ebss)

.econst    0    00090004    00000478     
                  00090004    000000f0     driverlib_coff.lib : flash.obj (.econst:.string)
                  000900f4    000000ef                        : gpio.obj (.econst:.string)
                  000901e3    00000001     --HOLE-- [fill = 0]
                  000901e4    000000ef                        : sysctl.obj (.econst:.string)
                  000902d3    00000001     --HOLE-- [fill = 0]
                  000902d4    000000ec                        : sci.obj (.econst:.string)
                  000903c0    0000007c                        : interrupt.obj (.econst:.string)
                  0009043c    00000040     flashapi_ex2_erase.obj (.econst:_sectAddress)

.TI.ramfunc 
*          0    0009047c    00000148     RUN ADDR = 00008000
                  0009047c    00000044     driverlib_coff.lib : flash.obj (.TI.ramfunc:_Flash_initModule)
                  000904c0    0000002d                        : flash.obj (.TI.ramfunc:_Flash_setBankPowerMode)
                  000904ed    00000026                        : flash.obj (.TI.ramfunc:_Flash_setWaitstates)
                  00090513    0000001e                        : flash.obj (.TI.ramfunc:_Flash_setPumpPowerMode)
                  00090531    0000001a                        : flash.obj (.TI.ramfunc:_Flash_disableCache)
                  0009054b    0000001a                        : flash.obj (.TI.ramfunc:_Flash_disablePrefetch)
                  00090565    00000019                        : flash.obj (.TI.ramfunc:_Flash_enableCache)
                  0009057e    00000019                        : flash.obj (.TI.ramfunc:_Flash_enablePrefetch)
                  00090597    00000017                        : flash.obj (.TI.ramfunc:_Flash_enableECC)
                  000905ae    00000012     flashapi_ex2_sci_kernel.obj (.TI.ramfunc)
                  000905c0    00000004     driverlib_coff.lib : sysctl.obj (.TI.ramfunc)

.text.1    0    0009060c    000009f4     
                  0009060c    00000495     flashapi_ex2_boot.obj (.text)
                  00090aa1    000003f6     flashapi_ex2_sci_get_function.obj (.text)
                  00090e97    000000b6     driverlib_coff.lib : sysctl.obj (.text:_SysCtl_setClock)
                  00090f4d    000000b2                        : sysctl.obj (.text:_SysCtl_isPLLValid)
                  00090fff    00000001     rts2800_fpu32.lib : startup.c.obj (.text)

.text.2    0    00091000    00001000     
                  00091000    00000294     F021_API_F28004x_FPU32.lib : FlashStateMachine.obj (.text:__Fapi_setupFlashStateMachine)
                  00091294    000001e0                                : Program.obj (.text:_Fapi_issueProgrammingCommand)
                  00091474    0000018f     flashapi_ex2_verify.obj (.text)
                  00091603    00000183     device.obj (.text)
                  00091786    000000a7     F021_API_F28004x_FPU32.lib : Init.obj (.text:_Fapi_initializeAPI)
                  0009182d    00000088     rts2800_fpu32.lib : fs_div28.asm.obj (.text)
                  000918b5    00000080     F021_API_F28004x_FPU32.lib : Read.obj (.text:__Fapi_loopRegionForValue)
                  00091935    0000007a     driverlib_coff.lib : sysctl.obj (.text:_DCC_setCounterSeeds)
                  000919af    00000064     F021_API_F28004x_FPU32.lib : Async.obj (.text:_Fapi_issueAsyncCommandWithAddress)
                  00091a13    0000005c                                : FlashStateMachine.obj (.text:_Fapi_setupEepromSectorEnable)
                  00091a6f    0000005b     driverlib_coff.lib : sysctl.obj (.text:_SysCtl_selectOscSource)
                  00091aca    00000056     rts2800_fpu32.lib : boot28.asm.obj (.text)
                  00091b20    00000055     F021_API_F28004x_FPU32.lib : BlankCheck.obj (.text:_Fapi_doBlankCheck)
                  00091b75    00000053     flashapi_ex2_erase.obj (.text)
                  00091bc8    00000052     driverlib_coff.lib : dcsm.obj (.text:_DCSM_unlockZone1CSM)
                  00091c1a    00000052                        : dcsm.obj (.text:_DCSM_unlockZone2CSM)
                  00091c6c    00000052                        : gpio.obj (.text:_GPIO_setPadConfig)
                  00091cbe    00000052     F021_API_F28004x_FPU32.lib : Read.obj (.text:__Fapi_checkRegionForValue)
                  00091d10    00000046     driverlib_coff.lib : sci.obj (.text:_SCI_disableInterrupt)
                  00091d56    00000043     flashapi_ex2_sci_kernel.obj (.text)
                  00091d99    0000003e     driverlib_coff.lib : sci.obj (.text:_SCI_setConfig)
                  00091dd7    0000003d                        : interrupt.obj (.text:_Interrupt_initModule)
                  00091e14    0000003b                        : gpio.obj (.text:_GPIO_setAnalogMode)
                  00091e4f    0000003a     flashapi_ex2_sci_boot.obj (.text)
                  00091e89    00000038     driverlib_coff.lib : gpio.obj (.text:_GPIO_setMasterCore)
                  00091ec1    00000038                        : gpio.obj (.text:_GPIO_setQualificationMode)
                  00091ef9    00000037                        : gpio.obj (.text:_GPIO_setPinConfig)
                  00091f30    00000031                        : gpio.obj (.text:_GPIO_setDirectionMode)
                  00091f61    00000030     F021_API_F28004x_FPU32.lib : FlashStateMachine.obj (.text:__Fapi_issueFsmCommand)
                  00091f91    0000002f                                : FlashStateMachine.obj (.text:_Fapi_setActiveFlashBank)
                  00091fc0    0000002c                                : Utilities.obj (.text:_Fapi_calculateFletcherChecksum)
                  00091fec    00000014     driverlib_coff.lib : sysctl.obj (.text:_DCC_disableModule)

.text.3    0    00092000    000003c5     
                  00092000    0000002b     F021_API_F28004x_FPU32.lib : FlashStateMachine.obj (.text:__Fapi_setupSectorsForWrite)
                  0009202b    0000002a                                : Utilities.obj (.text:__Fapi_divideUnsignedLong)
                  00092055    00000029     rts2800_fpu32.lib : exit.c.obj (.text)
                  0009207e    00000028     F021_API_F28004x_FPU32.lib : FlashStateMachine.obj (.text:_Fapi_setupBankSectorEnable)
                  000920a6    00000026     driverlib_coff.lib : sysctl.obj (.text:_SysCtl_pollX1Counter)
                  000920cc    00000025                        : sysctl.obj (.text:_DCC_enableSingleShotMode)
                  000920f1    00000024                        : sysctl.obj (.text:_SysCtl_selectXTAL)
                  00092115    00000024     rts2800_fpu32.lib : cpy_tbl.c.obj (.text)
                  00092139    00000023     F021_API_F28004x_FPU32.lib : FlashStateMachine.obj (.text:_Fapi_isAddressEcc)
                  0009215c    00000020     driverlib_coff.lib : interrupt.obj (.text:_Interrupt_initVectorTable)
                  0009217c    0000001f                        : sysctl.obj (.text:_DCC_setCounter1ClkSource)
                  0009219b    0000001d                        : sysctl.obj (.text:_DCC_setCounter0ClkSource)
                  000921b8    0000001d     rts2800_fpu32.lib : memcpy.c.obj (.text)
                  000921d5    0000001a     driverlib_coff.lib : sysctl.obj (.text:_SysCtl_selectXTALSingleEnded)
                  000921ef    00000019                        : sci.obj (.text:_SCI_disableModule)
                  00092208    00000017                        : sysctl.obj (.text:_DCC_disableDoneSignal)
                  0009221f    00000017                        : sysctl.obj (.text:_DCC_enableDoneSignal)
                  00092236    00000017                        : sysctl.obj (.text:_SysCtl_enablePeripheral)
                  0009224d    00000016                        : sysctl.obj (.text:_DCC_clearDoneFlag)
                  00092263    00000016                        : sysctl.obj (.text:_DCC_clearErrorFlag)
                  00092279    00000016                        : sysctl.obj (.text:_DCC_disableErrorSignal)
                  0009228f    00000016                        : sysctl.obj (.text:_DCC_enableErrorSignal)
                  000922a5    00000015                        : sci.obj (.text:_SCI_isBaseValid)
                  000922ba    00000014                        : sysctl.obj (.text:_DCC_enableModule)
                  000922ce    00000014                        : gpio.obj (.text:_GPIO_isPinValid)
                  000922e2    00000014                        : sci.obj (.text:_SCI_enableModule)
                  000922f6    00000013     F021_API_F28004x_FPU32.lib : Read.obj (.text:_Fapi_flushPipeline)
                  00092309    00000012     rts2800_fpu32.lib : args_main.c.obj (.text)
                  0009231b    00000010     driverlib_coff.lib : sysctl.obj (.text:_DCC_isBaseValid)
                  0009232b    00000010                        : flash.obj (.text:_Flash_isCtrlBaseValid)
                  0009233b    00000010                        : flash.obj (.text:_Flash_isECCBaseValid)
                  0009234b    0000000f     F021_API_F28004x_FPU32.lib : Verify.obj (.text:_Fapi_doVerify)
                  0009235a    0000000f                                : Utilities.obj (.text:__Fapi_scaleCycleValues)
                  00092369    0000000e     driverlib_coff.lib : interrupt.obj (.text:_Interrupt_defaultHandler)
                  00092377    0000000d                        : interrupt.obj (.text:_Interrupt_disableMaster)
                  00092384    0000000b     F021_API_F28004x_FPU32.lib : FlashStateMachine.obj (.text:_Fapi_checkFsmForReady)
                  0009238f    0000000b     driverlib_coff.lib : sysctl.obj (.text:_SysCtl_isMCDClockFailureDetected)
                  0009239a    0000000b     F021_API_F28004x_FPU32.lib : Utilities.obj (.text:__Fapi_calculateOtpChecksum)
                  000923a5    00000009     rts2800_fpu32.lib : _lock.c.obj (.text)
                  000923ae    00000008     f28004x_codestartbranch.obj (.text)
                  000923b6    00000007     driverlib_coff.lib : sysctl.obj (.text:_SysCtl_resetMCD)
                  000923bd    00000002     F021_API_F28004x_FPU32.lib : FlashStateMachine.obj (.text:_Fapi_serviceWatchdogTimer)
                  000923bf    00000002     driverlib_coff.lib : interrupt.obj (.text:_Interrupt_illegalOperationHandler)
                  000923c1    00000002                        : interrupt.obj (.text:_Interrupt_nmiHandler)
                  000923c3    00000002     rts2800_fpu32.lib : pre_init.c.obj (.text)

MODULE SUMMARY

       Module                              code   initialized data   uninitialized data
       ------                              ----   ----------------   ------------------
    .\
       flashapi_ex2_boot.obj               1173   35                 34                
       flashapi_ex2_sci_get_function.obj   1014   0                  6                 
       flashapi_ex2_verify.obj             399    0                  0                 
       flashapi_ex2_erase.obj              83     64                 0                 
       flashapi_ex2_sci_kernel.obj         103    0                  0                 
       flashapi_ex2_sci_boot.obj           58     0                  0                 
    +--+-----------------------------------+------+------------------+--------------------+
       Total:                              2830   99                 40                
                                                                                       
    .\device\
       device.obj                          387    10                 4                 
       f28004x_codestartbranch.obj         10     0                  0                 
    +--+-----------------------------------+------+------------------+--------------------+
       Total:                              397    10                 4                 
                                                                                       
    ../F021_API_F28004x_FPU32.lib
       FlashStateMachine.obj               978    0                  0                 
       Program.obj                         480    0                  0                 
       Read.obj                            229    0                  0                 
       Init.obj                            167    0                  10                
       Utilities.obj                       112    0                  0                 
       Async.obj                           100    0                  0                 
       BlankCheck.obj                      85     0                  0                 
       Verify.obj                          15     0                  0                 
    +--+-----------------------------------+------+------------------+--------------------+
       Total:                              2166   0                  10                
                                                                                       
    C:\ti\c2000\C2000Ware_3_04_00_00\driverlib\f28004x\driverlib\ccs\Debug\driverlib_coff.lib
       sysctl.obj                          1009   239                0                 
       flash.obj                           644    240                0                 
       gpio.obj                            377    239                0                 
       sci.obj                             198    236                0                 
       interrupt.obj                       124    124                0                 
       dcsm.obj                            164    0                  0                 
    +--+-----------------------------------+------+------------------+--------------------+
       Total:                              2516   1078               0                 
                                                                                       
    C:\ti\ccs1000\ccs\tools\compiler\ti-cgt-c2000_21.6.0.LTS\lib\rts2800_fpu32.lib
       fs_div28.asm.obj                    136    0                  0                 
       boot28.asm.obj                      86     0                  0                 
       exit.c.obj                          41     14                 6                 
       cpy_tbl.c.obj                       36     0                  0                 
       memcpy.c.obj                        29     0                  0                 
       _lock.c.obj                         9      10                 4                 
       args_main.c.obj                     18     0                  0                 
       pre_init.c.obj                      2      0                  0                 
       startup.c.obj                       1      0                  0                 
    +--+-----------------------------------+------+------------------+--------------------+
       Total:                              358    24                 10                
                                                                                       
       Stack:                              0      0                  256               
    +--+-----------------------------------+------+------------------+--------------------+
       Grand Total:                        8267   1211               320               


GLOBAL DATA SYMBOLS: SORTED BY DATA PAGE

address     data page           name
--------    ----------------    ----
00000400      10 (00000400)     __stack

0000a800     2a0 (0000a800)     _erasedAlready
0000a820     2a0 (0000a800)     _Fapi_GlobalInit
0000a82a     2a0 (0000a800)     _checksum
0000a82c     2a0 (0000a800)     _statusCode
0000a830     2a0 (0000a800)     ___TI_enable_exit_profile_output
0000a832     2a0 (0000a800)     ___TI_cleanup_ptr
0000a834     2a0 (0000a800)     ___TI_dtors_ptr
0000a836     2a0 (0000a800)     _Example_PassCount
0000a838     2a0 (0000a800)     _Example_Fail
0000a83a     2a0 (0000a800)     __lock
0000a83c     2a0 (0000a800)     __unlock
0000a83e     2a0 (0000a800)     _getWordData

0009043c    2410 (00090400)     _sectAddress


GLOBAL SYMBOLS: SORTED ALPHABETICALLY BY Name 

page  address   name                              
----  -------   ----                              
abs   ffffffff  .text                             
0     00092055  C$$EXIT                           
0     0009182d  FS$$DIV                           
0     00091bc8  _DCSM_unlockZone1CSM              
0     00091c1a  _DCSM_unlockZone2CSM              
0     00091692  _Device_enableAllPeripherals      
0     00091654  _Device_init                      
0     0009176f  _Device_initGPIO                  
1     0000a838  _Example_Fail                     
1     0000a836  _Example_PassCount                
1     0000a820  _Fapi_GlobalInit                  
0     00091fc0  _Fapi_calculateFletcherChecksum   
0     00092384  _Fapi_checkFsmForReady            
0     00091b20  _Fapi_doBlankCheck                
0     0009234b  _Fapi_doVerify                    
0     000922f6  _Fapi_flushPipeline               
0     00091786  _Fapi_initializeAPI               
0     00092139  _Fapi_isAddressEcc                
0     000919af  _Fapi_issueAsyncCommandWithAddress
0     00091294  _Fapi_issueProgrammingCommand     
0     000923bd  _Fapi_serviceWatchdogTimer        
0     00091f91  _Fapi_setActiveFlashBank          
0     0009207e  _Fapi_setupBankSectorEnable       
0     00091a13  _Fapi_setupEepromSectorEnable     
0     00008000  _Flash_initModule                 
0     00091e14  _GPIO_setAnalogMode               
0     00091f30  _GPIO_setDirectionMode            
0     00091e89  _GPIO_setMasterCore               
0     00091c6c  _GPIO_setPadConfig                
0     00091ef9  _GPIO_setPinConfig                
0     00091ec1  _GPIO_setQualificationMode        
0     00091dd7  _Interrupt_initModule             
0     0009215c  _Interrupt_initVectorTable        
abs   000905c4  _RamfuncsLoadEnd                  
abs   00000148  _RamfuncsLoadSize                 
abs   0009047c  _RamfuncsLoadStart                
abs   00008148  _RamfuncsRunEnd                   
abs   00000148  _RamfuncsRunSize                  
abs   00008000  _RamfuncsRunStart                 
0     00091d10  _SCI_disableInterrupt             
0     00091d99  _SCI_setConfig                    
0     00008144  _SysCtl_delay                     
0     00090f4d  _SysCtl_isPLLValid                
0     00091a6f  _SysCtl_selectOscSource           
0     000920f1  _SysCtl_selectXTAL                
0     000921d5  _SysCtl_selectXTALSingleEnded     
0     00090e97  _SysCtl_setClock                  
0     0009239a  __Fapi_calculateOtpChecksum       
0     00091cbe  __Fapi_checkRegionForValue        
0     0009202b  __Fapi_divideUnsignedLong         
0     00091f61  __Fapi_issueFsmCommand            
0     000918b5  __Fapi_loopRegionForValue         
0     0009235a  __Fapi_scaleCycleValues           
0     00092000  __Fapi_setupSectorsForWrite       
1     00000500  __STACK_END                       
abs   00000100  __STACK_SIZE                      
1     0000a832  ___TI_cleanup_ptr                 
1     0000a834  ___TI_dtors_ptr                   
1     0000a830  ___TI_enable_exit_profile_output  
abs   ffffffff  ___TI_pprof_out_hndl              
abs   ffffffff  ___TI_prof_data_size              
abs   ffffffff  ___TI_prof_data_start             
abs   ffffffff  ___binit__                        
abs   ffffffff  ___c_args__                       
0     000905c4  ___cinit__                        
0     0009177f  ___error__                        
abs   ffffffff  ___etext__                        
abs   ffffffff  ___pinit__                        
abs   ffffffff  ___text__                         
0     00092309  __args_main                       
1     0000a83a  __lock                            
0     000923ad  __nop                             
0     000923a9  __register_lock                   
0     000923a5  __register_unlock                 
1     00000400  __stack                           
0     00090fff  __system_post_cinit               
0     000923c3  __system_pre_init                 
1     0000a83c  __unlock                          
0     00092055  _abort                            
0     00091aca  _c_int00                          
1     0000a82a  _checksum                         
0     0009060c  _copyData                         
0     00092115  _copy_in                          
1     0000a800  _erasedAlready                    
0     0000813e  _exampleError                     
0     00092057  _exit                             
0     000907f6  _findSector                       
0     00090a79  _findSize                         
0     00090a7f  _getLongData                      
1     0000a83e  _getWordData                      
0     00091d78  _initFlashSectors                 
0     00091d62  _main                             
0     000921b8  _memcpy                           
0     00090a91  _readReservedFn                   
0     00091e4f  _sciBoot                          
0     00090bd8  _sciGetFunction                   
0     00090d74  _sciGetPacket                     
0     00090dd3  _sciPinmuxOption                  
0     00090cc7  _sciSendChecksum                  
0     00090c92  _sciSendPacket                    
0     00090ce5  _sciSendWord                      
0     00090dcb  _sciaFlush                        
0     00090d59  _sciaGetOnlyWordData              
0     00090d3e  _sciaGetWordData                  
0     00090d0d  _sciaInit                         
0     0009043c  _sectAddress                      
0     00090db9  _sendACK                          
0     00090dc2  _sendNAK                          
0     00091b75  _sharedErase                      
1     0000a82c  _statusCode                       
0     00091474  _verifyData                       
abs   ffffffff  binit                             
0     000905c4  cinit                             
0     00090000  code_start                        
abs   ffffffff  etext                             
abs   ffffffff  pinit                             


GLOBAL SYMBOLS: SORTED BY Symbol Address 

page  address   name                              
----  -------   ----                              
0     00008000  _Flash_initModule                 
0     0000813e  _exampleError                     
0     00008144  _SysCtl_delay                     
0     00090000  code_start                        
0     0009043c  _sectAddress                      
0     000905c4  ___cinit__                        
0     000905c4  cinit                             
0     0009060c  _copyData                         
0     000907f6  _findSector                       
0     00090a79  _findSize                         
0     00090a7f  _getLongData                      
0     00090a91  _readReservedFn                   
0     00090bd8  _sciGetFunction                   
0     00090c92  _sciSendPacket                    
0     00090cc7  _sciSendChecksum                  
0     00090ce5  _sciSendWord                      
0     00090d0d  _sciaInit                         
0     00090d3e  _sciaGetWordData                  
0     00090d59  _sciaGetOnlyWordData              
0     00090d74  _sciGetPacket                     
0     00090db9  _sendACK                          
0     00090dc2  _sendNAK                          
0     00090dcb  _sciaFlush                        
0     00090dd3  _sciPinmuxOption                  
0     00090e97  _SysCtl_setClock                  
0     00090f4d  _SysCtl_isPLLValid                
0     00090fff  __system_post_cinit               
0     00091294  _Fapi_issueProgrammingCommand     
0     00091474  _verifyData                       
0     00091654  _Device_init                      
0     00091692  _Device_enableAllPeripherals      
0     0009176f  _Device_initGPIO                  
0     0009177f  ___error__                        
0     00091786  _Fapi_initializeAPI               
0     0009182d  FS$$DIV                           
0     000918b5  __Fapi_loopRegionForValue         
0     000919af  _Fapi_issueAsyncCommandWithAddress
0     00091a13  _Fapi_setupEepromSectorEnable     
0     00091a6f  _SysCtl_selectOscSource           
0     00091aca  _c_int00                          
0     00091b20  _Fapi_doBlankCheck                
0     00091b75  _sharedErase                      
0     00091bc8  _DCSM_unlockZone1CSM              
0     00091c1a  _DCSM_unlockZone2CSM              
0     00091c6c  _GPIO_setPadConfig                
0     00091cbe  __Fapi_checkRegionForValue        
0     00091d10  _SCI_disableInterrupt             
0     00091d62  _main                             
0     00091d78  _initFlashSectors                 
0     00091d99  _SCI_setConfig                    
0     00091dd7  _Interrupt_initModule             
0     00091e14  _GPIO_setAnalogMode               
0     00091e4f  _sciBoot                          
0     00091e89  _GPIO_setMasterCore               
0     00091ec1  _GPIO_setQualificationMode        
0     00091ef9  _GPIO_setPinConfig                
0     00091f30  _GPIO_setDirectionMode            
0     00091f61  __Fapi_issueFsmCommand            
0     00091f91  _Fapi_setActiveFlashBank          
0     00091fc0  _Fapi_calculateFletcherChecksum   
0     00092000  __Fapi_setupSectorsForWrite       
0     0009202b  __Fapi_divideUnsignedLong         
0     00092055  C$$EXIT                           
0     00092055  _abort                            
0     00092057  _exit                             
0     0009207e  _Fapi_setupBankSectorEnable       
0     000920f1  _SysCtl_selectXTAL                
0     00092115  _copy_in                          
0     00092139  _Fapi_isAddressEcc                
0     0009215c  _Interrupt_initVectorTable        
0     000921b8  _memcpy                           
0     000921d5  _SysCtl_selectXTALSingleEnded     
0     000922f6  _Fapi_flushPipeline               
0     00092309  __args_main                       
0     0009234b  _Fapi_doVerify                    
0     0009235a  __Fapi_scaleCycleValues           
0     00092384  _Fapi_checkFsmForReady            
0     0009239a  __Fapi_calculateOtpChecksum       
0     000923a5  __register_unlock                 
0     000923a9  __register_lock                   
0     000923ad  __nop                             
0     000923bd  _Fapi_serviceWatchdogTimer        
0     000923c3  __system_pre_init                 
1     00000400  __stack                           
1     00000500  __STACK_END                       
1     0000a800  _erasedAlready                    
1     0000a820  _Fapi_GlobalInit                  
1     0000a82a  _checksum                         
1     0000a82c  _statusCode                       
1     0000a830  ___TI_enable_exit_profile_output  
1     0000a832  ___TI_cleanup_ptr                 
1     0000a834  ___TI_dtors_ptr                   
1     0000a836  _Example_PassCount                
1     0000a838  _Example_Fail                     
1     0000a83a  __lock                            
1     0000a83c  __unlock                          
1     0000a83e  _getWordData                      
abs   00000100  __STACK_SIZE                      
abs   00000148  _RamfuncsLoadSize                 
abs   00000148  _RamfuncsRunSize                  
abs   00008000  _RamfuncsRunStart                 
abs   00008148  _RamfuncsRunEnd                   
abs   0009047c  _RamfuncsLoadStart                
abs   000905c4  _RamfuncsLoadEnd                  
abs   ffffffff  .text                             
abs   ffffffff  ___TI_pprof_out_hndl              
abs   ffffffff  ___TI_prof_data_size              
abs   ffffffff  ___TI_prof_data_start             
abs   ffffffff  ___binit__                        
abs   ffffffff  ___c_args__                       
abs   ffffffff  ___etext__                        
abs   ffffffff  ___pinit__                        
abs   ffffffff  ___text__                         
abs   ffffffff  binit                             
abs   ffffffff  etext                             
abs   ffffffff  pinit                             

[116 symbols]
