<?xml version="1.0" encoding="ISO-8859-1" ?>
<link_info>
   <banner>TMS320C2000 Linker PC v21.6.0.LTS</banner>
   <copyright>Copyright (c) 1996-2018 Texas Instruments Incorporated</copyright>
   <link_time>0x60e04611</link_time>
   <link_errors>0x0</link_errors>
   <output_file>flashapi_ex2_sci_kernel.out</output_file>
   <entry_point>
      <name>code_start</name>
      <address>0x0</address>
   </entry_point>
   <input_file_list>
      <input_file id="fl-2">
         <path>.\</path>
         <kind>object</kind>
         <file>flashapi_ex2_boot.obj</file>
         <name>flashapi_ex2_boot.obj</name>
      </input_file>
      <input_file id="fl-3">
         <path>.\</path>
         <kind>object</kind>
         <file>flashapi_ex2_codestartbranch.obj</file>
         <name>flashapi_ex2_codestartbranch.obj</name>
      </input_file>
      <input_file id="fl-4">
         <path>.\</path>
         <kind>object</kind>
         <file>flashapi_ex2_erase.obj</file>
         <name>flashapi_ex2_erase.obj</name>
      </input_file>
      <input_file id="fl-5">
         <path>.\</path>
         <kind>object</kind>
         <file>flashapi_ex2_sci_boot.obj</file>
         <name>flashapi_ex2_sci_boot.obj</name>
      </input_file>
      <input_file id="fl-6">
         <path>.\</path>
         <kind>object</kind>
         <file>flashapi_ex2_sci_get_function.obj</file>
         <name>flashapi_ex2_sci_get_function.obj</name>
      </input_file>
      <input_file id="fl-7">
         <path>.\</path>
         <kind>object</kind>
         <file>flashapi_ex2_sci_kernel.obj</file>
         <name>flashapi_ex2_sci_kernel.obj</name>
      </input_file>
      <input_file id="fl-8">
         <path>.\</path>
         <kind>object</kind>
         <file>flashapi_ex2_verify.obj</file>
         <name>flashapi_ex2_verify.obj</name>
      </input_file>
      <input_file id="fl-9">
         <path>.\device\</path>
         <kind>object</kind>
         <file>device.obj</file>
         <name>device.obj</name>
      </input_file>
      <input_file id="fl-f">
         <kind>object</kind>
         <file>&lt;internal&gt;</file>
         <name>&lt;internal&gt;</name>
      </input_file>
      <input_file id="fl-10">
         <path>..\</path>
         <kind>archive</kind>
         <file>F021_API_F28004x_FPU32.lib</file>
         <name>Async.obj</name>
      </input_file>
      <input_file id="fl-11">
         <path>..\</path>
         <kind>archive</kind>
         <file>F021_API_F28004x_FPU32.lib</file>
         <name>BlankCheck.obj</name>
      </input_file>
      <input_file id="fl-12">
         <path>..\</path>
         <kind>archive</kind>
         <file>F021_API_F28004x_FPU32.lib</file>
         <name>Read.obj</name>
      </input_file>
      <input_file id="fl-13">
         <path>..\</path>
         <kind>archive</kind>
         <file>F021_API_F28004x_FPU32.lib</file>
         <name>Verify.obj</name>
      </input_file>
      <input_file id="fl-14">
         <path>..\</path>
         <kind>archive</kind>
         <file>F021_API_F28004x_FPU32.lib</file>
         <name>FlashStateMachine.obj</name>
      </input_file>
      <input_file id="fl-15">
         <path>..\</path>
         <kind>archive</kind>
         <file>F021_API_F28004x_FPU32.lib</file>
         <name>Init.obj</name>
      </input_file>
      <input_file id="fl-16">
         <path>..\</path>
         <kind>archive</kind>
         <file>F021_API_F28004x_FPU32.lib</file>
         <name>Utilities.obj</name>
      </input_file>
      <input_file id="fl-17">
         <path>..\</path>
         <kind>archive</kind>
         <file>F021_API_F28004x_FPU32.lib</file>
         <name>FlashStateMachine.obj</name>
      </input_file>
      <input_file id="fl-18">
         <path>..\</path>
         <kind>archive</kind>
         <file>F021_API_F28004x_FPU32.lib</file>
         <name>Program.obj</name>
      </input_file>
      <input_file id="fl-1c">
         <path>C:\ti\c2000\C2000Ware_3_04_00_00\driverlib\f28004x\driverlib\ccs\Debug\</path>
         <kind>archive</kind>
         <file>driverlib_coff.lib</file>
         <name>dcsm.obj</name>
      </input_file>
      <input_file id="fl-1d">
         <path>C:\ti\c2000\C2000Ware_3_04_00_00\driverlib\f28004x\driverlib\ccs\Debug\</path>
         <kind>archive</kind>
         <file>driverlib_coff.lib</file>
         <name>gpio.obj</name>
      </input_file>
      <input_file id="fl-1e">
         <path>C:\ti\c2000\C2000Ware_3_04_00_00\driverlib\f28004x\driverlib\ccs\Debug\</path>
         <kind>archive</kind>
         <file>driverlib_coff.lib</file>
         <name>interrupt.obj</name>
      </input_file>
      <input_file id="fl-1f">
         <path>C:\ti\c2000\C2000Ware_3_04_00_00\driverlib\f28004x\driverlib\ccs\Debug\</path>
         <kind>archive</kind>
         <file>driverlib_coff.lib</file>
         <name>sci.obj</name>
      </input_file>
      <input_file id="fl-20">
         <path>C:\ti\c2000\C2000Ware_3_04_00_00\driverlib\f28004x\driverlib\ccs\Debug\</path>
         <kind>archive</kind>
         <file>driverlib_coff.lib</file>
         <name>sysctl.obj</name>
      </input_file>
      <input_file id="fl-2c">
         <path>C:\ti\ccs1000\ccs\tools\compiler\ti-cgt-c2000_21.6.0.LTS\lib\</path>
         <kind>archive</kind>
         <file>rts2800_fpu32.lib</file>
         <name>boot28.asm.obj</name>
      </input_file>
      <input_file id="fl-2d">
         <path>C:\ti\ccs1000\ccs\tools\compiler\ti-cgt-c2000_21.6.0.LTS\lib\</path>
         <kind>archive</kind>
         <file>rts2800_fpu32.lib</file>
         <name>fs_div28.asm.obj</name>
      </input_file>
      <input_file id="fl-2e">
         <path>C:\ti\ccs1000\ccs\tools\compiler\ti-cgt-c2000_21.6.0.LTS\lib\</path>
         <kind>archive</kind>
         <file>rts2800_fpu32.lib</file>
         <name>cpy_tbl.c.obj</name>
      </input_file>
      <input_file id="fl-2f">
         <path>C:\ti\ccs1000\ccs\tools\compiler\ti-cgt-c2000_21.6.0.LTS\lib\</path>
         <kind>archive</kind>
         <file>rts2800_fpu32.lib</file>
         <name>memcpy.c.obj</name>
      </input_file>
      <input_file id="fl-30">
         <path>C:\ti\ccs1000\ccs\tools\compiler\ti-cgt-c2000_21.6.0.LTS\lib\</path>
         <kind>archive</kind>
         <file>rts2800_fpu32.lib</file>
         <name>pre_init.c.obj</name>
      </input_file>
      <input_file id="fl-31">
         <path>C:\ti\ccs1000\ccs\tools\compiler\ti-cgt-c2000_21.6.0.LTS\lib\</path>
         <kind>archive</kind>
         <file>rts2800_fpu32.lib</file>
         <name>startup.c.obj</name>
      </input_file>
      <input_file id="fl-32">
         <path>C:\ti\ccs1000\ccs\tools\compiler\ti-cgt-c2000_21.6.0.LTS\lib\</path>
         <kind>archive</kind>
         <file>rts2800_fpu32.lib</file>
         <name>exit.c.obj</name>
      </input_file>
      <input_file id="fl-33">
         <path>C:\ti\ccs1000\ccs\tools\compiler\ti-cgt-c2000_21.6.0.LTS\lib\</path>
         <kind>archive</kind>
         <file>rts2800_fpu32.lib</file>
         <name>_lock.c.obj</name>
      </input_file>
      <input_file id="fl-34">
         <path>C:\ti\ccs1000\ccs\tools\compiler\ti-cgt-c2000_21.6.0.LTS\lib\</path>
         <kind>archive</kind>
         <file>rts2800_fpu32.lib</file>
         <name>args_main.c.obj</name>
      </input_file>
   </input_file_list>
   <object_component_list>
      <object_component id="oc-11">
         <name>codestart</name>
         <load_address>0x0</load_address>
         <run_address>0x0</run_address>
         <size>0x2</size>
         <input_file_ref idref="fl-3"/>
      </object_component>
      <object_component id="oc-ca">
         <name>.TI.ramfunc</name>
         <load_address>0x13b</load_address>
         <run_address>0x13b</run_address>
         <size>0x1d</size>
         <input_file_ref idref="fl-7"/>
      </object_component>
      <object_component id="oc-88">
         <name>.TI.ramfunc</name>
         <load_address>0x158</load_address>
         <run_address>0x158</run_address>
         <size>0x4</size>
         <input_file_ref idref="fl-20"/>
      </object_component>
      <object_component id="oc-ea">
         <name>.text</name>
         <load_address>0x8000</load_address>
         <run_address>0x8000</run_address>
         <size>0x495</size>
         <input_file_ref idref="fl-2"/>
      </object_component>
      <object_component id="oc-e3">
         <name>.text:__Fapi_setupFlashStateMachine</name>
         <load_address>0x8495</load_address>
         <run_address>0x8495</run_address>
         <size>0x294</size>
         <input_file_ref idref="fl-14"/>
      </object_component>
      <object_component id="oc-cf">
         <name>.text:_SysCtl_setClock</name>
         <load_address>0x8729</load_address>
         <run_address>0x8729</run_address>
         <size>0xb6</size>
         <input_file_ref idref="fl-20"/>
      </object_component>
      <object_component id="oc-c8">
         <name>.text:_Interrupt_initVectorTable</name>
         <load_address>0x87df</load_address>
         <run_address>0x87df</run_address>
         <size>0x20</size>
         <input_file_ref idref="fl-1e"/>
      </object_component>
      <object_component id="oc-c2">
         <name>.text</name>
         <load_address>0x87ff</load_address>
         <run_address>0x87ff</run_address>
         <size>0x1</size>
         <input_file_ref idref="fl-31"/>
      </object_component>
      <object_component id="oc-c6">
         <name>.text</name>
         <load_address>0x8800</load_address>
         <run_address>0x8800</run_address>
         <size>0x47a</size>
         <input_file_ref idref="fl-6"/>
      </object_component>
      <object_component id="oc-108">
         <name>.text:_Fapi_issueProgrammingCommand</name>
         <load_address>0x8c7a</load_address>
         <run_address>0x8c7a</run_address>
         <size>0x1e0</size>
         <input_file_ref idref="fl-18"/>
      </object_component>
      <object_component id="oc-d9">
         <name>.text</name>
         <load_address>0x8e5a</load_address>
         <run_address>0x8e5a</run_address>
         <size>0x18f</size>
         <input_file_ref idref="fl-8"/>
      </object_component>
      <object_component id="oc-fe">
         <name>.text:_DCC_disableDoneSignal</name>
         <load_address>0x8fe9</load_address>
         <run_address>0x8fe9</run_address>
         <size>0x17</size>
         <input_file_ref idref="fl-20"/>
      </object_component>
      <object_component id="oc-c5">
         <name>.text</name>
         <load_address>0x9000</load_address>
         <run_address>0x9000</run_address>
         <size>0x1aa</size>
         <input_file_ref idref="fl-9"/>
      </object_component>
      <object_component id="oc-e8">
         <name>.text:_SysCtl_isPLLValid</name>
         <load_address>0x91aa</load_address>
         <run_address>0x91aa</run_address>
         <size>0xb2</size>
         <input_file_ref idref="fl-20"/>
      </object_component>
      <object_component id="oc-c9">
         <name>.text:_Fapi_initializeAPI</name>
         <load_address>0x925c</load_address>
         <run_address>0x925c</run_address>
         <size>0xa7</size>
         <input_file_ref idref="fl-15"/>
      </object_component>
      <object_component id="oc-95">
         <name>.text</name>
         <load_address>0x9303</load_address>
         <run_address>0x9303</run_address>
         <size>0x88</size>
         <input_file_ref idref="fl-2d"/>
      </object_component>
      <object_component id="oc-10c">
         <name>.text:__Fapi_loopRegionForValue</name>
         <load_address>0x938b</load_address>
         <run_address>0x938b</run_address>
         <size>0x80</size>
         <input_file_ref idref="fl-12"/>
      </object_component>
      <object_component id="oc-101">
         <name>.text:_DCC_setCounterSeeds</name>
         <load_address>0x940b</load_address>
         <run_address>0x940b</run_address>
         <size>0x7a</size>
         <input_file_ref idref="fl-20"/>
      </object_component>
      <object_component id="oc-ec">
         <name>.text:_Fapi_issueAsyncCommandWithAddress</name>
         <load_address>0x9485</load_address>
         <run_address>0x9485</run_address>
         <size>0x64</size>
         <input_file_ref idref="fl-10"/>
      </object_component>
      <object_component id="oc-bf">
         <name>.text</name>
         <load_address>0x94e9</load_address>
         <run_address>0x94e9</run_address>
         <size>0x5e</size>
         <input_file_ref idref="fl-7"/>
      </object_component>
      <object_component id="oc-113">
         <name>.text:_Fapi_setupEepromSectorEnable</name>
         <load_address>0x9547</load_address>
         <run_address>0x9547</run_address>
         <size>0x5c</size>
         <input_file_ref idref="fl-14"/>
      </object_component>
      <object_component id="oc-e7">
         <name>.text:_SysCtl_selectOscSource</name>
         <load_address>0x95a3</load_address>
         <run_address>0x95a3</run_address>
         <size>0x5b</size>
         <input_file_ref idref="fl-20"/>
      </object_component>
      <object_component id="oc-8e">
         <name>.text</name>
         <load_address>0x95fe</load_address>
         <run_address>0x95fe</run_address>
         <size>0x56</size>
         <input_file_ref idref="fl-2c"/>
      </object_component>
      <object_component id="oc-ee">
         <name>.text:_Fapi_doBlankCheck</name>
         <load_address>0x9654</load_address>
         <run_address>0x9654</run_address>
         <size>0x55</size>
         <input_file_ref idref="fl-11"/>
      </object_component>
      <object_component id="oc-d8">
         <name>.text</name>
         <load_address>0x96a9</load_address>
         <run_address>0x96a9</run_address>
         <size>0x53</size>
         <input_file_ref idref="fl-4"/>
      </object_component>
      <object_component id="oc-d5">
         <name>.text:_DCSM_unlockZone1CSM</name>
         <load_address>0x96fc</load_address>
         <run_address>0x96fc</run_address>
         <size>0x52</size>
         <input_file_ref idref="fl-1c"/>
      </object_component>
      <object_component id="oc-d6">
         <name>.text:_DCSM_unlockZone2CSM</name>
         <load_address>0x974e</load_address>
         <run_address>0x974e</run_address>
         <size>0x52</size>
         <input_file_ref idref="fl-1c"/>
      </object_component>
      <object_component id="oc-d2">
         <name>.text:_GPIO_setPadConfig</name>
         <load_address>0x97a0</load_address>
         <run_address>0x97a0</run_address>
         <size>0x52</size>
         <input_file_ref idref="fl-1d"/>
      </object_component>
      <object_component id="oc-e0">
         <name>.text:_Interrupt_defaultHandler</name>
         <load_address>0x97f2</load_address>
         <run_address>0x97f2</run_address>
         <size>0xe</size>
         <input_file_ref idref="fl-1e"/>
      </object_component>
      <object_component id="oc-10d">
         <name>.text:__Fapi_checkRegionForValue</name>
         <load_address>0x9800</load_address>
         <run_address>0x9800</run_address>
         <size>0x52</size>
         <input_file_ref idref="fl-12"/>
      </object_component>
      <object_component id="oc-d0">
         <name>.text:_SysCtl_getClock</name>
         <load_address>0x9852</load_address>
         <run_address>0x9852</run_address>
         <size>0x51</size>
         <input_file_ref idref="fl-20"/>
      </object_component>
      <object_component id="oc-db">
         <name>.text:_SCI_disableInterrupt</name>
         <load_address>0x98a3</load_address>
         <run_address>0x98a3</run_address>
         <size>0x46</size>
         <input_file_ref idref="fl-1f"/>
      </object_component>
      <object_component id="oc-da">
         <name>.text:_SCI_setConfig</name>
         <load_address>0x98e9</load_address>
         <run_address>0x98e9</run_address>
         <size>0x3e</size>
         <input_file_ref idref="fl-1f"/>
      </object_component>
      <object_component id="oc-c7">
         <name>.text:_Interrupt_initModule</name>
         <load_address>0x9927</load_address>
         <run_address>0x9927</run_address>
         <size>0x3d</size>
         <input_file_ref idref="fl-1e"/>
      </object_component>
      <object_component id="oc-d4">
         <name>.text:_GPIO_setAnalogMode</name>
         <load_address>0x9964</load_address>
         <run_address>0x9964</run_address>
         <size>0x3b</size>
         <input_file_ref idref="fl-1d"/>
      </object_component>
      <object_component id="oc-d7">
         <name>.text</name>
         <load_address>0x999f</load_address>
         <run_address>0x999f</run_address>
         <size>0x3a</size>
         <input_file_ref idref="fl-5"/>
      </object_component>
      <object_component id="oc-dc">
         <name>.text:_GPIO_setMasterCore</name>
         <load_address>0x99d9</load_address>
         <run_address>0x99d9</run_address>
         <size>0x38</size>
         <input_file_ref idref="fl-1d"/>
      </object_component>
      <object_component id="oc-de">
         <name>.text:_GPIO_setQualificationMode</name>
         <load_address>0x9a11</load_address>
         <run_address>0x9a11</run_address>
         <size>0x38</size>
         <input_file_ref idref="fl-1d"/>
      </object_component>
      <object_component id="oc-dd">
         <name>.text:_GPIO_setPinConfig</name>
         <load_address>0x9a49</load_address>
         <run_address>0x9a49</run_address>
         <size>0x37</size>
         <input_file_ref idref="fl-1d"/>
      </object_component>
      <object_component id="oc-d3">
         <name>.text:_GPIO_setDirectionMode</name>
         <load_address>0x9a80</load_address>
         <run_address>0x9a80</run_address>
         <size>0x31</size>
         <input_file_ref idref="fl-1d"/>
      </object_component>
      <object_component id="oc-109">
         <name>.text:__Fapi_issueFsmCommand</name>
         <load_address>0x9ab1</load_address>
         <run_address>0x9ab1</run_address>
         <size>0x30</size>
         <input_file_ref idref="fl-14"/>
      </object_component>
      <object_component id="oc-cb">
         <name>.text:_Fapi_setActiveFlashBank</name>
         <load_address>0x9ae1</load_address>
         <run_address>0x9ae1</run_address>
         <size>0x2f</size>
         <input_file_ref idref="fl-14"/>
      </object_component>
      <object_component id="oc-10e">
         <name>.text:_Fapi_calculateFletcherChecksum</name>
         <load_address>0x9b10</load_address>
         <run_address>0x9b10</run_address>
         <size>0x2c</size>
         <input_file_ref idref="fl-16"/>
      </object_component>
      <object_component id="oc-10a">
         <name>.text:__Fapi_setupSectorsForWrite</name>
         <load_address>0x9b3c</load_address>
         <run_address>0x9b3c</run_address>
         <size>0x2b</size>
         <input_file_ref idref="fl-14"/>
      </object_component>
      <object_component id="oc-f3">
         <name>.text:__Fapi_divideUnsignedLong</name>
         <load_address>0x9b67</load_address>
         <run_address>0x9b67</run_address>
         <size>0x2a</size>
         <input_file_ref idref="fl-16"/>
      </object_component>
      <object_component id="oc-c4">
         <name>.text</name>
         <load_address>0x9b91</load_address>
         <run_address>0x9b91</run_address>
         <size>0x29</size>
         <input_file_ref idref="fl-32"/>
      </object_component>
      <object_component id="oc-114">
         <name>.text:_Fapi_setupBankSectorEnable</name>
         <load_address>0x9bba</load_address>
         <run_address>0x9bba</run_address>
         <size>0x28</size>
         <input_file_ref idref="fl-14"/>
      </object_component>
      <object_component id="oc-110">
         <name>.text:_SysCtl_pollX1Counter</name>
         <load_address>0x9be2</load_address>
         <run_address>0x9be2</run_address>
         <size>0x26</size>
         <input_file_ref idref="fl-20"/>
      </object_component>
      <object_component id="oc-102">
         <name>.text:_DCC_enableSingleShotMode</name>
         <load_address>0x9c08</load_address>
         <run_address>0x9c08</run_address>
         <size>0x25</size>
         <input_file_ref idref="fl-20"/>
      </object_component>
      <object_component id="oc-f7">
         <name>.text:_SysCtl_selectXTAL</name>
         <load_address>0x9c2d</load_address>
         <run_address>0x9c2d</run_address>
         <size>0x24</size>
         <input_file_ref idref="fl-20"/>
      </object_component>
      <object_component id="oc-c1">
         <name>.text</name>
         <load_address>0x9c51</load_address>
         <run_address>0x9c51</run_address>
         <size>0x24</size>
         <input_file_ref idref="fl-2e"/>
      </object_component>
      <object_component id="oc-115">
         <name>.text:_Fapi_isAddressEcc</name>
         <load_address>0x9c75</load_address>
         <run_address>0x9c75</run_address>
         <size>0x23</size>
         <input_file_ref idref="fl-17"/>
      </object_component>
      <object_component id="oc-18">
         <name>.text</name>
         <load_address>0x9c98</load_address>
         <run_address>0x9c98</run_address>
         <size>0x22</size>
         <input_file_ref idref="fl-3"/>
      </object_component>
      <object_component id="oc-100">
         <name>.text:_DCC_setCounter1ClkSource</name>
         <load_address>0x9cba</load_address>
         <run_address>0x9cba</run_address>
         <size>0x1f</size>
         <input_file_ref idref="fl-20"/>
      </object_component>
      <object_component id="oc-ff">
         <name>.text:_DCC_setCounter0ClkSource</name>
         <load_address>0x9cd9</load_address>
         <run_address>0x9cd9</run_address>
         <size>0x1d</size>
         <input_file_ref idref="fl-20"/>
      </object_component>
      <object_component id="oc-cc">
         <name>.text</name>
         <load_address>0x9cf6</load_address>
         <run_address>0x9cf6</run_address>
         <size>0x1d</size>
         <input_file_ref idref="fl-2f"/>
      </object_component>
      <object_component id="oc-d1">
         <name>.text:_SysCtl_getLowSpeedClock</name>
         <load_address>0x9d13</load_address>
         <run_address>0x9d13</run_address>
         <size>0x1a</size>
         <input_file_ref idref="fl-20"/>
      </object_component>
      <object_component id="oc-f8">
         <name>.text:_SysCtl_selectXTALSingleEnded</name>
         <load_address>0x9d2d</load_address>
         <run_address>0x9d2d</run_address>
         <size>0x1a</size>
         <input_file_ref idref="fl-20"/>
      </object_component>
      <object_component id="oc-f1">
         <name>.text:_SCI_disableModule</name>
         <load_address>0x9d47</load_address>
         <run_address>0x9d47</run_address>
         <size>0x19</size>
         <input_file_ref idref="fl-1f"/>
      </object_component>
      <object_component id="oc-104">
         <name>.text:_DCC_enableDoneSignal</name>
         <load_address>0x9d60</load_address>
         <run_address>0x9d60</run_address>
         <size>0x17</size>
         <input_file_ref idref="fl-20"/>
      </object_component>
      <object_component id="oc-f9">
         <name>.text:_SysCtl_enablePeripheral</name>
         <load_address>0x9d77</load_address>
         <run_address>0x9d77</run_address>
         <size>0x17</size>
         <input_file_ref idref="fl-20"/>
      </object_component>
      <object_component id="oc-fb">
         <name>.text:_DCC_clearDoneFlag</name>
         <load_address>0x9d8e</load_address>
         <run_address>0x9d8e</run_address>
         <size>0x16</size>
         <input_file_ref idref="fl-20"/>
      </object_component>
      <object_component id="oc-fa">
         <name>.text:_DCC_clearErrorFlag</name>
         <load_address>0x9da4</load_address>
         <run_address>0x9da4</run_address>
         <size>0x16</size>
         <input_file_ref idref="fl-20"/>
      </object_component>
      <object_component id="oc-fd">
         <name>.text:_DCC_disableErrorSignal</name>
         <load_address>0x9dba</load_address>
         <run_address>0x9dba</run_address>
         <size>0x16</size>
         <input_file_ref idref="fl-20"/>
      </object_component>
      <object_component id="oc-103">
         <name>.text:_DCC_enableErrorSignal</name>
         <load_address>0x9dd0</load_address>
         <run_address>0x9dd0</run_address>
         <size>0x16</size>
         <input_file_ref idref="fl-20"/>
      </object_component>
      <object_component id="oc-f0">
         <name>.text:_SCI_isBaseValid</name>
         <load_address>0x9de6</load_address>
         <run_address>0x9de6</run_address>
         <size>0x15</size>
         <input_file_ref idref="fl-1f"/>
      </object_component>
      <object_component id="oc-fc">
         <name>.text:_DCC_disableModule</name>
         <load_address>0x9dfb</load_address>
         <run_address>0x9dfb</run_address>
         <size>0x14</size>
         <input_file_ref idref="fl-20"/>
      </object_component>
      <object_component id="oc-105">
         <name>.text:_DCC_enableModule</name>
         <load_address>0x9e0f</load_address>
         <run_address>0x9e0f</run_address>
         <size>0x14</size>
         <input_file_ref idref="fl-20"/>
      </object_component>
      <object_component id="oc-e9">
         <name>.text:_GPIO_isPinValid</name>
         <load_address>0x9e23</load_address>
         <run_address>0x9e23</run_address>
         <size>0x14</size>
         <input_file_ref idref="fl-1d"/>
      </object_component>
      <object_component id="oc-f2">
         <name>.text:_SCI_enableModule</name>
         <load_address>0x9e37</load_address>
         <run_address>0x9e37</run_address>
         <size>0x14</size>
         <input_file_ref idref="fl-1f"/>
      </object_component>
      <object_component id="oc-10b">
         <name>.text:_Fapi_flushPipeline</name>
         <load_address>0x9e4b</load_address>
         <run_address>0x9e4b</run_address>
         <size>0x13</size>
         <input_file_ref idref="fl-12"/>
      </object_component>
      <object_component id="oc-c3">
         <name>.text</name>
         <load_address>0x9e5e</load_address>
         <run_address>0x9e5e</run_address>
         <size>0x12</size>
         <input_file_ref idref="fl-34"/>
      </object_component>
      <object_component id="oc-112">
         <name>.text:_DCC_isBaseValid</name>
         <load_address>0x9e70</load_address>
         <run_address>0x9e70</run_address>
         <size>0x10</size>
         <input_file_ref idref="fl-20"/>
      </object_component>
      <object_component id="oc-ef">
         <name>.text:_Fapi_doVerify</name>
         <load_address>0x9e80</load_address>
         <run_address>0x9e80</run_address>
         <size>0xf</size>
         <input_file_ref idref="fl-13"/>
      </object_component>
      <object_component id="oc-f5">
         <name>.text:__Fapi_scaleCycleValues</name>
         <load_address>0x9e8f</load_address>
         <run_address>0x9e8f</run_address>
         <size>0xf</size>
         <input_file_ref idref="fl-16"/>
      </object_component>
      <object_component id="oc-df">
         <name>.text:_Interrupt_disableMaster</name>
         <load_address>0x9e9e</load_address>
         <run_address>0x9e9e</run_address>
         <size>0xd</size>
         <input_file_ref idref="fl-1e"/>
      </object_component>
      <object_component id="oc-ed">
         <name>.text:_Fapi_checkFsmForReady</name>
         <load_address>0x9eab</load_address>
         <run_address>0x9eab</run_address>
         <size>0xb</size>
         <input_file_ref idref="fl-17"/>
      </object_component>
      <object_component id="oc-e6">
         <name>.text:_SysCtl_isMCDClockFailureDetected</name>
         <load_address>0x9eb6</load_address>
         <run_address>0x9eb6</run_address>
         <size>0xb</size>
         <input_file_ref idref="fl-20"/>
      </object_component>
      <object_component id="oc-f4">
         <name>.text:__Fapi_calculateOtpChecksum</name>
         <load_address>0x9ec1</load_address>
         <run_address>0x9ec1</run_address>
         <size>0xb</size>
         <input_file_ref idref="fl-16"/>
      </object_component>
      <object_component id="oc-e4">
         <name>.text</name>
         <load_address>0x9ecc</load_address>
         <run_address>0x9ecc</run_address>
         <size>0x9</size>
         <input_file_ref idref="fl-33"/>
      </object_component>
      <object_component id="oc-111">
         <name>.text:_SysCtl_resetMCD</name>
         <load_address>0x9ed5</load_address>
         <run_address>0x9ed5</run_address>
         <size>0x7</size>
         <input_file_ref idref="fl-20"/>
      </object_component>
      <object_component id="oc-10f">
         <name>.text:_Fapi_serviceWatchdogTimer</name>
         <load_address>0x9edc</load_address>
         <run_address>0x9edc</run_address>
         <size>0x2</size>
         <input_file_ref idref="fl-14"/>
      </object_component>
      <object_component id="oc-e2">
         <name>.text:_Interrupt_illegalOperationHandler</name>
         <load_address>0x9ede</load_address>
         <run_address>0x9ede</run_address>
         <size>0x2</size>
         <input_file_ref idref="fl-1e"/>
      </object_component>
      <object_component id="oc-e1">
         <name>.text:_Interrupt_nmiHandler</name>
         <load_address>0x9ee0</load_address>
         <run_address>0x9ee0</run_address>
         <size>0x2</size>
         <input_file_ref idref="fl-1e"/>
      </object_component>
      <object_component id="oc-c0">
         <name>.text</name>
         <load_address>0x9ee2</load_address>
         <run_address>0x9ee2</run_address>
         <size>0x2</size>
         <input_file_ref idref="fl-30"/>
      </object_component>
      <object_component id="oc-107">
         <name>.cinit:_erasedAlready</name>
         <load_address>0xf4</load_address>
         <run_address>0xf4</run_address>
         <size>0x23</size>
         <input_file_ref idref="fl-2"/>
      </object_component>
      <object_component id="oc-af">
         <name>.cinit</name>
         <load_address>0x117</load_address>
         <run_address>0x117</run_address>
         <size>0xe</size>
         <input_file_ref idref="fl-32"/>
      </object_component>
      <object_component id="oc-3b">
         <name>.cinit</name>
         <load_address>0x125</load_address>
         <run_address>0x125</run_address>
         <size>0xa</size>
         <input_file_ref idref="fl-9"/>
      </object_component>
      <object_component id="oc-ce">
         <name>.cinit:__lock</name>
         <load_address>0x12f</load_address>
         <run_address>0x12f</run_address>
         <size>0x5</size>
         <input_file_ref idref="fl-33"/>
      </object_component>
      <object_component id="oc-e5">
         <name>.cinit:__unlock</name>
         <load_address>0x134</load_address>
         <run_address>0x134</run_address>
         <size>0x5</size>
         <input_file_ref idref="fl-33"/>
      </object_component>
      <object_component id="oc-90">
         <name>.reset</name>
         <load_address>0x3fffc0</load_address>
         <run_address>0x3fffc0</run_address>
         <size>0x2</size>
         <input_file_ref idref="fl-2c"/>
      </object_component>
      <object_component id="oc-19">
         <name>.stack</name>
         <uninitialized>true</uninitialized>
         <run_address>0x400</run_address>
         <size>0x0</size>
         <input_file_ref idref="fl-3"/>
      </object_component>
      <object_component id="oc-8f">
         <name>.stack</name>
         <uninitialized>true</uninitialized>
         <run_address>0x400</run_address>
         <size>0x0</size>
         <input_file_ref idref="fl-2c"/>
      </object_component>
      <object_component id="oc-130">
         <name>.stack</name>
         <uninitialized>true</uninitialized>
         <run_address>0x400</run_address>
         <size>0x0</size>
      </object_component>
      <object_component id="oc-13">
         <name>.ebss</name>
         <uninitialized>true</uninitialized>
         <run_address>0xac64</run_address>
         <size>0x2</size>
         <input_file_ref idref="fl-2"/>
      </object_component>
      <object_component id="oc-106">
         <name>.ebss:_erasedAlready</name>
         <uninitialized>true</uninitialized>
         <run_address>0xac40</run_address>
         <size>0x20</size>
         <input_file_ref idref="fl-2"/>
      </object_component>
      <object_component id="oc-29">
         <name>.ebss</name>
         <uninitialized>true</uninitialized>
         <run_address>0xac30</run_address>
         <size>0x6</size>
         <input_file_ref idref="fl-6"/>
      </object_component>
      <object_component id="oc-3c">
         <name>.ebss</name>
         <uninitialized>true</uninitialized>
         <run_address>0xac3c</run_address>
         <size>0x4</size>
         <input_file_ref idref="fl-9"/>
      </object_component>
      <object_component id="oc-5c">
         <name>.ebss</name>
         <uninitialized>true</uninitialized>
         <run_address>0xac26</run_address>
         <size>0xa</size>
         <input_file_ref idref="fl-15"/>
      </object_component>
      <object_component id="oc-b0">
         <name>.ebss</name>
         <uninitialized>true</uninitialized>
         <run_address>0xac36</run_address>
         <size>0x6</size>
         <input_file_ref idref="fl-32"/>
      </object_component>
      <object_component id="oc-cd">
         <name>.ebss:__lock</name>
         <uninitialized>true</uninitialized>
         <run_address>0xac60</run_address>
         <size>0x2</size>
         <input_file_ref idref="fl-33"/>
      </object_component>
      <object_component id="oc-f6">
         <name>.ebss:__unlock</name>
         <uninitialized>true</uninitialized>
         <run_address>0xac62</run_address>
         <size>0x2</size>
         <input_file_ref idref="fl-33"/>
      </object_component>
      <object_component id="oc-76">
         <name>.econst:.string</name>
         <load_address>0xa800</load_address>
         <run_address>0xa800</run_address>
         <size>0xef</size>
         <input_file_ref idref="fl-1d"/>
      </object_component>
      <object_component id="oc-89">
         <name>.econst:.string</name>
         <load_address>0xa8f0</load_address>
         <run_address>0xa8f0</run_address>
         <size>0xef</size>
         <input_file_ref idref="fl-20"/>
      </object_component>
      <object_component id="oc-82">
         <name>.econst:.string</name>
         <load_address>0xa9e0</load_address>
         <run_address>0xa9e0</run_address>
         <size>0xec</size>
         <input_file_ref idref="fl-1f"/>
      </object_component>
      <object_component id="oc-7c">
         <name>.econst:.string</name>
         <load_address>0xaacc</load_address>
         <run_address>0xaacc</run_address>
         <size>0x7c</size>
         <input_file_ref idref="fl-1e"/>
      </object_component>
      <object_component id="oc-30">
         <name>.econst:.string</name>
         <load_address>0xab48</load_address>
         <run_address>0xab48</run_address>
         <size>0x45</size>
         <input_file_ref idref="fl-7"/>
      </object_component>
      <object_component id="oc-2a">
         <name>.econst:.string</name>
         <load_address>0xab8e</load_address>
         <run_address>0xab8e</run_address>
         <size>0x43</size>
         <input_file_ref idref="fl-6"/>
      </object_component>
      <object_component id="oc-eb">
         <name>.econst:_sectAddress</name>
         <load_address>0xabd2</load_address>
         <run_address>0xabd2</run_address>
         <size>0x40</size>
         <input_file_ref idref="fl-4"/>
      </object_component>
      <object_component id="oc-3d">
         <name>.econst:.string</name>
         <load_address>0xac12</load_address>
         <run_address>0xac12</run_address>
         <size>0x13</size>
         <input_file_ref idref="fl-9"/>
      </object_component>
      <object_component id="oc-12">
         <name>.debug_info</name>
         <load_address>0x0</load_address>
         <run_address>0x0</run_address>
         <size>0xff1</size>
         <input_file_ref idref="fl-2"/>
      </object_component>
      <object_component id="oc-1b">
         <name>.debug_info</name>
         <load_address>0xff1</load_address>
         <run_address>0xff1</run_address>
         <size>0x149</size>
         <input_file_ref idref="fl-3"/>
      </object_component>
      <object_component id="oc-1e">
         <name>.debug_info</name>
         <load_address>0x113a</load_address>
         <run_address>0x113a</run_address>
         <size>0xa07</size>
         <input_file_ref idref="fl-4"/>
      </object_component>
      <object_component id="oc-23">
         <name>.debug_info</name>
         <load_address>0x1b41</load_address>
         <run_address>0x1b41</run_address>
         <size>0x5b5</size>
         <input_file_ref idref="fl-5"/>
      </object_component>
      <object_component id="oc-28">
         <name>.debug_info</name>
         <load_address>0x20f6</load_address>
         <run_address>0x20f6</run_address>
         <size>0x3101</size>
         <input_file_ref idref="fl-6"/>
      </object_component>
      <object_component id="oc-2f">
         <name>.debug_info</name>
         <load_address>0x51f7</load_address>
         <run_address>0x51f7</run_address>
         <size>0xd3a5</size>
         <input_file_ref idref="fl-7"/>
      </object_component>
      <object_component id="oc-35">
         <name>.debug_info</name>
         <load_address>0x1259c</load_address>
         <run_address>0x1259c</run_address>
         <size>0xafc</size>
         <input_file_ref idref="fl-8"/>
      </object_component>
      <object_component id="oc-3a">
         <name>.debug_info</name>
         <load_address>0x13098</load_address>
         <run_address>0x13098</run_address>
         <size>0x1ecb</size>
         <input_file_ref idref="fl-9"/>
      </object_component>
      <object_component id="oc-42">
         <name>.debug_info</name>
         <load_address>0x14f63</load_address>
         <run_address>0x14f63</run_address>
         <size>0xd0b2</size>
         <input_file_ref idref="fl-10"/>
      </object_component>
      <object_component id="oc-47">
         <name>.debug_info</name>
         <load_address>0x22015</load_address>
         <run_address>0x22015</run_address>
         <size>0xd164</size>
         <input_file_ref idref="fl-11"/>
      </object_component>
      <object_component id="oc-4c">
         <name>.debug_info</name>
         <load_address>0x2f179</load_address>
         <run_address>0x2f179</run_address>
         <size>0xd660</size>
         <input_file_ref idref="fl-12"/>
      </object_component>
      <object_component id="oc-51">
         <name>.debug_info</name>
         <load_address>0x3c7d9</load_address>
         <run_address>0x3c7d9</run_address>
         <size>0xa23</size>
         <input_file_ref idref="fl-13"/>
      </object_component>
      <object_component id="oc-56">
         <name>.debug_info</name>
         <load_address>0x3d1fc</load_address>
         <run_address>0x3d1fc</run_address>
         <size>0xe272</size>
         <input_file_ref idref="fl-14"/>
      </object_component>
      <object_component id="oc-5b">
         <name>.debug_info</name>
         <load_address>0x4b46e</load_address>
         <run_address>0x4b46e</run_address>
         <size>0xcf1e</size>
         <input_file_ref idref="fl-15"/>
      </object_component>
      <object_component id="oc-61">
         <name>.debug_info</name>
         <load_address>0x5838c</load_address>
         <run_address>0x5838c</run_address>
         <size>0xd4e7</size>
         <input_file_ref idref="fl-16"/>
      </object_component>
      <object_component id="oc-66">
         <name>.debug_info</name>
         <load_address>0x65873</load_address>
         <run_address>0x65873</run_address>
         <size>0xd021</size>
         <input_file_ref idref="fl-17"/>
      </object_component>
      <object_component id="oc-6b">
         <name>.debug_info</name>
         <load_address>0x72894</load_address>
         <run_address>0x72894</run_address>
         <size>0xd6d3</size>
         <input_file_ref idref="fl-18"/>
      </object_component>
      <object_component id="oc-70">
         <name>.debug_info</name>
         <load_address>0x7ff67</load_address>
         <run_address>0x7ff67</run_address>
         <size>0xcf2</size>
         <input_file_ref idref="fl-1c"/>
      </object_component>
      <object_component id="oc-75">
         <name>.debug_info</name>
         <load_address>0x80c59</load_address>
         <run_address>0x80c59</run_address>
         <size>0x13d3</size>
         <input_file_ref idref="fl-1d"/>
      </object_component>
      <object_component id="oc-7b">
         <name>.debug_info</name>
         <load_address>0x8202c</load_address>
         <run_address>0x8202c</run_address>
         <size>0xc52</size>
         <input_file_ref idref="fl-1e"/>
      </object_component>
      <object_component id="oc-81">
         <name>.debug_info</name>
         <load_address>0x82c7e</load_address>
         <run_address>0x82c7e</run_address>
         <size>0xeb3</size>
         <input_file_ref idref="fl-1f"/>
      </object_component>
      <object_component id="oc-87">
         <name>.debug_info</name>
         <load_address>0x83b31</load_address>
         <run_address>0x83b31</run_address>
         <size>0x363d</size>
         <input_file_ref idref="fl-20"/>
      </object_component>
      <object_component id="oc-91">
         <name>.debug_info</name>
         <load_address>0x8716e</load_address>
         <run_address>0x8716e</run_address>
         <size>0x173</size>
         <input_file_ref idref="fl-2c"/>
      </object_component>
      <object_component id="oc-96">
         <name>.debug_info</name>
         <load_address>0x872e1</load_address>
         <run_address>0x872e1</run_address>
         <size>0x114</size>
         <input_file_ref idref="fl-2d"/>
      </object_component>
      <object_component id="oc-9a">
         <name>.debug_info</name>
         <load_address>0x873f5</load_address>
         <run_address>0x873f5</run_address>
         <size>0x561</size>
         <input_file_ref idref="fl-2e"/>
      </object_component>
      <object_component id="oc-9f">
         <name>.debug_info</name>
         <load_address>0x87956</load_address>
         <run_address>0x87956</run_address>
         <size>0x43a</size>
         <input_file_ref idref="fl-2f"/>
      </object_component>
      <object_component id="oc-a4">
         <name>.debug_info</name>
         <load_address>0x87d90</load_address>
         <run_address>0x87d90</run_address>
         <size>0x3ad</size>
         <input_file_ref idref="fl-30"/>
      </object_component>
      <object_component id="oc-a9">
         <name>.debug_info</name>
         <load_address>0x8813d</load_address>
         <run_address>0x8813d</run_address>
         <size>0x3aa</size>
         <input_file_ref idref="fl-31"/>
      </object_component>
      <object_component id="oc-ae">
         <name>.debug_info</name>
         <load_address>0x884e7</load_address>
         <run_address>0x884e7</run_address>
         <size>0x544</size>
         <input_file_ref idref="fl-32"/>
      </object_component>
      <object_component id="oc-b5">
         <name>.debug_info</name>
         <load_address>0x88a2b</load_address>
         <run_address>0x88a2b</run_address>
         <size>0x4cc</size>
         <input_file_ref idref="fl-33"/>
      </object_component>
      <object_component id="oc-ba">
         <name>.debug_info</name>
         <load_address>0x88ef7</load_address>
         <run_address>0x88ef7</run_address>
         <size>0x467</size>
         <input_file_ref idref="fl-34"/>
      </object_component>
      <object_component id="oc-135">
         <name>.debug_info</name>
         <load_address>0x8935e</load_address>
         <run_address>0x8935e</run_address>
         <size>0xa7</size>
      </object_component>
      <object_component id="oc-14">
         <name>.debug_frame</name>
         <load_address>0x0</load_address>
         <run_address>0x0</run_address>
         <size>0xcc</size>
         <input_file_ref idref="fl-2"/>
      </object_component>
      <object_component id="oc-1f">
         <name>.debug_frame</name>
         <load_address>0xcc</load_address>
         <run_address>0xcc</run_address>
         <size>0x44</size>
         <input_file_ref idref="fl-4"/>
      </object_component>
      <object_component id="oc-24">
         <name>.debug_frame</name>
         <load_address>0x110</load_address>
         <run_address>0x110</run_address>
         <size>0x44</size>
         <input_file_ref idref="fl-5"/>
      </object_component>
      <object_component id="oc-2b">
         <name>.debug_frame</name>
         <load_address>0x154</load_address>
         <run_address>0x154</run_address>
         <size>0x340</size>
         <input_file_ref idref="fl-6"/>
      </object_component>
      <object_component id="oc-31">
         <name>.debug_frame</name>
         <load_address>0x494</load_address>
         <run_address>0x494</run_address>
         <size>0xd0</size>
         <input_file_ref idref="fl-7"/>
      </object_component>
      <object_component id="oc-36">
         <name>.debug_frame</name>
         <load_address>0x564</load_address>
         <run_address>0x564</run_address>
         <size>0x58</size>
         <input_file_ref idref="fl-8"/>
      </object_component>
      <object_component id="oc-3e">
         <name>.debug_frame</name>
         <load_address>0x5bc</load_address>
         <run_address>0x5bc</run_address>
         <size>0x12c</size>
         <input_file_ref idref="fl-9"/>
      </object_component>
      <object_component id="oc-43">
         <name>.debug_frame</name>
         <load_address>0xe8c</load_address>
         <run_address>0xe8c</run_address>
         <size>0x4a</size>
         <input_file_ref idref="fl-10"/>
      </object_component>
      <object_component id="oc-48">
         <name>.debug_frame</name>
         <load_address>0xed6</load_address>
         <run_address>0xed6</run_address>
         <size>0x4a</size>
         <input_file_ref idref="fl-11"/>
      </object_component>
      <object_component id="oc-4d">
         <name>.debug_frame</name>
         <load_address>0xf20</load_address>
         <run_address>0xf20</run_address>
         <size>0x81</size>
         <input_file_ref idref="fl-12"/>
      </object_component>
      <object_component id="oc-52">
         <name>.debug_frame</name>
         <load_address>0xfa1</load_address>
         <run_address>0xfa1</run_address>
         <size>0x49</size>
         <input_file_ref idref="fl-13"/>
      </object_component>
      <object_component id="oc-57">
         <name>.debug_frame</name>
         <load_address>0xfea</load_address>
         <run_address>0xfea</run_address>
         <size>0xe5</size>
         <input_file_ref idref="fl-14"/>
      </object_component>
      <object_component id="oc-5d">
         <name>.debug_frame</name>
         <load_address>0x10cf</load_address>
         <run_address>0x10cf</run_address>
         <size>0x4a</size>
         <input_file_ref idref="fl-15"/>
      </object_component>
      <object_component id="oc-62">
         <name>.debug_frame</name>
         <load_address>0x1119</load_address>
         <run_address>0x1119</run_address>
         <size>0x9a</size>
         <input_file_ref idref="fl-16"/>
      </object_component>
      <object_component id="oc-67">
         <name>.debug_frame</name>
         <load_address>0x11b3</load_address>
         <run_address>0x11b3</run_address>
         <size>0x5e</size>
         <input_file_ref idref="fl-17"/>
      </object_component>
      <object_component id="oc-6c">
         <name>.debug_frame</name>
         <load_address>0x1211</load_address>
         <run_address>0x1211</run_address>
         <size>0x4b</size>
         <input_file_ref idref="fl-18"/>
      </object_component>
      <object_component id="oc-71">
         <name>.debug_frame</name>
         <load_address>0x6e8</load_address>
         <run_address>0x6e8</run_address>
         <size>0x60</size>
         <input_file_ref idref="fl-1c"/>
      </object_component>
      <object_component id="oc-77">
         <name>.debug_frame</name>
         <load_address>0x748</load_address>
         <run_address>0x748</run_address>
         <size>0xec</size>
         <input_file_ref idref="fl-1d"/>
      </object_component>
      <object_component id="oc-7d">
         <name>.debug_frame</name>
         <load_address>0x834</load_address>
         <run_address>0x834</run_address>
         <size>0xbc</size>
         <input_file_ref idref="fl-1e"/>
      </object_component>
      <object_component id="oc-83">
         <name>.debug_frame</name>
         <load_address>0x8f0</load_address>
         <run_address>0x8f0</run_address>
         <size>0xb4</size>
         <input_file_ref idref="fl-1f"/>
      </object_component>
      <object_component id="oc-8a">
         <name>.debug_frame</name>
         <load_address>0x9a4</load_address>
         <run_address>0x9a4</run_address>
         <size>0x2b8</size>
         <input_file_ref idref="fl-20"/>
      </object_component>
      <object_component id="oc-9b">
         <name>.debug_frame</name>
         <load_address>0xc5c</load_address>
         <run_address>0xc5c</run_address>
         <size>0x60</size>
         <input_file_ref idref="fl-2e"/>
      </object_component>
      <object_component id="oc-a0">
         <name>.debug_frame</name>
         <load_address>0xcbc</load_address>
         <run_address>0xcbc</run_address>
         <size>0x40</size>
         <input_file_ref idref="fl-2f"/>
      </object_component>
      <object_component id="oc-a5">
         <name>.debug_frame</name>
         <load_address>0xcfc</load_address>
         <run_address>0xcfc</run_address>
         <size>0x40</size>
         <input_file_ref idref="fl-30"/>
      </object_component>
      <object_component id="oc-aa">
         <name>.debug_frame</name>
         <load_address>0xd3c</load_address>
         <run_address>0xd3c</run_address>
         <size>0x40</size>
         <input_file_ref idref="fl-31"/>
      </object_component>
      <object_component id="oc-b1">
         <name>.debug_frame</name>
         <load_address>0xd7c</load_address>
         <run_address>0xd7c</run_address>
         <size>0x60</size>
         <input_file_ref idref="fl-32"/>
      </object_component>
      <object_component id="oc-b6">
         <name>.debug_frame</name>
         <load_address>0xddc</load_address>
         <run_address>0xddc</run_address>
         <size>0x70</size>
         <input_file_ref idref="fl-33"/>
      </object_component>
      <object_component id="oc-bb">
         <name>.debug_frame</name>
         <load_address>0xe4c</load_address>
         <run_address>0xe4c</run_address>
         <size>0x40</size>
         <input_file_ref idref="fl-34"/>
      </object_component>
      <object_component id="oc-15">
         <name>.debug_line</name>
         <load_address>0x0</load_address>
         <run_address>0x0</run_address>
         <size>0x3db</size>
         <input_file_ref idref="fl-2"/>
      </object_component>
      <object_component id="oc-1a">
         <name>.debug_line</name>
         <load_address>0x3db</load_address>
         <run_address>0x3db</run_address>
         <size>0x81</size>
         <input_file_ref idref="fl-3"/>
      </object_component>
      <object_component id="oc-20">
         <name>.debug_line</name>
         <load_address>0x45c</load_address>
         <run_address>0x45c</run_address>
         <size>0x94</size>
         <input_file_ref idref="fl-4"/>
      </object_component>
      <object_component id="oc-25">
         <name>.debug_line</name>
         <load_address>0x4f0</load_address>
         <run_address>0x4f0</run_address>
         <size>0x7e</size>
         <input_file_ref idref="fl-5"/>
      </object_component>
      <object_component id="oc-2c">
         <name>.debug_line</name>
         <load_address>0x56e</load_address>
         <run_address>0x56e</run_address>
         <size>0x596</size>
         <input_file_ref idref="fl-6"/>
      </object_component>
      <object_component id="oc-32">
         <name>.debug_line</name>
         <load_address>0xb04</load_address>
         <run_address>0xb04</run_address>
         <size>0x145</size>
         <input_file_ref idref="fl-7"/>
      </object_component>
      <object_component id="oc-37">
         <name>.debug_line</name>
         <load_address>0xc49</load_address>
         <run_address>0xc49</run_address>
         <size>0x1aa</size>
         <input_file_ref idref="fl-8"/>
      </object_component>
      <object_component id="oc-3f">
         <name>.debug_line</name>
         <load_address>0xdf3</load_address>
         <run_address>0xdf3</run_address>
         <size>0x282</size>
         <input_file_ref idref="fl-9"/>
      </object_component>
      <object_component id="oc-44">
         <name>.debug_line</name>
         <load_address>0x1075</load_address>
         <run_address>0x1075</run_address>
         <size>0xc2</size>
         <input_file_ref idref="fl-10"/>
      </object_component>
      <object_component id="oc-49">
         <name>.debug_line</name>
         <load_address>0x1137</load_address>
         <run_address>0x1137</run_address>
         <size>0xbe</size>
         <input_file_ref idref="fl-11"/>
      </object_component>
      <object_component id="oc-4e">
         <name>.debug_line</name>
         <load_address>0x11f5</load_address>
         <run_address>0x11f5</run_address>
         <size>0x16e</size>
         <input_file_ref idref="fl-12"/>
      </object_component>
      <object_component id="oc-53">
         <name>.debug_line</name>
         <load_address>0x1363</load_address>
         <run_address>0x1363</run_address>
         <size>0x9b</size>
         <input_file_ref idref="fl-13"/>
      </object_component>
      <object_component id="oc-58">
         <name>.debug_line</name>
         <load_address>0x13fe</load_address>
         <run_address>0x13fe</run_address>
         <size>0x1dd</size>
         <input_file_ref idref="fl-14"/>
      </object_component>
      <object_component id="oc-5e">
         <name>.debug_line</name>
         <load_address>0x15db</load_address>
         <run_address>0x15db</run_address>
         <size>0x9f</size>
         <input_file_ref idref="fl-15"/>
      </object_component>
      <object_component id="oc-63">
         <name>.debug_line</name>
         <load_address>0x167a</load_address>
         <run_address>0x167a</run_address>
         <size>0x117</size>
         <input_file_ref idref="fl-16"/>
      </object_component>
      <object_component id="oc-68">
         <name>.debug_line</name>
         <load_address>0x1791</load_address>
         <run_address>0x1791</run_address>
         <size>0xd3</size>
         <input_file_ref idref="fl-17"/>
      </object_component>
      <object_component id="oc-6d">
         <name>.debug_line</name>
         <load_address>0x1864</load_address>
         <run_address>0x1864</run_address>
         <size>0x210</size>
         <input_file_ref idref="fl-18"/>
      </object_component>
      <object_component id="oc-72">
         <name>.debug_line</name>
         <load_address>0x1a74</load_address>
         <run_address>0x1a74</run_address>
         <size>0x18c</size>
         <input_file_ref idref="fl-1c"/>
      </object_component>
      <object_component id="oc-78">
         <name>.debug_line</name>
         <load_address>0x1c00</load_address>
         <run_address>0x1c00</run_address>
         <size>0x2c5</size>
         <input_file_ref idref="fl-1d"/>
      </object_component>
      <object_component id="oc-7e">
         <name>.debug_line</name>
         <load_address>0x1ec5</load_address>
         <run_address>0x1ec5</run_address>
         <size>0x1ea</size>
         <input_file_ref idref="fl-1e"/>
      </object_component>
      <object_component id="oc-84">
         <name>.debug_line</name>
         <load_address>0x20af</load_address>
         <run_address>0x20af</run_address>
         <size>0x1b8</size>
         <input_file_ref idref="fl-1f"/>
      </object_component>
      <object_component id="oc-8b">
         <name>.debug_line</name>
         <load_address>0x2267</load_address>
         <run_address>0x2267</run_address>
         <size>0x627</size>
         <input_file_ref idref="fl-20"/>
      </object_component>
      <object_component id="oc-92">
         <name>.debug_line</name>
         <load_address>0x288e</load_address>
         <run_address>0x288e</run_address>
         <size>0x7e</size>
         <input_file_ref idref="fl-2c"/>
      </object_component>
      <object_component id="oc-97">
         <name>.debug_line</name>
         <load_address>0x290c</load_address>
         <run_address>0x290c</run_address>
         <size>0xad</size>
         <input_file_ref idref="fl-2d"/>
      </object_component>
      <object_component id="oc-9c">
         <name>.debug_line</name>
         <load_address>0x29b9</load_address>
         <run_address>0x29b9</run_address>
         <size>0x50</size>
         <input_file_ref idref="fl-2e"/>
      </object_component>
      <object_component id="oc-a1">
         <name>.debug_line</name>
         <load_address>0x2a09</load_address>
         <run_address>0x2a09</run_address>
         <size>0x62</size>
         <input_file_ref idref="fl-2f"/>
      </object_component>
      <object_component id="oc-a6">
         <name>.debug_line</name>
         <load_address>0x2a6b</load_address>
         <run_address>0x2a6b</run_address>
         <size>0x3e</size>
         <input_file_ref idref="fl-30"/>
      </object_component>
      <object_component id="oc-ab">
         <name>.debug_line</name>
         <load_address>0x2aa9</load_address>
         <run_address>0x2aa9</run_address>
         <size>0x3a</size>
         <input_file_ref idref="fl-31"/>
      </object_component>
      <object_component id="oc-b2">
         <name>.debug_line</name>
         <load_address>0x2ae3</load_address>
         <run_address>0x2ae3</run_address>
         <size>0x65</size>
         <input_file_ref idref="fl-32"/>
      </object_component>
      <object_component id="oc-b7">
         <name>.debug_line</name>
         <load_address>0x2b48</load_address>
         <run_address>0x2b48</run_address>
         <size>0x5e</size>
         <input_file_ref idref="fl-33"/>
      </object_component>
      <object_component id="oc-bc">
         <name>.debug_line</name>
         <load_address>0x2ba6</load_address>
         <run_address>0x2ba6</run_address>
         <size>0x4f</size>
         <input_file_ref idref="fl-34"/>
      </object_component>
      <object_component id="oc-16">
         <name>.debug_abbrev</name>
         <load_address>0x0</load_address>
         <run_address>0x0</run_address>
         <size>0x1be</size>
         <input_file_ref idref="fl-2"/>
      </object_component>
      <object_component id="oc-1c">
         <name>.debug_abbrev</name>
         <load_address>0x1be</load_address>
         <run_address>0x1be</run_address>
         <size>0x4d</size>
         <input_file_ref idref="fl-3"/>
      </object_component>
      <object_component id="oc-21">
         <name>.debug_abbrev</name>
         <load_address>0x20b</load_address>
         <run_address>0x20b</run_address>
         <size>0x142</size>
         <input_file_ref idref="fl-4"/>
      </object_component>
      <object_component id="oc-26">
         <name>.debug_abbrev</name>
         <load_address>0x34d</load_address>
         <run_address>0x34d</run_address>
         <size>0xf3</size>
         <input_file_ref idref="fl-5"/>
      </object_component>
      <object_component id="oc-2d">
         <name>.debug_abbrev</name>
         <load_address>0x440</load_address>
         <run_address>0x440</run_address>
         <size>0x227</size>
         <input_file_ref idref="fl-6"/>
      </object_component>
      <object_component id="oc-33">
         <name>.debug_abbrev</name>
         <load_address>0x667</load_address>
         <run_address>0x667</run_address>
         <size>0x1cf</size>
         <input_file_ref idref="fl-7"/>
      </object_component>
      <object_component id="oc-38">
         <name>.debug_abbrev</name>
         <load_address>0x836</load_address>
         <run_address>0x836</run_address>
         <size>0x150</size>
         <input_file_ref idref="fl-8"/>
      </object_component>
      <object_component id="oc-40">
         <name>.debug_abbrev</name>
         <load_address>0x986</load_address>
         <run_address>0x986</run_address>
         <size>0x160</size>
         <input_file_ref idref="fl-9"/>
      </object_component>
      <object_component id="oc-45">
         <name>.debug_abbrev</name>
         <load_address>0xae6</load_address>
         <run_address>0xae6</run_address>
         <size>0x14e</size>
         <input_file_ref idref="fl-10"/>
      </object_component>
      <object_component id="oc-4a">
         <name>.debug_abbrev</name>
         <load_address>0xc34</load_address>
         <run_address>0xc34</run_address>
         <size>0x15c</size>
         <input_file_ref idref="fl-11"/>
      </object_component>
      <object_component id="oc-4f">
         <name>.debug_abbrev</name>
         <load_address>0xd90</load_address>
         <run_address>0xd90</run_address>
         <size>0x1e2</size>
         <input_file_ref idref="fl-12"/>
      </object_component>
      <object_component id="oc-54">
         <name>.debug_abbrev</name>
         <load_address>0xf72</load_address>
         <run_address>0xf72</run_address>
         <size>0x104</size>
         <input_file_ref idref="fl-13"/>
      </object_component>
      <object_component id="oc-59">
         <name>.debug_abbrev</name>
         <load_address>0x1076</load_address>
         <run_address>0x1076</run_address>
         <size>0x1a7</size>
         <input_file_ref idref="fl-14"/>
      </object_component>
      <object_component id="oc-5f">
         <name>.debug_abbrev</name>
         <load_address>0x121d</load_address>
         <run_address>0x121d</run_address>
         <size>0x135</size>
         <input_file_ref idref="fl-15"/>
      </object_component>
      <object_component id="oc-64">
         <name>.debug_abbrev</name>
         <load_address>0x1352</load_address>
         <run_address>0x1352</run_address>
         <size>0x14c</size>
         <input_file_ref idref="fl-16"/>
      </object_component>
      <object_component id="oc-69">
         <name>.debug_abbrev</name>
         <load_address>0x149e</load_address>
         <run_address>0x149e</run_address>
         <size>0x127</size>
         <input_file_ref idref="fl-17"/>
      </object_component>
      <object_component id="oc-6e">
         <name>.debug_abbrev</name>
         <load_address>0x15c5</load_address>
         <run_address>0x15c5</run_address>
         <size>0x177</size>
         <input_file_ref idref="fl-18"/>
      </object_component>
      <object_component id="oc-73">
         <name>.debug_abbrev</name>
         <load_address>0x173c</load_address>
         <run_address>0x173c</run_address>
         <size>0x17e</size>
         <input_file_ref idref="fl-1c"/>
      </object_component>
      <object_component id="oc-79">
         <name>.debug_abbrev</name>
         <load_address>0x18ba</load_address>
         <run_address>0x18ba</run_address>
         <size>0x1c8</size>
         <input_file_ref idref="fl-1d"/>
      </object_component>
      <object_component id="oc-7f">
         <name>.debug_abbrev</name>
         <load_address>0x1a82</load_address>
         <run_address>0x1a82</run_address>
         <size>0x19c</size>
         <input_file_ref idref="fl-1e"/>
      </object_component>
      <object_component id="oc-85">
         <name>.debug_abbrev</name>
         <load_address>0x1c1e</load_address>
         <run_address>0x1c1e</run_address>
         <size>0x19d</size>
         <input_file_ref idref="fl-1f"/>
      </object_component>
      <object_component id="oc-8c">
         <name>.debug_abbrev</name>
         <load_address>0x1dbb</load_address>
         <run_address>0x1dbb</run_address>
         <size>0x1e6</size>
         <input_file_ref idref="fl-20"/>
      </object_component>
      <object_component id="oc-93">
         <name>.debug_abbrev</name>
         <load_address>0x1fa1</load_address>
         <run_address>0x1fa1</run_address>
         <size>0x46</size>
         <input_file_ref idref="fl-2c"/>
      </object_component>
      <object_component id="oc-98">
         <name>.debug_abbrev</name>
         <load_address>0x1fe7</load_address>
         <run_address>0x1fe7</run_address>
         <size>0x38</size>
         <input_file_ref idref="fl-2d"/>
      </object_component>
      <object_component id="oc-9d">
         <name>.debug_abbrev</name>
         <load_address>0x201f</load_address>
         <run_address>0x201f</run_address>
         <size>0xe3</size>
         <input_file_ref idref="fl-2e"/>
      </object_component>
      <object_component id="oc-a2">
         <name>.debug_abbrev</name>
         <load_address>0x2102</load_address>
         <run_address>0x2102</run_address>
         <size>0xa8</size>
         <input_file_ref idref="fl-2f"/>
      </object_component>
      <object_component id="oc-a7">
         <name>.debug_abbrev</name>
         <load_address>0x21aa</load_address>
         <run_address>0x21aa</run_address>
         <size>0x68</size>
         <input_file_ref idref="fl-30"/>
      </object_component>
      <object_component id="oc-ac">
         <name>.debug_abbrev</name>
         <load_address>0x2212</load_address>
         <run_address>0x2212</run_address>
         <size>0x66</size>
         <input_file_ref idref="fl-31"/>
      </object_component>
      <object_component id="oc-b3">
         <name>.debug_abbrev</name>
         <load_address>0x2278</load_address>
         <run_address>0x2278</run_address>
         <size>0x130</size>
         <input_file_ref idref="fl-32"/>
      </object_component>
      <object_component id="oc-b8">
         <name>.debug_abbrev</name>
         <load_address>0x23a8</load_address>
         <run_address>0x23a8</run_address>
         <size>0xb2</size>
         <input_file_ref idref="fl-33"/>
      </object_component>
      <object_component id="oc-bd">
         <name>.debug_abbrev</name>
         <load_address>0x245a</load_address>
         <run_address>0x245a</run_address>
         <size>0xee</size>
         <input_file_ref idref="fl-34"/>
      </object_component>
      <object_component id="oc-136">
         <name>.debug_abbrev</name>
         <load_address>0x2548</load_address>
         <run_address>0x2548</run_address>
         <size>0xf</size>
      </object_component>
      <object_component id="oc-17">
         <name>.debug_aranges</name>
         <load_address>0x0</load_address>
         <run_address>0x0</run_address>
         <size>0x40</size>
         <input_file_ref idref="fl-2"/>
      </object_component>
      <object_component id="oc-1d">
         <name>.debug_aranges</name>
         <load_address>0x40</load_address>
         <run_address>0x40</run_address>
         <size>0x28</size>
         <input_file_ref idref="fl-3"/>
      </object_component>
      <object_component id="oc-22">
         <name>.debug_aranges</name>
         <load_address>0x68</load_address>
         <run_address>0x68</run_address>
         <size>0x20</size>
         <input_file_ref idref="fl-4"/>
      </object_component>
      <object_component id="oc-27">
         <name>.debug_aranges</name>
         <load_address>0x88</load_address>
         <run_address>0x88</run_address>
         <size>0x20</size>
         <input_file_ref idref="fl-5"/>
      </object_component>
      <object_component id="oc-2e">
         <name>.debug_aranges</name>
         <load_address>0xa8</load_address>
         <run_address>0xa8</run_address>
         <size>0x100</size>
         <input_file_ref idref="fl-6"/>
      </object_component>
      <object_component id="oc-34">
         <name>.debug_aranges</name>
         <load_address>0x1a8</load_address>
         <run_address>0x1a8</run_address>
         <size>0x48</size>
         <input_file_ref idref="fl-7"/>
      </object_component>
      <object_component id="oc-39">
         <name>.debug_aranges</name>
         <load_address>0x1f0</load_address>
         <run_address>0x1f0</run_address>
         <size>0x20</size>
         <input_file_ref idref="fl-8"/>
      </object_component>
      <object_component id="oc-41">
         <name>.debug_aranges</name>
         <load_address>0x210</load_address>
         <run_address>0x210</run_address>
         <size>0x68</size>
         <input_file_ref idref="fl-9"/>
      </object_component>
      <object_component id="oc-46">
         <name>.debug_aranges</name>
         <load_address>0x278</load_address>
         <run_address>0x278</run_address>
         <size>0x20</size>
         <input_file_ref idref="fl-10"/>
      </object_component>
      <object_component id="oc-4b">
         <name>.debug_aranges</name>
         <load_address>0x298</load_address>
         <run_address>0x298</run_address>
         <size>0x20</size>
         <input_file_ref idref="fl-11"/>
      </object_component>
      <object_component id="oc-50">
         <name>.debug_aranges</name>
         <load_address>0x2b8</load_address>
         <run_address>0x2b8</run_address>
         <size>0x30</size>
         <input_file_ref idref="fl-12"/>
      </object_component>
      <object_component id="oc-55">
         <name>.debug_aranges</name>
         <load_address>0x2e8</load_address>
         <run_address>0x2e8</run_address>
         <size>0x20</size>
         <input_file_ref idref="fl-13"/>
      </object_component>
      <object_component id="oc-5a">
         <name>.debug_aranges</name>
         <load_address>0x308</load_address>
         <run_address>0x308</run_address>
         <size>0x50</size>
         <input_file_ref idref="fl-14"/>
      </object_component>
      <object_component id="oc-60">
         <name>.debug_aranges</name>
         <load_address>0x358</load_address>
         <run_address>0x358</run_address>
         <size>0x20</size>
         <input_file_ref idref="fl-15"/>
      </object_component>
      <object_component id="oc-65">
         <name>.debug_aranges</name>
         <load_address>0x378</load_address>
         <run_address>0x378</run_address>
         <size>0x38</size>
         <input_file_ref idref="fl-16"/>
      </object_component>
      <object_component id="oc-6a">
         <name>.debug_aranges</name>
         <load_address>0x3b0</load_address>
         <run_address>0x3b0</run_address>
         <size>0x28</size>
         <input_file_ref idref="fl-17"/>
      </object_component>
      <object_component id="oc-6f">
         <name>.debug_aranges</name>
         <load_address>0x3d8</load_address>
         <run_address>0x3d8</run_address>
         <size>0x20</size>
         <input_file_ref idref="fl-18"/>
      </object_component>
      <object_component id="oc-74">
         <name>.debug_aranges</name>
         <load_address>0x3f8</load_address>
         <run_address>0x3f8</run_address>
         <size>0x28</size>
         <input_file_ref idref="fl-1c"/>
      </object_component>
      <object_component id="oc-7a">
         <name>.debug_aranges</name>
         <load_address>0x420</load_address>
         <run_address>0x420</run_address>
         <size>0x50</size>
         <input_file_ref idref="fl-1d"/>
      </object_component>
      <object_component id="oc-80">
         <name>.debug_aranges</name>
         <load_address>0x470</load_address>
         <run_address>0x470</run_address>
         <size>0x48</size>
         <input_file_ref idref="fl-1e"/>
      </object_component>
      <object_component id="oc-86">
         <name>.debug_aranges</name>
         <load_address>0x4b8</load_address>
         <run_address>0x4b8</run_address>
         <size>0x40</size>
         <input_file_ref idref="fl-1f"/>
      </object_component>
      <object_component id="oc-8d">
         <name>.debug_aranges</name>
         <load_address>0x4f8</load_address>
         <run_address>0x4f8</run_address>
         <size>0xd8</size>
         <input_file_ref idref="fl-20"/>
      </object_component>
      <object_component id="oc-94">
         <name>.debug_aranges</name>
         <load_address>0x5d0</load_address>
         <run_address>0x5d0</run_address>
         <size>0x20</size>
         <input_file_ref idref="fl-2c"/>
      </object_component>
      <object_component id="oc-99">
         <name>.debug_aranges</name>
         <load_address>0x5f0</load_address>
         <run_address>0x5f0</run_address>
         <size>0x20</size>
         <input_file_ref idref="fl-2d"/>
      </object_component>
      <object_component id="oc-9e">
         <name>.debug_aranges</name>
         <load_address>0x610</load_address>
         <run_address>0x610</run_address>
         <size>0x20</size>
         <input_file_ref idref="fl-2e"/>
      </object_component>
      <object_component id="oc-a3">
         <name>.debug_aranges</name>
         <load_address>0x630</load_address>
         <run_address>0x630</run_address>
         <size>0x20</size>
         <input_file_ref idref="fl-2f"/>
      </object_component>
      <object_component id="oc-a8">
         <name>.debug_aranges</name>
         <load_address>0x650</load_address>
         <run_address>0x650</run_address>
         <size>0x20</size>
         <input_file_ref idref="fl-30"/>
      </object_component>
      <object_component id="oc-ad">
         <name>.debug_aranges</name>
         <load_address>0x670</load_address>
         <run_address>0x670</run_address>
         <size>0x20</size>
         <input_file_ref idref="fl-31"/>
      </object_component>
      <object_component id="oc-b4">
         <name>.debug_aranges</name>
         <load_address>0x690</load_address>
         <run_address>0x690</run_address>
         <size>0x28</size>
         <input_file_ref idref="fl-32"/>
      </object_component>
      <object_component id="oc-b9">
         <name>.debug_aranges</name>
         <load_address>0x6b8</load_address>
         <run_address>0x6b8</run_address>
         <size>0x30</size>
         <input_file_ref idref="fl-33"/>
      </object_component>
      <object_component id="oc-be">
         <name>.debug_aranges</name>
         <load_address>0x6e8</load_address>
         <run_address>0x6e8</run_address>
         <size>0x20</size>
         <input_file_ref idref="fl-34"/>
      </object_component>
   </object_component_list>
   <logical_group_list>
      <logical_group id="lg-2" display="no" color="cyan">
         <name>codestart</name>
         <load_address>0x0</load_address>
         <run_address>0x0</run_address>
         <size>0x2</size>
         <contents>
            <object_component_ref idref="oc-11"/>
         </contents>
      </logical_group>
      <logical_group id="lg-3" display="no" color="cyan">
         <name>.TI.ramfunc</name>
         <load_address>0x13b</load_address>
         <run_address>0x13b</run_address>
         <size>0x21</size>
         <contents>
            <object_component_ref idref="oc-ca"/>
            <object_component_ref idref="oc-88"/>
         </contents>
      </logical_group>
      <logical_group id="lg-131" display="no" color="cyan">
         <name>.text.1</name>
         <load_address>0x8000</load_address>
         <run_address>0x8000</run_address>
         <size>0x800</size>
         <contents>
            <object_component_ref idref="oc-ea"/>
            <object_component_ref idref="oc-e3"/>
            <object_component_ref idref="oc-cf"/>
            <object_component_ref idref="oc-c8"/>
            <object_component_ref idref="oc-c2"/>
         </contents>
      </logical_group>
      <logical_group id="lg-132" display="no" color="cyan">
         <name>.text.2</name>
         <load_address>0x8800</load_address>
         <run_address>0x8800</run_address>
         <size>0x800</size>
         <contents>
            <object_component_ref idref="oc-c6"/>
            <object_component_ref idref="oc-108"/>
            <object_component_ref idref="oc-d9"/>
            <object_component_ref idref="oc-fe"/>
         </contents>
      </logical_group>
      <logical_group id="lg-133" display="no" color="cyan">
         <name>.text.3</name>
         <load_address>0x9000</load_address>
         <run_address>0x9000</run_address>
         <size>0x800</size>
         <contents>
            <object_component_ref idref="oc-c5"/>
            <object_component_ref idref="oc-e8"/>
            <object_component_ref idref="oc-c9"/>
            <object_component_ref idref="oc-95"/>
            <object_component_ref idref="oc-10c"/>
            <object_component_ref idref="oc-101"/>
            <object_component_ref idref="oc-ec"/>
            <object_component_ref idref="oc-bf"/>
            <object_component_ref idref="oc-113"/>
            <object_component_ref idref="oc-e7"/>
            <object_component_ref idref="oc-8e"/>
            <object_component_ref idref="oc-ee"/>
            <object_component_ref idref="oc-d8"/>
            <object_component_ref idref="oc-d5"/>
            <object_component_ref idref="oc-d6"/>
            <object_component_ref idref="oc-d2"/>
            <object_component_ref idref="oc-e0"/>
         </contents>
      </logical_group>
      <logical_group id="lg-134" display="no" color="cyan">
         <name>.text.4</name>
         <load_address>0x9800</load_address>
         <run_address>0x9800</run_address>
         <size>0x6e4</size>
         <contents>
            <object_component_ref idref="oc-10d"/>
            <object_component_ref idref="oc-d0"/>
            <object_component_ref idref="oc-db"/>
            <object_component_ref idref="oc-da"/>
            <object_component_ref idref="oc-c7"/>
            <object_component_ref idref="oc-d4"/>
            <object_component_ref idref="oc-d7"/>
            <object_component_ref idref="oc-dc"/>
            <object_component_ref idref="oc-de"/>
            <object_component_ref idref="oc-dd"/>
            <object_component_ref idref="oc-d3"/>
            <object_component_ref idref="oc-109"/>
            <object_component_ref idref="oc-cb"/>
            <object_component_ref idref="oc-10e"/>
            <object_component_ref idref="oc-10a"/>
            <object_component_ref idref="oc-f3"/>
            <object_component_ref idref="oc-c4"/>
            <object_component_ref idref="oc-114"/>
            <object_component_ref idref="oc-110"/>
            <object_component_ref idref="oc-102"/>
            <object_component_ref idref="oc-f7"/>
            <object_component_ref idref="oc-c1"/>
            <object_component_ref idref="oc-115"/>
            <object_component_ref idref="oc-18"/>
            <object_component_ref idref="oc-100"/>
            <object_component_ref idref="oc-ff"/>
            <object_component_ref idref="oc-cc"/>
            <object_component_ref idref="oc-d1"/>
            <object_component_ref idref="oc-f8"/>
            <object_component_ref idref="oc-f1"/>
            <object_component_ref idref="oc-104"/>
            <object_component_ref idref="oc-f9"/>
            <object_component_ref idref="oc-fb"/>
            <object_component_ref idref="oc-fa"/>
            <object_component_ref idref="oc-fd"/>
            <object_component_ref idref="oc-103"/>
            <object_component_ref idref="oc-f0"/>
            <object_component_ref idref="oc-fc"/>
            <object_component_ref idref="oc-105"/>
            <object_component_ref idref="oc-e9"/>
            <object_component_ref idref="oc-f2"/>
            <object_component_ref idref="oc-10b"/>
[...]
            <available_space>
               <start_address>0xac25</start_address>
               <size>0x1</size>
            </available_space>
            <allocated_space>
               <start_address>0xac26</start_address>
               <size>0x40</size>
               <logical_group_ref idref="lg-a"/>
            </allocated_space>
            <available_space>
               <start_address>0xac66</start_address>
               <size>0x39a</size>
            </available_space>
         </usage_details>
      </memory_area>
      <memory_area display="yes" color="green">
         <name>RAMLS6</name>
         <page_id>0x1</page_id>
         <origin>0xb000</origin>
         <length>0x800</length>
         <used_space>0x0</used_space>
         <unused_space>0x800</unused_space>
         <attributes>RWIX</attributes>
         <usage_details>
         </usage_details>
      </memory_area>
      <memory_area display="yes" color="green">
         <name>RAMLS7</name>
         <page_id>0x1</page_id>
         <origin>0xb800</origin>
         <length>0x800</length>
         <used_space>0x0</used_space>
         <unused_space>0x800</unused_space>
         <attributes>RWIX</attributes>
         <usage_details>
         </usage_details>
      </memory_area>
      <memory_area display="yes" color="green">
         <name>RAMGS0</name>
         <page_id>0x1</page_id>
         <origin>0xc000</origin>
         <length>0x2000</length>
         <used_space>0x0</used_space>
         <unused_space>0x2000</unused_space>
         <attributes>RWIX</attributes>
         <usage_details>
         </usage_details>
      </memory_area>
      <memory_area display="yes" color="green">
         <name>RAMGS1</name>
         <page_id>0x1</page_id>
         <origin>0xe000</origin>
         <length>0x2000</length>
         <used_space>0x0</used_space>
         <unused_space>0x2000</unused_space>
         <attributes>RWIX</attributes>
         <usage_details>
         </usage_details>
      </memory_area>
      <memory_area display="yes" color="green">
         <name>RAMGS2</name>
         <page_id>0x1</page_id>
         <origin>0x10000</origin>
         <length>0x2000</length>
         <used_space>0x0</used_space>
         <unused_space>0x2000</unused_space>
         <attributes>RWIX</attributes>
         <usage_details>
         </usage_details>
      </memory_area>
      <memory_area display="yes" color="green">
         <name>RAMGS3</name>
         <page_id>0x1</page_id>
         <origin>0x12000</origin>
         <length>0x1ff8</length>
         <used_space>0x0</used_space>
         <unused_space>0x1ff8</unused_space>
         <attributes>RWIX</attributes>
         <usage_details>
         </usage_details>
      </memory_area>
   </placement_map>
   <symbol_table>
      <symbol id="sm-0">
         <name>cinit</name>
         <value>0xf4</value>
      </symbol>
      <symbol id="sm-1">
         <name>___cinit__</name>
         <value>0xf4</value>
      </symbol>
      <symbol id="sm-2">
         <name>pinit</name>
         <value>0xffffffff</value>
      </symbol>
      <symbol id="sm-3">
         <name>___pinit__</name>
         <value>0xffffffff</value>
      </symbol>
      <symbol id="sm-4">
         <name>binit</name>
         <value>0xffffffff</value>
      </symbol>
      <symbol id="sm-5">
         <name>___binit__</name>
         <value>0xffffffff</value>
      </symbol>
      <symbol id="sm-6">
         <name>__STACK_SIZE</name>
         <value>0x100</value>
      </symbol>
      <symbol id="sm-7">
         <name>__STACK_END</name>
         <value>0x500</value>
      </symbol>
      <symbol id="sm-8">
         <name>___c_args__</name>
         <value>0xffffffff</value>
      </symbol>
      <symbol id="sm-9">
         <name>.text</name>
         <value>0xffffffff</value>
      </symbol>
      <symbol id="sm-a">
         <name>___text__</name>
         <value>0xffffffff</value>
      </symbol>
      <symbol id="sm-b">
         <name>etext</name>
         <value>0xffffffff</value>
      </symbol>
      <symbol id="sm-c">
         <name>___etext__</name>
         <value>0xffffffff</value>
      </symbol>
      <symbol id="sm-d">
         <name>___TI_pprof_out_hndl</name>
         <value>0xffffffff</value>
      </symbol>
      <symbol id="sm-e">
         <name>___TI_prof_data_start</name>
         <value>0xffffffff</value>
      </symbol>
      <symbol id="sm-f">
         <name>___TI_prof_data_size</name>
         <value>0xffffffff</value>
      </symbol>
      <symbol id="sm-90">
         <name>_copyData</name>
         <value>0x8000</value>
         <object_component_ref idref="oc-ea"/>
      </symbol>
      <symbol id="sm-92">
         <name>_getWordData</name>
         <value>0xac64</value>
         <object_component_ref idref="oc-13"/>
      </symbol>
      <symbol id="sm-93">
         <name>_readReservedFn</name>
         <value>0x8485</value>
         <object_component_ref idref="oc-ea"/>
      </symbol>
      <symbol id="sm-95">
         <name>_findSector</name>
         <value>0x81ea</value>
         <object_component_ref idref="oc-ea"/>
      </symbol>
      <symbol id="sm-97">
         <name>_erasedAlready</name>
         <value>0xac40</value>
         <object_component_ref idref="oc-106"/>
      </symbol>
      <symbol id="sm-98">
         <name>_getLongData</name>
         <value>0x8473</value>
         <object_component_ref idref="oc-ea"/>
      </symbol>
      <symbol id="sm-9a">
         <name>_findSize</name>
         <value>0x846d</value>
         <object_component_ref idref="oc-ea"/>
      </symbol>
      <symbol id="sm-ae">
         <name>_ExitBoot</name>
         <value>0x9ca2</value>
         <object_component_ref idref="oc-18"/>
      </symbol>
      <symbol id="sm-af">
         <name>code_start</name>
         <value>0x0</value>
         <object_component_ref idref="oc-11"/>
      </symbol>
      <symbol id="sm-c3">
         <name>_sharedErase</name>
         <value>0x96a9</value>
         <object_component_ref idref="oc-d8"/>
      </symbol>
      <symbol id="sm-c5">
         <name>_sectAddress</name>
         <value>0xabd2</value>
         <object_component_ref idref="oc-eb"/>
      </symbol>
      <symbol id="sm-d6">
         <name>_sciBoot</name>
         <value>0x999f</value>
         <object_component_ref idref="oc-d7"/>
      </symbol>
      <symbol id="sm-139">
         <name>_sendACK</name>
         <value>0x8b9c</value>
         <object_component_ref idref="oc-c6"/>
      </symbol>
      <symbol id="sm-13b">
         <name>_sciSendPacket</name>
         <value>0x8a75</value>
         <object_component_ref idref="oc-c6"/>
      </symbol>
      <symbol id="sm-13d">
         <name>_sciGetPacket</name>
         <value>0x8b57</value>
         <object_component_ref idref="oc-c6"/>
      </symbol>
      <symbol id="sm-13f">
         <name>_sciaInit</name>
         <value>0x8af0</value>
         <object_component_ref idref="oc-c6"/>
      </symbol>
      <symbol id="sm-141">
         <name>_statusCode</name>
         <value>0xac32</value>
         <object_component_ref idref="oc-29"/>
      </symbol>
      <symbol id="sm-142">
         <name>_sendNAK</name>
         <value>0x8ba5</value>
         <object_component_ref idref="oc-c6"/>
      </symbol>
      <symbol id="sm-144">
         <name>_sciGetFunction</name>
         <value>0x89bb</value>
         <object_component_ref idref="oc-c6"/>
      </symbol>
      <symbol id="sm-146">
         <name>_sciaGetWordData</name>
         <value>0x8b21</value>
         <object_component_ref idref="oc-c6"/>
      </symbol>
      <symbol id="sm-148">
         <name>_sciPinmuxOption</name>
         <value>0x8bb6</value>
         <object_component_ref idref="oc-c6"/>
      </symbol>
      <symbol id="sm-14a">
         <name>_sciaGetOnlyWordData</name>
         <value>0x8b3c</value>
         <object_component_ref idref="oc-c6"/>
      </symbol>
      <symbol id="sm-14c">
         <name>_sciaFlush</name>
         <value>0x8bae</value>
         <object_component_ref idref="oc-c6"/>
      </symbol>
      <symbol id="sm-14e">
         <name>_sciSendWord</name>
         <value>0x8ac8</value>
         <object_component_ref idref="oc-c6"/>
      </symbol>
      <symbol id="sm-150">
         <name>_checksum</name>
         <value>0xac30</value>
         <object_component_ref idref="oc-29"/>
      </symbol>
      <symbol id="sm-151">
         <name>_sciSendChecksum</name>
         <value>0x8aaa</value>
         <object_component_ref idref="oc-c6"/>
      </symbol>
      <symbol id="sm-16c">
         <name>_main</name>
         <value>0x9510</value>
         <object_component_ref idref="oc-bf"/>
      </symbol>
      <symbol id="sm-16e">
         <name>_initFlashSectors</name>
         <value>0x9526</value>
         <object_component_ref idref="oc-bf"/>
      </symbol>
      <symbol id="sm-170">
         <name>_exampleError</name>
         <value>0x152</value>
         <object_component_ref idref="oc-ca"/>
      </symbol>
      <symbol id="sm-194">
         <name>_verifyData</name>
         <value>0x8e5a</value>
         <object_component_ref idref="oc-d9"/>
      </symbol>
      <symbol id="sm-1b0">
         <name>_Example_Fail</name>
         <value>0xac3e</value>
         <object_component_ref idref="oc-3c"/>
      </symbol>
      <symbol id="sm-1b1">
         <name>_Device_initGPIO</name>
         <value>0x9193</value>
         <object_component_ref idref="oc-c5"/>
      </symbol>
      <symbol id="sm-1b3">
         <name>___error__</name>
         <value>0x91a3</value>
         <object_component_ref idref="oc-c5"/>
      </symbol>
      <symbol id="sm-1b5">
         <name>_Device_init</name>
         <value>0x9065</value>
         <object_component_ref idref="oc-c5"/>
      </symbol>
      <symbol id="sm-1b7">
         <name>_Example_PassCount</name>
         <value>0xac3c</value>
         <object_component_ref idref="oc-3c"/>
      </symbol>
      <symbol id="sm-1b8">
         <name>_Device_enableAllPeripherals</name>
         <value>0x90b6</value>
         <object_component_ref idref="oc-c5"/>
      </symbol>
      <symbol id="sm-1cd">
         <name>_Fapi_issueAsyncCommandWithAddress</name>
         <value>0x9485</value>
         <object_component_ref idref="oc-ec"/>
      </symbol>
      <symbol id="sm-1da">
         <name>_Fapi_doBlankCheck</name>
         <value>0x9654</value>
         <object_component_ref idref="oc-ee"/>
      </symbol>
      <symbol id="sm-1f9">
         <name>__Fapi_checkRegionForValue</name>
         <value>0x9800</value>
         <object_component_ref idref="oc-10d"/>
      </symbol>
      <symbol id="sm-1fa">
         <name>_Fapi_flushPipeline</name>
         <value>0x9e4b</value>
         <object_component_ref idref="oc-10b"/>
      </symbol>
      <symbol id="sm-1fb">
         <name>__Fapi_loopRegionForValue</name>
         <value>0x938b</value>
         <object_component_ref idref="oc-10c"/>
      </symbol>
      <symbol id="sm-207">
         <name>_Fapi_doVerify</name>
         <value>0x9e80</value>
         <object_component_ref idref="oc-ef"/>
      </symbol>
      <symbol id="sm-22e">
         <name>_Fapi_serviceWatchdogTimer</name>
         <value>0x9edc</value>
         <object_component_ref idref="oc-10f"/>
      </symbol>
      <symbol id="sm-22f">
         <name>__Fapi_issueFsmCommand</name>
         <value>0x9ab1</value>
         <object_component_ref idref="oc-109"/>
      </symbol>
      <symbol id="sm-230">
         <name>_Fapi_setupEepromSectorEnable</name>
         <value>0x9547</value>
         <object_component_ref idref="oc-113"/>
      </symbol>
      <symbol id="sm-231">
         <name>_Fapi_setActiveFlashBank</name>
         <value>0x9ae1</value>
         <object_component_ref idref="oc-cb"/>
      </symbol>
      <symbol id="sm-232">
         <name>__Fapi_setupSectorsForWrite</name>
         <value>0x9b3c</value>
         <object_component_ref idref="oc-10a"/>
      </symbol>
      <symbol id="sm-233">
         <name>_Fapi_setupBankSectorEnable</name>
         <value>0x9bba</value>
         <object_component_ref idref="oc-114"/>
      </symbol>
      <symbol id="sm-245">
         <name>_Fapi_initializeAPI</name>
         <value>0x925c</value>
         <object_component_ref idref="oc-c9"/>
      </symbol>
      <symbol id="sm-246">
         <name>_Fapi_GlobalInit</name>
         <value>0xac26</value>
         <object_component_ref idref="oc-5c"/>
      </symbol>
      <symbol id="sm-25e">
         <name>_Fapi_calculateFletcherChecksum</name>
         <value>0x9b10</value>
         <object_component_ref idref="oc-10e"/>
      </symbol>
      <symbol id="sm-25f">
         <name>__Fapi_calculateOtpChecksum</name>
         <value>0x9ec1</value>
         <object_component_ref idref="oc-f4"/>
      </symbol>
      <symbol id="sm-260">
         <name>__Fapi_divideUnsignedLong</name>
         <value>0x9b67</value>
         <object_component_ref idref="oc-f3"/>
      </symbol>
      <symbol id="sm-261">
         <name>__Fapi_scaleCycleValues</name>
         <value>0x9e8f</value>
         <object_component_ref idref="oc-f5"/>
      </symbol>
      <symbol id="sm-276">
         <name>_Fapi_checkFsmForReady</name>
         <value>0x9eab</value>
         <object_component_ref idref="oc-ed"/>
      </symbol>
      <symbol id="sm-277">
         <name>_Fapi_isAddressEcc</name>
         <value>0x9c75</value>
         <object_component_ref idref="oc-115"/>
      </symbol>
      <symbol id="sm-2a7">
         <name>_Fapi_issueProgrammingCommand</name>
         <value>0x8c7a</value>
         <object_component_ref idref="oc-108"/>
      </symbol>
      <symbol id="sm-2bd">
         <name>_DCSM_unlockZone2CSM</name>
         <value>0x974e</value>
         <object_component_ref idref="oc-d6"/>
      </symbol>
      <symbol id="sm-2be">
         <name>_DCSM_unlockZone1CSM</name>
         <value>0x96fc</value>
         <object_component_ref idref="oc-d5"/>
      </symbol>
      <symbol id="sm-2ee">
         <name>_GPIO_setAnalogMode</name>
         <value>0x9964</value>
         <object_component_ref idref="oc-d4"/>
      </symbol>
      <symbol id="sm-2ef">
         <name>_GPIO_setMasterCore</name>
         <value>0x99d9</value>
         <object_component_ref idref="oc-dc"/>
      </symbol>
      <symbol id="sm-2f0">
         <name>_GPIO_setPinConfig</name>
         <value>0x9a49</value>
         <object_component_ref idref="oc-dd"/>
      </symbol>
      <symbol id="sm-2f1">
         <name>_GPIO_setDirectionMode</name>
         <value>0x9a80</value>
         <object_component_ref idref="oc-d3"/>
      </symbol>
      <symbol id="sm-2f2">
         <name>_GPIO_setQualificationMode</name>
         <value>0x9a11</value>
         <object_component_ref idref="oc-de"/>
      </symbol>
      <symbol id="sm-2f3">
         <name>_GPIO_setPadConfig</name>
         <value>0x97a0</value>
         <object_component_ref idref="oc-d2"/>
      </symbol>
      <symbol id="sm-319">
         <name>_Interrupt_initVectorTable</name>
         <value>0x87df</value>
         <object_component_ref idref="oc-c8"/>
      </symbol>
      <symbol id="sm-31a">
         <name>_Interrupt_initModule</name>
         <value>0x9927</value>
         <object_component_ref idref="oc-c7"/>
      </symbol>
      <symbol id="sm-342">
         <name>_SCI_setConfig</name>
         <value>0x98e9</value>
         <object_component_ref idref="oc-da"/>
      </symbol>
      <symbol id="sm-343">
         <name>_SCI_disableInterrupt</name>
         <value>0x98a3</value>
         <object_component_ref idref="oc-db"/>
      </symbol>
      <symbol id="sm-3e3">
         <name>_SysCtl_selectXTALSingleEnded</name>
         <value>0x9d2d</value>
         <object_component_ref idref="oc-f8"/>
      </symbol>
      <symbol id="sm-3e4">
         <name>_SysCtl_selectXTAL</name>
         <value>0x9c2d</value>
         <object_component_ref idref="oc-f7"/>
      </symbol>
      <symbol id="sm-3e5">
         <name>_SysCtl_delay</name>
         <value>0x158</value>
         <object_component_ref idref="oc-88"/>
      </symbol>
      <symbol id="sm-3e6">
         <name>_SysCtl_selectOscSource</name>
         <value>0x95a3</value>
         <object_component_ref idref="oc-e7"/>
      </symbol>
      <symbol id="sm-3e7">
         <name>_SysCtl_isPLLValid</name>
         <value>0x91aa</value>
         <object_component_ref idref="oc-e8"/>
      </symbol>
      <symbol id="sm-3e8">
         <name>_SysCtl_setClock</name>
         <value>0x8729</value>
         <object_component_ref idref="oc-cf"/>
      </symbol>
      <symbol id="sm-3e9">
         <name>_SysCtl_getLowSpeedClock</name>
         <value>0x9d13</value>
         <object_component_ref idref="oc-d1"/>
      </symbol>
      <symbol id="sm-3ea">
         <name>_SysCtl_getClock</name>
         <value>0x9852</value>
         <object_component_ref idref="oc-d0"/>
      </symbol>
      <symbol id="sm-405">
         <name>_c_int00</name>
         <value>0x95fe</value>
         <object_component_ref idref="oc-8e"/>
      </symbol>
      <symbol id="sm-406">
         <name>__stack</name>
         <value>0x400</value>
         <object_component_ref idref="oc-8f"/>
      </symbol>
      <symbol id="sm-417">
         <name>FS$$DIV</name>
         <value>0x9303</value>
         <object_component_ref idref="oc-95"/>
      </symbol>
      <symbol id="sm-426">
         <name>_copy_in</name>
         <value>0x9c51</value>
         <object_component_ref idref="oc-c1"/>
      </symbol>
      <symbol id="sm-438">
         <name>_memcpy</name>
         <value>0x9cf6</value>
         <object_component_ref idref="oc-cc"/>
      </symbol>
      <symbol id="sm-445">
         <name>__system_pre_init</name>
         <value>0x9ee2</value>
         <object_component_ref idref="oc-c0"/>
      </symbol>
      <symbol id="sm-453">
         <name>__system_post_cinit</name>
         <value>0x87ff</value>
         <object_component_ref idref="oc-c2"/>
      </symbol>
      <symbol id="sm-468">
         <name>C$$EXIT</name>
         <value>0x9b91</value>
         <object_component_ref idref="oc-c4"/>
      </symbol>
      <symbol id="sm-469">
         <name>_exit</name>
         <value>0x9b93</value>
         <object_component_ref idref="oc-c4"/>
      </symbol>
      <symbol id="sm-46b">
         <name>___TI_cleanup_ptr</name>
         <value>0xac38</value>
         <object_component_ref idref="oc-b0"/>
      </symbol>
      <symbol id="sm-46c">
         <name>___TI_enable_exit_profile_output</name>
         <value>0xac36</value>
         <object_component_ref idref="oc-b0"/>
      </symbol>
      <symbol id="sm-46d">
         <name>_abort</name>
         <value>0x9b91</value>
         <object_component_ref idref="oc-c4"/>
      </symbol>
      <symbol id="sm-46f">
         <name>___TI_dtors_ptr</name>
         <value>0xac3a</value>
         <object_component_ref idref="oc-b0"/>
      </symbol>
      <symbol id="sm-483">
         <name>__unlock</name>
         <value>0xac62</value>
         <object_component_ref idref="oc-f6"/>
      </symbol>
      <symbol id="sm-484">
         <name>__lock</name>
         <value>0xac60</value>
         <object_component_ref idref="oc-cd"/>
      </symbol>
      <symbol id="sm-485">
         <name>__register_lock</name>
         <value>0x9ed0</value>
         <object_component_ref idref="oc-e4"/>
      </symbol>
      <symbol id="sm-487">
         <name>__nop</name>
         <value>0x9ed4</value>
         <object_component_ref idref="oc-e4"/>
      </symbol>
      <symbol id="sm-489">
         <name>__register_unlock</name>
         <value>0x9ecc</value>
         <object_component_ref idref="oc-e4"/>
      </symbol>
      <symbol id="sm-499">
         <name>__args_main</name>
         <value>0x9e5e</value>
         <object_component_ref idref="oc-c3"/>
      </symbol>
   </symbol_table>
   <title>Link successful</title>
</link_info>
