******************************************************************************
             TMS320C2000 Linker PC v20.2.0                     
******************************************************************************
>> Linked Sat Jun 12 21:03:16 2021

OUTPUT FILE NAME:   <F280049_Project_v0.out>
ENTRY POINT SYMBOL: "code_start"  address: 00000000


MEMORY CONFIGURATION

         name            origin    length      used     unused   attr    fill
----------------------  --------  ---------  --------  --------  ----  --------
PAGE 0:
  BEGIN                 00000000   00000002  00000002  00000000  RWIX
  RAMM0                 000000f4   0000030c  00000028  000002e4  RWIX
  RAMLS0                00008000   00000800  00000800  00000000  RWIX
  RAMLS1                00008800   00000800  0000005c  000007a4  RWIX
  RAMLS2                00009000   00000800  00000000  00000800  RWIX
  RAMLS3                00009800   00000800  00000000  00000800  RWIX
  RAMLS4                0000a000   00000800  00000000  00000800  RWIX
  FLASH_BANK0_SEC0      00080000   00001000  00000000  00001000  RWIX
  FLASH_BANK0_SEC1      00081000   00001000  00000000  00001000  RWIX
  FLASH_BANK0_SEC2      00082000   00001000  00000000  00001000  RWIX
  FLASH_BANK0_SEC3      00083000   00001000  00000000  00001000  RWIX
  FLASH_BANK0_SEC4      00084000   00001000  00000000  00001000  RWIX
  FLASH_BANK0_SEC5      00085000   00001000  00000000  00001000  RWIX
  FLASH_BANK0_SEC6      00086000   00001000  00000000  00001000  RWIX
  FLASH_BANK0_SEC7      00087000   00001000  00000000  00001000  RWIX
  FLASH_BANK0_SEC8      00088000   00001000  00000000  00001000  RWIX
  FLASH_BANK0_SEC9      00089000   00001000  00000000  00001000  RWIX
  FLASH_BANK0_SEC10     0008a000   00001000  00000000  00001000  RWIX
  FLASH_BANK0_SEC11     0008b000   00001000  00000000  00001000  RWIX
  FLASH_BANK0_SEC12     0008c000   00001000  00000000  00001000  RWIX
  FLASH_BANK0_SEC13     0008d000   00001000  00000000  00001000  RWIX
  FLASH_BANK0_SEC14     0008e000   00001000  00000000  00001000  RWIX
  FLASH_BANK0_SEC15     0008f000   00001000  00000000  00001000  RWIX
  FLASH_BANK1_SEC0      00090000   00001000  00000000  00001000  RWIX
  FLASH_BANK1_SEC1      00091000   00001000  00000000  00001000  RWIX
  FLASH_BANK1_SEC2      00092000   00001000  00000000  00001000  RWIX
  FLASH_BANK1_SEC3      00093000   00001000  00000000  00001000  RWIX
  FLASH_BANK1_SEC4      00094000   00001000  00000000  00001000  RWIX
  FLASH_BANK1_SEC5      00095000   00001000  00000000  00001000  RWIX
  FLASH_BANK1_SEC6      00096000   00001000  00000000  00001000  RWIX
  FLASH_BANK1_SEC7      00097000   00001000  00000000  00001000  RWIX
  FLASH_BANK1_SEC8      00098000   00001000  00000000  00001000  RWIX
  FLASH_BANK1_SEC9      00099000   00001000  00000000  00001000  RWIX
  FLASH_BANK1_SEC10     0009a000   00001000  00000000  00001000  RWIX
  FLASH_BANK1_SEC11     0009b000   00001000  00000000  00001000  RWIX
  FLASH_BANK1_SEC12     0009c000   00001000  00000000  00001000  RWIX
  FLASH_BANK1_SEC13     0009d000   00001000  00000000  00001000  RWIX
  FLASH_BANK1_SEC14     0009e000   00001000  00000000  00001000  RWIX
  FLASH_BANK1_SEC15     0009f000   00001000  00000000  00001000  RWIX
  RESET                 003fffc0   00000002  00000000  00000002  RWIX

PAGE 1:
  BOOT_RSVD             00000002   000000f1  00000000  000000f1  RWIX
  RAMM1                 00000400   000003f8  00000100  000002f8  RWIX
  RAMLS5                0000a800   00000800  000002c1  0000053f  RWIX
  RAMLS6                0000b000   00000800  00000000  00000800  RWIX
  RAMLS7                0000b800   00000800  00000000  00000800  RWIX
  RAMGS0                0000c000   00002000  00000000  00002000  RWIX
  RAMGS1                0000e000   00002000  00000000  00002000  RWIX
  RAMGS2                00010000   00002000  00000000  00002000  RWIX
  RAMGS3                00012000   00001ff8  00000000  00001ff8  RWIX


SECTION ALLOCATION MAP

 output                                  attributes/
section   page    origin      length       input sections
--------  ----  ----------  ----------   ----------------
codestart 
*          0    00000000    00000002     
                  00000000    00000002     f28004x_codestartbranch.obj (codestart)

.cinit     0    000000f4    00000024     
                  000000f4    0000000e     rts2800_fpu32.lib : exit.c.obj (.cinit)
                  00000102    0000000a     device.obj (.cinit)
                  0000010c    00000005     rts2800_fpu32.lib : _lock.c.obj (.cinit:__lock)
                  00000111    00000005                       : _lock.c.obj (.cinit:__unlock)
                  00000116    00000002     --HOLE-- [fill = 0]

.TI.ramfunc 
*          0    00000118    00000004     
                  00000118    00000004     driverlib_coff.lib : sysctl.obj (.TI.ramfunc)

.reset     0    003fffc0    00000002     DSECT
                  003fffc0    00000002     rts2800_fpu32.lib : boot28.asm.obj (.reset)

.stack     1    00000400    00000100     UNINITIALIZED
                  00000400    00000100     --HOLE--

.pinit     0    000000f4    00000000     UNINITIALIZED

.econst    1    0000a800    000002b3     
                  0000a800    000000ef     driverlib_coff.lib : gpio.obj (.econst:.string)
                  0000a8ef    00000001     --HOLE-- [fill = 0]
                  0000a8f0    000000ef                        : sysctl.obj (.econst:.string)
                  0000a9df    00000001     --HOLE-- [fill = 0]
                  0000a9e0    0000007c                        : interrupt.obj (.econst:.string)
                  0000aa5c    00000044     main.obj (.econst:.string)
                  0000aaa0    00000013     device.obj (.econst:.string)

.ebss      1    0000aab4    0000000e     UNINITIALIZED
                  0000aab4    00000006     rts2800_fpu32.lib : exit.c.obj (.ebss)
                  0000aaba    00000004     device.obj (.ebss)
                  0000aabe    00000002     rts2800_fpu32.lib : _lock.c.obj (.ebss:__lock)
                  0000aac0    00000002                       : _lock.c.obj (.ebss:__unlock)

.text.1    0    00008000    00000800     
                  00008000    0000018e     device.obj (.text)
                  0000818e    000000b6     driverlib_coff.lib : sysctl.obj (.text:_SysCtl_setClock)
                  00008244    000000b2                        : sysctl.obj (.text:_SysCtl_isPLLValid)
                  000082f6    0000007a                        : sysctl.obj (.text:_DCC_setCounterSeeds)
                  00008370    00000064     main.obj (.text)
                  000083d4    0000005b     driverlib_coff.lib : sysctl.obj (.text:_SysCtl_selectOscSource)
                  0000842f    00000056     rts2800_fpu32.lib : boot28.asm.obj (.text)
                  00008485    00000051     driverlib_coff.lib : sysctl.obj (.text:_SysCtl_getClock)
                  000084d6    0000003d                        : interrupt.obj (.text:_Interrupt_initModule)
                  00008513    00000038                        : gpio.obj (.text:_GPIO_setQualificationMode)
                  0000854b    00000037                        : gpio.obj (.text:_GPIO_setPinConfig)
                  00008582    00000031                        : gpio.obj (.text:_GPIO_setDirectionMode)
                  000085b3    00000029     rts2800_fpu32.lib : exit.c.obj (.text)
                  000085dc    00000026     driverlib_coff.lib : sysctl.obj (.text:_SysCtl_pollX1Counter)
                  00008602    00000025                        : sysctl.obj (.text:_DCC_enableSingleShotMode)
                  00008627    00000024                        : sysctl.obj (.text:_SysCtl_selectXTAL)
                  0000864b    00000024     rts2800_fpu32.lib : cpy_tbl.c.obj (.text)
                  0000866f    00000020     driverlib_coff.lib : interrupt.obj (.text:_Interrupt_initVectorTable)
                  0000868f    0000001f                        : sysctl.obj (.text:_DCC_setCounter1ClkSource)
                  000086ae    0000001d                        : sysctl.obj (.text:_DCC_setCounter0ClkSource)
                  000086cb    0000001d     rts2800_fpu32.lib : memcpy.c.obj (.text)
                  000086e8    0000001a     driverlib_coff.lib : sysctl.obj (.text:_SysCtl_getLowSpeedClock)
                  00008702    0000001a                        : sysctl.obj (.text:_SysCtl_selectXTALSingleEnded)
                  0000871c    00000017                        : sysctl.obj (.text:_DCC_disableDoneSignal)
                  00008733    00000017                        : sysctl.obj (.text:_DCC_enableDoneSignal)
                  0000874a    00000017                        : sysctl.obj (.text:_SysCtl_enablePeripheral)
                  00008761    00000016                        : sysctl.obj (.text:_DCC_clearDoneFlag)
                  00008777    00000016                        : sysctl.obj (.text:_DCC_clearErrorFlag)
                  0000878d    00000016                        : sysctl.obj (.text:_DCC_disableErrorSignal)
                  000087a3    00000016                        : sysctl.obj (.text:_DCC_enableErrorSignal)
                  000087b9    00000014                        : sysctl.obj (.text:_DCC_disableModule)
                  000087cd    00000014                        : sysctl.obj (.text:_DCC_enableModule)
                  000087e1    00000014                        : gpio.obj (.text:_GPIO_isPinValid)
                  000087f5    0000000b                        : sysctl.obj (.text:_SysCtl_isMCDClockFailureDetected)

.text.2    0    00008800    0000005c     
                  00008800    00000012     rts2800_fpu32.lib : args_main.c.obj (.text)
                  00008812    00000010     driverlib_coff.lib : sysctl.obj (.text:_DCC_isBaseValid)
                  00008822    0000000e                        : interrupt.obj (.text:_Interrupt_defaultHandler)
                  00008830    0000000d                        : interrupt.obj (.text:_Interrupt_disableMaster)
                  0000883d    00000009     rts2800_fpu32.lib : _lock.c.obj (.text)
                  00008846    00000008     f28004x_codestartbranch.obj (.text)
                  0000884e    00000007     driverlib_coff.lib : sysctl.obj (.text:_SysCtl_resetMCD)
                  00008855    00000002                        : interrupt.obj (.text:_Interrupt_illegalOperationHandler)
                  00008857    00000002                        : interrupt.obj (.text:_Interrupt_nmiHandler)
                  00008859    00000002     rts2800_fpu32.lib : pre_init.c.obj (.text)
                  0000885b    00000001                       : startup.c.obj (.text)

MODULE SUMMARY

       Module                        code   initialized data   uninitialized data
       ------                        ----   ----------------   ------------------
    .\
       main.obj                      100    68                 0                 
    +--+-----------------------------+------+------------------+--------------------+
       Total:                        100    68                 0                 
                                                                                 
    .\device\
       device.obj                    398    29                 4                 
       f28004x_codestartbranch.obj   10     0                  0                 
    +--+-----------------------------+------+------------------+--------------------+
       Total:                        408    29                 4                 
                                                                                 
    C:\ti\c2000\C2000Ware_3_04_00_00\driverlib\f28004x\driverlib\ccs\Debug\driverlib_coff.lib
       sysctl.obj                    1112   239                0                 
       gpio.obj                      180    239                0                 
       interrupt.obj                 124    124                0                 
    +--+-----------------------------+------+------------------+--------------------+
       Total:                        1416   602                0                 
                                                                                 
    C:\ti\ccs1000\ccs\tools\compiler\ti-cgt-c2000_20.2.0.LTS\lib\rts2800_fpu32.lib
       boot28.asm.obj                86     0                  0                 
       exit.c.obj                    41     14                 6                 
       cpy_tbl.c.obj                 36     0                  0                 
       memcpy.c.obj                  29     0                  0                 
       _lock.c.obj                   9      10                 4                 
       args_main.c.obj               18     0                  0                 
       pre_init.c.obj                2      0                  0                 
       startup.c.obj                 1      0                  0                 
    +--+-----------------------------+------+------------------+--------------------+
       Total:                        222    24                 10                
                                                                                 
       Stack:                        0      0                  256               
    +--+-----------------------------+------+------------------+--------------------+
       Grand Total:                  2146   723                270               


GLOBAL DATA SYMBOLS: SORTED BY DATA PAGE

address     data page           name
--------    ----------------    ----
00000400      10 (00000400)     __stack

0000aab4     2aa (0000aa80)     ___TI_enable_exit_profile_output
0000aab6     2aa (0000aa80)     ___TI_cleanup_ptr
0000aab8     2aa (0000aa80)     ___TI_dtors_ptr
0000aaba     2aa (0000aa80)     _Example_PassCount
0000aabc     2aa (0000aa80)     _Example_Fail
0000aabe     2aa (0000aa80)     __lock

0000aac0     2ab (0000aac0)     __unlock


GLOBAL SYMBOLS: SORTED ALPHABETICALLY BY Name 

page  address   name                            
----  -------   ----                            
abs   ffffffff  .text                           
0     000085b3  C$$EXIT                         
0     0000809a  _Device_enableAllPeripherals    
0     00008065  _Device_init                    
0     00008177  _Device_initGPIO                
1     0000aabc  _Example_Fail                   
1     0000aaba  _Example_PassCount              
0     000083ba  _GPIO_HAL_Init                  
0     00008582  _GPIO_setDirectionMode          
0     0000854b  _GPIO_setPinConfig              
0     00008513  _GPIO_setQualificationMode      
0     000084d6  _Interrupt_initModule           
0     0000866f  _Interrupt_initVectorTable      
0     00000118  _SysCtl_delay                   
0     00008485  _SysCtl_getClock                
0     000086e8  _SysCtl_getLowSpeedClock        
0     00008244  _SysCtl_isPLLValid              
0     000083d4  _SysCtl_selectOscSource         
0     00008627  _SysCtl_selectXTAL              
0     00008702  _SysCtl_selectXTALSingleEnded   
0     0000818e  _SysCtl_setClock                
1     00000500  __STACK_END                     
abs   00000100  __STACK_SIZE                    
1     0000aab6  ___TI_cleanup_ptr               
1     0000aab8  ___TI_dtors_ptr                 
1     0000aab4  ___TI_enable_exit_profile_output
abs   ffffffff  ___TI_pprof_out_hndl            
abs   ffffffff  ___TI_prof_data_size            
abs   ffffffff  ___TI_prof_data_start           
abs   ffffffff  ___binit__                      
abs   ffffffff  ___c_args__                     
0     000000f4  ___cinit__                      
0     00008187  ___error__                      
abs   ffffffff  ___etext__                      
abs   ffffffff  ___pinit__                      
abs   ffffffff  ___text__                       
0     00008800  __args_main                     
1     0000aabe  __lock                          
0     00008845  __nop                           
0     00008841  __register_lock                 
0     0000883d  __register_unlock               
1     00000400  __stack                         
0     0000885b  __system_post_cinit             
0     00008859  __system_pre_init               
1     0000aac0  __unlock                        
0     000085b3  _abort                          
0     0000842f  _c_int00                        
0     0000864b  _copy_in                        
0     000085b5  _exit                           
0     000083a4  _main                           
0     000086cb  _memcpy                         
abs   ffffffff  binit                           
0     000000f4  cinit                           
0     00000000  code_start                      
abs   ffffffff  etext                           
abs   ffffffff  pinit                           


GLOBAL SYMBOLS: SORTED BY Symbol Address 

page  address   name                            
----  -------   ----                            
0     00000000  code_start                      
0     000000f4  ___cinit__                      
0     000000f4  cinit                           
0     00000118  _SysCtl_delay                   
0     00008065  _Device_init                    
0     0000809a  _Device_enableAllPeripherals    
0     00008177  _Device_initGPIO                
0     00008187  ___error__                      
0     0000818e  _SysCtl_setClock                
0     00008244  _SysCtl_isPLLValid              
0     000083a4  _main                           
0     000083ba  _GPIO_HAL_Init                  
0     000083d4  _SysCtl_selectOscSource         
0     0000842f  _c_int00                        
0     00008485  _SysCtl_getClock                
0     000084d6  _Interrupt_initModule           
0     00008513  _GPIO_setQualificationMode      
0     0000854b  _GPIO_setPinConfig              
0     00008582  _GPIO_setDirectionMode          
0     000085b3  C$$EXIT                         
0     000085b3  _abort                          
0     000085b5  _exit                           
0     00008627  _SysCtl_selectXTAL              
0     0000864b  _copy_in                        
0     0000866f  _Interrupt_initVectorTable      
0     000086cb  _memcpy                         
0     000086e8  _SysCtl_getLowSpeedClock        
0     00008702  _SysCtl_selectXTALSingleEnded   
0     00008800  __args_main                     
0     0000883d  __register_unlock               
0     00008841  __register_lock                 
0     00008845  __nop                           
0     00008859  __system_pre_init               
0     0000885b  __system_post_cinit             
1     00000400  __stack                         
1     00000500  __STACK_END                     
1     0000aab4  ___TI_enable_exit_profile_output
1     0000aab6  ___TI_cleanup_ptr               
1     0000aab8  ___TI_dtors_ptr                 
1     0000aaba  _Example_PassCount              
1     0000aabc  _Example_Fail                   
1     0000aabe  __lock                          
1     0000aac0  __unlock                        
abs   00000100  __STACK_SIZE                    
abs   ffffffff  .text                           
abs   ffffffff  ___TI_pprof_out_hndl            
abs   ffffffff  ___TI_prof_data_size            
abs   ffffffff  ___TI_prof_data_start           
abs   ffffffff  ___binit__                      
abs   ffffffff  ___c_args__                     
abs   ffffffff  ___etext__                      
abs   ffffffff  ___pinit__                      
abs   ffffffff  ___text__                       
abs   ffffffff  binit                           
abs   ffffffff  etext                           
abs   ffffffff  pinit                           

[56 symbols]
