******************************************************************************
             TMS320C2000 Linker PC v21.6.0                     
******************************************************************************
>> Linked Sun Jul  4 16:10:32 2021

OUTPUT FILE NAME:   <F280049_can_kernel_v1.out>
ENTRY POINT SYMBOL: "code_start"  address: 0009b000


MEMORY CONFIGURATION

         name            origin    length      used     unused   attr    fill
----------------------  --------  ---------  --------  --------  ----  --------
PAGE 0:
  RAMM0                 000000f4   0000030c  00000000  0000030c  RWIX
  RAMLS0                00008000   00000800  00000153  000006ad  RWIX
  RAMLS1                00008800   00000800  00000000  00000800  RWIX
  RAMLS2                00009000   00000800  00000000  00000800  RWIX
  RAMLS3                00009800   00000800  00000000  00000800  RWIX
  RAMLS4                0000a000   00000800  00000000  00000800  RWIX
  FLASH_BANK0_SEC0      00080002   00000ffe  00000000  00000ffe  RWIX
  FLASH_BANK0_SEC1      00081000   00001000  00000000  00001000  RWIX
  FLASH_BANK0_SEC2      00082000   00001000  00000000  00001000  RWIX
  FLASH_BANK0_SEC3      00083000   00001000  00000000  00001000  RWIX
  FLASH_BANK0_SEC4      00084000   00001000  00000000  00001000  RWIX
  FLASH_BANK0_SEC5      00085000   00001000  00000000  00001000  RWIX
  FLASH_BANK0_SEC6      00086000   00001000  00000000  00001000  RWIX
  FLASH_BANK0_SEC7      00087000   00001000  00000000  00001000  RWIX
  FLASH_BANK0_SEC8      00088000   00001000  00000000  00001000  RWIX
  FLASH_BANK0_SEC9      00089000   00001000  00000000  00001000  RWIX
  FLASH_BANK0_SEC10     0008a000   00001000  00000000  00001000  RWIX
  FLASH_BANK0_SEC11     0008b000   00001000  00000000  00001000  RWIX
  FLASH_BANK0_SEC12     0008c000   00001000  00000000  00001000  RWIX
  FLASH_BANK0_SEC13     0008d000   00001000  00000000  00001000  RWIX
  FLASH_BANK0_SEC14     0008e000   00001000  00000000  00001000  RWIX
  FLASH_BANK0_SEC15     0008f000   00001000  00000000  00001000  RWIX
  FLASH_BANK1_SEC0      00090000   00001000  00000000  00001000  RWIX
  FLASH_BANK1_SEC1      00091000   00001000  00000000  00001000  RWIX
  FLASH_BANK1_SEC2      00092000   00001000  00000000  00001000  RWIX
  FLASH_BANK1_SEC3      00093000   00001000  00000000  00001000  RWIX
  FLASH_BANK1_SEC4      00094000   00001000  00000000  00001000  RWIX
  FLASH_BANK1_SEC5      00095000   00001000  00000000  00001000  RWIX
  FLASH_BANK1_SEC6      00096000   00001000  00000000  00001000  RWIX
  FLASH_BANK1_SEC7      00097000   00001000  00000000  00001000  RWIX
  FLASH_BANK1_SEC8      00098000   00001000  00000000  00001000  RWIX
  FLASH_BANK1_SEC9      00099000   00001000  00000000  00001000  RWIX
  FLASH_BANK1_SEC10     0009a000   00001000  00000000  00001000  RWIX
  BEGIN                 0009b000   00000002  00000002  00000000  RWIX
  FLASH_BANK1_SEC11_15  0009b002   00004ffe  0000268a  00002974  RWIX
  RESET                 003fffc0   00000002  00000000  00000002  RWIX

PAGE 1:
  BOOT_RSVD             00000002   000000f1  00000000  000000f1  RWIX
  RAMM1                 00000400   00000360  00000100  00000260  RWIX
  FLASH_API_ROM_RSVD    00000760   00000020  00000000  00000020  RWIX
  RAMLS5                0000a800   00000800  0000004a  000007b6  RWIX
  RAMLS6                0000b000   00000800  00000000  00000800  RWIX
  RAMLS7                0000b800   00000800  00000000  00000800  RWIX
  RAMGS0                0000c000   00002000  00000000  00002000  RWIX
  RAMGS1                0000e000   00002000  00000000  00002000  RWIX
  RAMGS2                00010000   00002000  00000000  00002000  RWIX
  RAMGS3                00012000   00001ff8  00000000  00001ff8  RWIX


SECTION ALLOCATION MAP

 output                                  attributes/
section   page    origin      length       input sections
--------  ----  ----------  ----------   ----------------
codestart 
*          0    0009b000    00000002     
                  0009b000    00000002     codestartbranch.obj (codestart)

.cinit     0    0009d64c    00000047     
                  0009d64c    00000023     boot.obj (.cinit:_erasedAlready)
                  0009d66f    0000000e     rts2800_fpu32.lib : exit.c.obj (.cinit)
                  0009d67d    0000000a     device.obj (.cinit)
                  0009d687    00000005     rts2800_fpu32.lib : _lock.c.obj (.cinit:__lock)
                  0009d68c    00000005                       : _lock.c.obj (.cinit:__unlock)
                  0009d691    00000002     --HOLE-- [fill = 0]

.reset     0    003fffc0    00000002     DSECT
                  003fffc0    00000002     rts2800_fpu32.lib : boot28.asm.obj (.reset)

.stack     1    00000400    00000100     UNINITIALIZED
                  00000400    00000100     --HOLE--

.pinit     0    0009b004    00000000     UNINITIALIZED

.ebss      1    0000a800    0000004a     UNINITIALIZED
                  0000a800    00000020     boot.obj (.ebss:_erasedAlready)
                  0000a820    0000000a     F021_API_F28004x_FPU32.lib : Init.obj (.ebss)
                  0000a82a    00000008     can_get_function.obj (.ebss:_rxMsgData)
                  0000a832    00000008     can_get_function.obj (.ebss)
                  0000a83a    00000006     rts2800_fpu32.lib : exit.c.obj (.ebss)
                  0000a840    00000004     device.obj (.ebss)
                  0000a844    00000002     rts2800_fpu32.lib : _lock.c.obj (.ebss:__lock)
                  0000a846    00000002                       : _lock.c.obj (.ebss:__unlock)
                  0000a848    00000002     boot.obj (.ebss)

.econst    0    0009d130    00000519     
                  0009d130    000000f0     driverlib_coff.lib : flash.obj (.econst:.string)
                  0009d220    000000ef                        : gpio.obj (.econst:.string)
                  0009d30f    00000001     --HOLE-- [fill = 0]
                  0009d310    000000ef                        : sysctl.obj (.econst:.string)
                  0009d3ff    00000001     --HOLE-- [fill = 0]
                  0009d400    000000ec                        : can.obj (.econst:.string)
                  0009d4ec    0000007c                        : interrupt.obj (.econst:.string)
                  0009d568    00000045     dfu_kernel.obj (.econst:.string)
                  0009d5ad    00000001     --HOLE-- [fill = 0]
                  0009d5ae    00000043     can_get_function.obj (.econst:.string)
                  0009d5f1    00000001     --HOLE-- [fill = 0]
                  0009d5f2    00000040     erase.obj (.econst:_sectAddress)
                  0009d632    00000013     device.obj (.econst:.string)
                  0009d645    00000002     can_get_function.obj (.econst:_$P$T0$1)
                  0009d647    00000002     can_get_function.obj (.econst:_$P$T1$2)

.TI.ramfunc 
*          0    0009cfdc    00000153     RUN ADDR = 00008000
                  0009cfdc    00000044     driverlib_coff.lib : flash.obj (.TI.ramfunc:_Flash_initModule)
                  0009d020    0000002d                        : flash.obj (.TI.ramfunc:_Flash_setBankPowerMode)
                  0009d04d    00000026                        : flash.obj (.TI.ramfunc:_Flash_setWaitstates)
                  0009d073    0000001e                        : flash.obj (.TI.ramfunc:_Flash_setPumpPowerMode)
                  0009d091    0000001d     dfu_kernel.obj (.TI.ramfunc)
                  0009d0ae    0000001a     driverlib_coff.lib : flash.obj (.TI.ramfunc:_Flash_disableCache)
                  0009d0c8    0000001a                        : flash.obj (.TI.ramfunc:_Flash_disablePrefetch)
                  0009d0e2    00000019                        : flash.obj (.TI.ramfunc:_Flash_enableCache)
                  0009d0fb    00000019                        : flash.obj (.TI.ramfunc:_Flash_enablePrefetch)
                  0009d114    00000017                        : flash.obj (.TI.ramfunc:_Flash_enableECC)
                  0009d12b    00000004                        : sysctl.obj (.TI.ramfunc)

.text      0    0009b004    00001fd7     
                  0009b004    00000497     boot.obj (.text)
                  0009b49b    0000037d     can_get_function.obj (.text)
                  0009b818    00000294     F021_API_F28004x_FPU32.lib : FlashStateMachine.obj (.text:__Fapi_setupFlashStateMachine)
                  0009baac    000001e0                                : Program.obj (.text:_Fapi_issueProgrammingCommand)
                  0009bc8c    000001a7     device.obj (.text)
                  0009be33    0000018f     verify.obj (.text)
                  0009bfc2    000000e3     driverlib_coff.lib : can.obj (.text:_CAN_setupMessageObject)
                  0009c0a5    000000b6                        : sysctl.obj (.text:_SysCtl_setClock)
                  0009c15b    000000b2                        : sysctl.obj (.text:_SysCtl_isPLLValid)
                  0009c20d    000000a7     F021_API_F28004x_FPU32.lib : Init.obj (.text:_Fapi_initializeAPI)
                  0009c2b4    00000088     rts2800_fpu32.lib : fs_div28.asm.obj (.text)
                  0009c33c    00000080     F021_API_F28004x_FPU32.lib : Read.obj (.text:__Fapi_loopRegionForValue)
                  0009c3bc    0000007b     driverlib_coff.lib : can.obj (.text:_CAN_sendMessage)
                  0009c437    0000007a                        : sysctl.obj (.text:_DCC_setCounterSeeds)
                  0009c4b1    00000070                        : can.obj (.text:_CAN_readMessage)
                  0009c521    0000006a                        : can.obj (.text:_CAN_setBitTiming)
                  0009c58b    00000064     F021_API_F28004x_FPU32.lib : Async.obj (.text:_Fapi_issueAsyncCommandWithAddress)
                  0009c5ef    00000061     driverlib_coff.lib : can.obj (.text:_CAN_setBitRate)
                  0009c650    0000005c     F021_API_F28004x_FPU32.lib : FlashStateMachine.obj (.text:_Fapi_setupEepromSectorEnable)
                  0009c6ac    0000005b     driverlib_coff.lib : sysctl.obj (.text:_SysCtl_selectOscSource)
                  0009c707    00000056     rts2800_fpu32.lib : boot28.asm.obj (.text)
                  0009c75d    00000055     F021_API_F28004x_FPU32.lib : BlankCheck.obj (.text:_Fapi_doBlankCheck)
                  0009c7b2    00000053     erase.obj (.text)
                  0009c805    00000052     driverlib_coff.lib : dcsm.obj (.text:_DCSM_unlockZone1CSM)
                  0009c857    00000052                        : dcsm.obj (.text:_DCSM_unlockZone2CSM)
                  0009c8a9    00000052                        : gpio.obj (.text:_GPIO_setPadConfig)
                  0009c8fb    00000052     F021_API_F28004x_FPU32.lib : Read.obj (.text:__Fapi_checkRegionForValue)
                  0009c94d    00000051     driverlib_coff.lib : sysctl.obj (.text:_SysCtl_getClock)
                  0009c99e    00000040     dfu_kernel.obj (.text)
                  0009c9de    0000003d     driverlib_coff.lib : interrupt.obj (.text:_Interrupt_initModule)
                  0009ca1b    0000003b                        : gpio.obj (.text:_GPIO_setAnalogMode)
                  0009ca56    0000003a     can_boot.obj (.text)
                  0009ca90    00000037     driverlib_coff.lib : gpio.obj (.text:_GPIO_setPinConfig)
                  0009cac7    00000031                        : gpio.obj (.text:_GPIO_setDirectionMode)
                  0009caf8    00000030     F021_API_F28004x_FPU32.lib : FlashStateMachine.obj (.text:__Fapi_issueFsmCommand)
                  0009cb28    0000002f                                : FlashStateMachine.obj (.text:_Fapi_setActiveFlashBank)
                  0009cb57    0000002c                                : Utilities.obj (.text:_Fapi_calculateFletcherChecksum)
                  0009cb83    0000002b                                : FlashStateMachine.obj (.text:__Fapi_setupSectorsForWrite)
                  0009cbae    0000002a                                : Utilities.obj (.text:__Fapi_divideUnsignedLong)
                  0009cbd8    00000029     rts2800_fpu32.lib : exit.c.obj (.text)
                  0009cc01    00000028     F021_API_F28004x_FPU32.lib : FlashStateMachine.obj (.text:_Fapi_setupBankSectorEnable)
                  0009cc29    00000026     driverlib_coff.lib : sysctl.obj (.text:_SysCtl_pollX1Counter)
                  0009cc4f    00000025                        : sysctl.obj (.text:_DCC_enableSingleShotMode)
                  0009cc74    00000024                        : sysctl.obj (.text:_SysCtl_selectXTAL)
                  0009cc98    00000024     rts2800_fpu32.lib : cpy_tbl.c.obj (.text)
                  0009ccbc    00000023     driverlib_coff.lib : can.obj (.text:_CAN_writeDataReg)
                  0009ccdf    00000023     F021_API_F28004x_FPU32.lib : FlashStateMachine.obj (.text:_Fapi_isAddressEcc)
                  0009cd02    00000022     codestartbranch.obj (.text)
                  0009cd24    00000020     driverlib_coff.lib : interrupt.obj (.text:_Interrupt_initVectorTable)
                  0009cd44    0000001f                        : sysctl.obj (.text:_DCC_setCounter1ClkSource)
                  0009cd63    0000001e                        : can.obj (.text:_CAN_initModule)
                  0009cd81    0000001d                        : sysctl.obj (.text:_DCC_setCounter0ClkSource)
                  0009cd9e    0000001d     rts2800_fpu32.lib : memcpy.c.obj (.text)
                  0009cdbb    0000001b     driverlib_coff.lib : can.obj (.text:_CAN_initRAM)
                  0009cdd6    0000001b                        : can.obj (.text:_CAN_readDataReg)
                  0009cdf1    0000001a                        : sysctl.obj (.text:_SysCtl_getLowSpeedClock)
                  0009ce0b    0000001a                        : sysctl.obj (.text:_SysCtl_selectXTALSingleEnded)
                  0009ce25    00000017                        : sysctl.obj (.text:_DCC_disableDoneSignal)
                  0009ce3c    00000017                        : sysctl.obj (.text:_DCC_enableDoneSignal)
                  0009ce53    00000017                        : sysctl.obj (.text:_SysCtl_enablePeripheral)
                  0009ce6a    00000016                        : sysctl.obj (.text:_DCC_clearDoneFlag)
                  0009ce80    00000016                        : sysctl.obj (.text:_DCC_clearErrorFlag)
                  0009ce96    00000016                        : sysctl.obj (.text:_DCC_disableErrorSignal)
                  0009ceac    00000016                        : sysctl.obj (.text:_DCC_enableErrorSignal)
                  0009cec2    00000015                        : can.obj (.text:_CAN_isBaseValid)
                  0009ced7    00000014                        : sysctl.obj (.text:_DCC_disableModule)
                  0009ceeb    00000014                        : sysctl.obj (.text:_DCC_enableModule)
                  0009ceff    00000014                        : gpio.obj (.text:_GPIO_isPinValid)
                  0009cf13    00000013     F021_API_F28004x_FPU32.lib : Read.obj (.text:_Fapi_flushPipeline)
                  0009cf26    00000012     rts2800_fpu32.lib : args_main.c.obj (.text)
                  0009cf38    00000010     driverlib_coff.lib : sysctl.obj (.text:_DCC_isBaseValid)
                  0009cf48    00000010                        : flash.obj (.text:_Flash_isCtrlBaseValid)
                  0009cf58    00000010                        : flash.obj (.text:_Flash_isECCBaseValid)
                  0009cf68    0000000f     F021_API_F28004x_FPU32.lib : Verify.obj (.text:_Fapi_doVerify)
                  0009cf77    0000000f                                : Utilities.obj (.text:__Fapi_scaleCycleValues)
                  0009cf86    0000000e     driverlib_coff.lib : interrupt.obj (.text:_Interrupt_defaultHandler)
                  0009cf94    0000000d                        : interrupt.obj (.text:_Interrupt_disableMaster)
                  0009cfa1    0000000b     F021_API_F28004x_FPU32.lib : FlashStateMachine.obj (.text:_Fapi_checkFsmForReady)
                  0009cfac    0000000b     driverlib_coff.lib : sysctl.obj (.text:_SysCtl_isMCDClockFailureDetected)
                  0009cfb7    0000000b     F021_API_F28004x_FPU32.lib : Utilities.obj (.text:__Fapi_calculateOtpChecksum)
                  0009cfc2    00000009     rts2800_fpu32.lib : _lock.c.obj (.text)
                  0009cfcb    00000007     driverlib_coff.lib : sysctl.obj (.text:_SysCtl_resetMCD)
                  0009cfd2    00000002     F021_API_F28004x_FPU32.lib : FlashStateMachine.obj (.text:_Fapi_serviceWatchdogTimer)
                  0009cfd4    00000002     driverlib_coff.lib : interrupt.obj (.text:_Interrupt_illegalOperationHandler)
                  0009cfd6    00000002                        : interrupt.obj (.text:_Interrupt_nmiHandler)
                  0009cfd8    00000002     rts2800_fpu32.lib : pre_init.c.obj (.text)
                  0009cfda    00000001                       : startup.c.obj (.text)

MODULE SUMMARY

       Module                  code   initialized data   uninitialized data
       ------                  ----   ----------------   ------------------
    .\
       boot.obj                1175   35                 34                
       can_get_function.obj    893    71                 16                
       verify.obj              399    0                  0                 
       dfu_kernel.obj          122    69                 0                 
       erase.obj               83     64                 0                 
       can_boot.obj            58     0                  0                 
       codestartbranch.obj     36     0                  0                 
    +--+-----------------------+------+------------------+--------------------+
       Total:                  2766   239                50                
                                                                           
    .\device\
       device.obj              423    29                 4                 
    +--+-----------------------+------+------------------+--------------------+
       Total:                  423    29                 4                 
                                                                           
    ../F021_API_F28004x_FPU32.lib
       FlashStateMachine.obj   978    0                  0                 
       Program.obj             480    0                  0                 
       Read.obj                229    0                  0                 
       Init.obj                167    0                  10                
       Utilities.obj           112    0                  0                 
       Async.obj               100    0                  0                 
       BlankCheck.obj          85     0                  0                 
       Verify.obj              15     0                  0                 
    +--+-----------------------+------+------------------+--------------------+
       Total:                  2166   0                  10                
                                                                           
    C:\ti\c2000\C2000Ware_3_04_00_00\driverlib\f28004x\driverlib\ccs\Debug\driverlib_coff.lib
       sysctl.obj              1116   239                0                 
       can.obj                 805    236                0                 
       flash.obj               644    240                0                 
       gpio.obj                265    239                0                 
       interrupt.obj           124    124                0                 
       dcsm.obj                164    0                  0                 
    +--+-----------------------+------+------------------+--------------------+
       Total:                  3118   1078               0                 
                                                                           
    C:\ti\ccs1000\ccs\tools\compiler\ti-cgt-c2000_21.6.0.LTS\lib\rts2800_fpu32.lib
       fs_div28.asm.obj        136    0                  0                 
       boot28.asm.obj          86     0                  0                 
       exit.c.obj              41     14                 6                 
       cpy_tbl.c.obj           36     0                  0                 
       memcpy.c.obj            29     0                  0                 
       _lock.c.obj             9      10                 4                 
       args_main.c.obj         18     0                  0                 
       pre_init.c.obj          2      0                  0                 
       startup.c.obj           1      0                  0                 
    +--+-----------------------+------+------------------+--------------------+
       Total:                  358    24                 10                
                                                                           
       Stack:                  0      0                  256               
    +--+-----------------------+------+------------------+--------------------+
       Grand Total:            8831   1370               330               


GLOBAL DATA SYMBOLS: SORTED BY DATA PAGE

address     data page           name
--------    ----------------    ----
00000400      10 (00000400)     __stack

0000a800     2a0 (0000a800)     _erasedAlready
0000a820     2a0 (0000a800)     _Fapi_GlobalInit
0000a82a     2a0 (0000a800)     _rxMsgData
0000a832     2a0 (0000a800)     _checksum
0000a833     2a0 (0000a800)     _rxMsg
0000a834     2a0 (0000a800)     _txMsg
0000a836     2a0 (0000a800)     _statusCode
0000a83a     2a0 (0000a800)     ___TI_enable_exit_profile_output
0000a83c     2a0 (0000a800)     ___TI_cleanup_ptr
0000a83e     2a0 (0000a800)     ___TI_dtors_ptr

0000a840     2a1 (0000a840)     _Example_PassCount
0000a842     2a1 (0000a840)     _Example_Fail
0000a844     2a1 (0000a840)     __lock
0000a846     2a1 (0000a840)     __unlock
0000a848     2a1 (0000a840)     _getWordData

0009d5f2    2757 (0009d5c0)     _sectAddress


GLOBAL SYMBOLS: SORTED ALPHABETICALLY BY Name 

page  address   name                              
----  -------   ----                              
abs   ffffffff  .text                             
0     0009cbd8  C$$EXIT                           
0     0009c2b4  FS$$DIV                           
0     0009cd63  _CAN_initModule                   
0     0009c4b1  _CAN_readMessage                  
0     0009c3bc  _CAN_sendMessage                  
0     0009c5ef  _CAN_setBitRate                   
0     0009c521  _CAN_setBitTiming                 
0     0009bfc2  _CAN_setupMessageObject           
0     0009c805  _DCSM_unlockZone1CSM              
0     0009c857  _DCSM_unlockZone2CSM              
0     0009bd3f  _Device_enableAllPeripherals      
0     0009bcdd  _Device_init                      
0     0009be1c  _Device_initGPIO                  
0     000080cc  _Error                            
1     0000a842  _Example_Fail                     
1     0000a840  _Example_PassCount                
0     0009cd0c  _ExitBoot                         
1     0000a820  _Fapi_GlobalInit                  
0     0009cb57  _Fapi_calculateFletcherChecksum   
0     0009cfa1  _Fapi_checkFsmForReady            
0     0009c75d  _Fapi_doBlankCheck                
0     0009cf68  _Fapi_doVerify                    
0     0009cf13  _Fapi_flushPipeline               
0     0009c20d  _Fapi_initializeAPI               
0     0009ccdf  _Fapi_isAddressEcc                
0     0009c58b  _Fapi_issueAsyncCommandWithAddress
0     0009baac  _Fapi_issueProgrammingCommand     
0     0009cfd2  _Fapi_serviceWatchdogTimer        
0     0009cb28  _Fapi_setActiveFlashBank          
0     0009cc01  _Fapi_setupBankSectorEnable       
0     0009c650  _Fapi_setupEepromSectorEnable     
0     00008000  _Flash_initModule                 
0     0009ca1b  _GPIO_setAnalogMode               
0     0009cac7  _GPIO_setDirectionMode            
0     0009c8a9  _GPIO_setPadConfig                
0     0009ca90  _GPIO_setPinConfig                
0     0009c9de  _Interrupt_initModule             
0     0009cd24  _Interrupt_initVectorTable        
0     0009d12f  _RamfuncsLoadEnd                  
abs   00000153  _RamfuncsLoadSize                 
0     0009cfdc  _RamfuncsLoadStart                
0     00008153  _RamfuncsRunEnd                   
abs   00000153  _RamfuncsRunSize                  
0     00008000  _RamfuncsRunStart                 
0     0000814f  _SysCtl_delay                     
0     0009c94d  _SysCtl_getClock                  
0     0009cdf1  _SysCtl_getLowSpeedClock          
0     0009c15b  _SysCtl_isPLLValid                
0     0009c6ac  _SysCtl_selectOscSource           
0     0009cc74  _SysCtl_selectXTAL                
0     0009ce0b  _SysCtl_selectXTALSingleEnded     
0     0009c0a5  _SysCtl_setClock                  
0     0009cfb7  __Fapi_calculateOtpChecksum       
0     0009c8fb  __Fapi_checkRegionForValue        
0     0009cbae  __Fapi_divideUnsignedLong         
0     0009caf8  __Fapi_issueFsmCommand            
0     0009c33c  __Fapi_loopRegionForValue         
0     0009cf77  __Fapi_scaleCycleValues           
0     0009cb83  __Fapi_setupSectorsForWrite       
1     00000500  __STACK_END                       
abs   00000100  __STACK_SIZE                      
1     0000a83c  ___TI_cleanup_ptr                 
1     0000a83e  ___TI_dtors_ptr                   
1     0000a83a  ___TI_enable_exit_profile_output  
abs   ffffffff  ___TI_pprof_out_hndl              
abs   ffffffff  ___TI_prof_data_size              
abs   ffffffff  ___TI_prof_data_start             
abs   ffffffff  ___binit__                        
abs   ffffffff  ___c_args__                       
0     0009d64c  ___cinit__                        
0     0009be2c  ___error__                        
abs   ffffffff  ___etext__                        
abs   ffffffff  ___pinit__                        
abs   ffffffff  ___text__                         
0     0009cf26  __args_main                       
1     0000a844  __lock                            
0     0009cfca  __nop                             
0     0009cfc6  __register_lock                   
0     0009cfc2  __register_unlock                 
1     00000400  __stack                           
0     0009cfda  __system_post_cinit               
0     0009cfd8  __system_pre_init                 
1     0000a846  __unlock                          
0     0009cbd8  _abort                            
0     0009c707  _c_int00                          
0     0009ca56  _canBoot                          
0     0009b6a4  _canCheck                         
0     0009b7a2  _canFlush                         
0     0009b54c  _canGetFunction                   
0     0009b62b  _canGetOnlyWordData               
0     0009b6f8  _canGetPacket                     
0     0009b603  _canGetWordData                   
0     0009b653  _canInit                          
0     0009b7f1  _canKeyCheck                      
0     0009b693  _canPinmuxOption                  
0     0009b6d8  _canReadMsg                       
0     0009b7d2  _canSendChecksum                  
0     0009b741  _canSendPacket                    
0     0009b7aa  _canSendWord                      
1     0000a832  _checksum                         
0     0009b004  _copyData                         
0     0009cc98  _copy_in                          
1     0000a800  _erasedAlready                    
0     0009cbda  _exit                             
0     0009b1f0  _findSector                       
0     0009b473  _findSize                         
0     0009b479  _getLongData                      
1     0000a848  _getWordData                      
0     0009c9c2  _initFlashSectors                 
0     0009c9ae  _main                             
0     0009cd9e  _memcpy                           
0     0009b48b  _readReservedFn                   
1     0000a833  _rxMsg                            
1     0000a82a  _rxMsgData                        
0     0009d5f2  _sectAddress                      
0     0009b78b  _sendACK                          
0     0009b774  _sendNAK                          
0     0009c7b2  _sharedErase                      
1     0000a836  _statusCode                       
1     0000a834  _txMsg                            
0     0009be33  _verifyData                       
abs   ffffffff  binit                             
0     0009d64c  cinit                             
0     0009b000  code_start                        
abs   ffffffff  etext                             
abs   ffffffff  pinit                             


GLOBAL SYMBOLS: SORTED BY Symbol Address 

page  address   name                              
----  -------   ----                              
0     00008000  _Flash_initModule                 
0     00008000  _RamfuncsRunStart                 
0     000080cc  _Error                            
0     0000814f  _SysCtl_delay                     
0     00008153  _RamfuncsRunEnd                   
0     0009b000  code_start                        
0     0009b004  _copyData                         
0     0009b1f0  _findSector                       
0     0009b473  _findSize                         
0     0009b479  _getLongData                      
0     0009b48b  _readReservedFn                   
0     0009b54c  _canGetFunction                   
0     0009b603  _canGetWordData                   
0     0009b62b  _canGetOnlyWordData               
0     0009b653  _canInit                          
0     0009b693  _canPinmuxOption                  
0     0009b6a4  _canCheck                         
0     0009b6d8  _canReadMsg                       
0     0009b6f8  _canGetPacket                     
0     0009b741  _canSendPacket                    
0     0009b774  _sendNAK                          
0     0009b78b  _sendACK                          
0     0009b7a2  _canFlush                         
0     0009b7aa  _canSendWord                      
0     0009b7d2  _canSendChecksum                  
0     0009b7f1  _canKeyCheck                      
0     0009baac  _Fapi_issueProgrammingCommand     
0     0009bcdd  _Device_init                      
0     0009bd3f  _Device_enableAllPeripherals      
0     0009be1c  _Device_initGPIO                  
0     0009be2c  ___error__                        
0     0009be33  _verifyData                       
0     0009bfc2  _CAN_setupMessageObject           
0     0009c0a5  _SysCtl_setClock                  
0     0009c15b  _SysCtl_isPLLValid                
0     0009c20d  _Fapi_initializeAPI               
0     0009c2b4  FS$$DIV                           
0     0009c33c  __Fapi_loopRegionForValue         
0     0009c3bc  _CAN_sendMessage                  
0     0009c4b1  _CAN_readMessage                  
0     0009c521  _CAN_setBitTiming                 
0     0009c58b  _Fapi_issueAsyncCommandWithAddress
0     0009c5ef  _CAN_setBitRate                   
0     0009c650  _Fapi_setupEepromSectorEnable     
0     0009c6ac  _SysCtl_selectOscSource           
0     0009c707  _c_int00                          
0     0009c75d  _Fapi_doBlankCheck                
0     0009c7b2  _sharedErase                      
0     0009c805  _DCSM_unlockZone1CSM              
0     0009c857  _DCSM_unlockZone2CSM              
0     0009c8a9  _GPIO_setPadConfig                
0     0009c8fb  __Fapi_checkRegionForValue        
0     0009c94d  _SysCtl_getClock                  
0     0009c9ae  _main                             
0     0009c9c2  _initFlashSectors                 
0     0009c9de  _Interrupt_initModule             
0     0009ca1b  _GPIO_setAnalogMode               
0     0009ca56  _canBoot                          
0     0009ca90  _GPIO_setPinConfig                
0     0009cac7  _GPIO_setDirectionMode            
0     0009caf8  __Fapi_issueFsmCommand            
0     0009cb28  _Fapi_setActiveFlashBank          
0     0009cb57  _Fapi_calculateFletcherChecksum   
0     0009cb83  __Fapi_setupSectorsForWrite       
0     0009cbae  __Fapi_divideUnsignedLong         
0     0009cbd8  C$$EXIT                           
0     0009cbd8  _abort                            
0     0009cbda  _exit                             
0     0009cc01  _Fapi_setupBankSectorEnable       
0     0009cc74  _SysCtl_selectXTAL                
0     0009cc98  _copy_in                          
0     0009ccdf  _Fapi_isAddressEcc                
0     0009cd0c  _ExitBoot                         
0     0009cd24  _Interrupt_initVectorTable        
0     0009cd63  _CAN_initModule                   
0     0009cd9e  _memcpy                           
0     0009cdf1  _SysCtl_getLowSpeedClock          
0     0009ce0b  _SysCtl_selectXTALSingleEnded     
0     0009cf13  _Fapi_flushPipeline               
0     0009cf26  __args_main                       
0     0009cf68  _Fapi_doVerify                    
0     0009cf77  __Fapi_scaleCycleValues           
0     0009cfa1  _Fapi_checkFsmForReady            
0     0009cfb7  __Fapi_calculateOtpChecksum       
0     0009cfc2  __register_unlock                 
0     0009cfc6  __register_lock                   
0     0009cfca  __nop                             
0     0009cfd2  _Fapi_serviceWatchdogTimer        
0     0009cfd8  __system_pre_init                 
0     0009cfda  __system_post_cinit               
0     0009cfdc  _RamfuncsLoadStart                
0     0009d12f  _RamfuncsLoadEnd                  
0     0009d5f2  _sectAddress                      
0     0009d64c  ___cinit__                        
0     0009d64c  cinit                             
1     00000400  __stack                           
1     00000500  __STACK_END                       
1     0000a800  _erasedAlready                    
1     0000a820  _Fapi_GlobalInit                  
1     0000a82a  _rxMsgData                        
1     0000a832  _checksum                         
1     0000a833  _rxMsg                            
1     0000a834  _txMsg                            
1     0000a836  _statusCode                       
1     0000a83a  ___TI_enable_exit_profile_output  
1     0000a83c  ___TI_cleanup_ptr                 
1     0000a83e  ___TI_dtors_ptr                   
1     0000a840  _Example_PassCount                
1     0000a842  _Example_Fail                     
1     0000a844  __lock                            
1     0000a846  __unlock                          
1     0000a848  _getWordData                      
abs   00000100  __STACK_SIZE                      
abs   00000153  _RamfuncsLoadSize                 
abs   00000153  _RamfuncsRunSize                  
abs   ffffffff  .text                             
abs   ffffffff  ___TI_pprof_out_hndl              
abs   ffffffff  ___TI_prof_data_size              
abs   ffffffff  ___TI_prof_data_start             
abs   ffffffff  ___binit__                        
abs   ffffffff  ___c_args__                       
abs   ffffffff  ___etext__                        
abs   ffffffff  ___pinit__                        
abs   ffffffff  ___text__                         
abs   ffffffff  binit                             
abs   ffffffff  etext                             
abs   ffffffff  pinit                             

[127 symbols]
